Archive member included to satisfy reference by file (symbol)

C:/Program Files (x86)/Arm GNU Toolchain arm-none-eabi/14.2 rel1/bin/../lib/gcc/arm-none-eabi/14.2.1/thumb/v7e-m+fp/hard\libgcc.a(_arm_addsubdf3.o)
                              CMakeFiles/chassis_motor.elf.dir/App/uart_command.c.obj (__aeabi_f2d)
C:/Program Files (x86)/Arm GNU Toolchain arm-none-eabi/14.2 rel1/bin/../lib/gcc/arm-none-eabi/14.2.1/thumb/v7e-m+fp/hard\libgcc.a(_aeabi_uldivmod.o)
                              CMakeFiles/chassis_motor.elf.dir/Motor/motor_control.c.obj (__aeabi_uldivmod)
C:/Program Files (x86)/Arm GNU Toolchain arm-none-eabi/14.2 rel1/bin/../lib/gcc/arm-none-eabi/14.2.1/thumb/v7e-m+fp/hard\libgcc.a(_udivmoddi4.o)
                              C:/Program Files (x86)/Arm GNU Toolchain arm-none-eabi/14.2 rel1/bin/../lib/gcc/arm-none-eabi/14.2.1/thumb/v7e-m+fp/hard\libgcc.a(_aeabi_uldivmod.o) (__udivmoddi4)
C:/Program Files (x86)/Arm GNU Toolchain arm-none-eabi/14.2 rel1/bin/../lib/gcc/arm-none-eabi/14.2.1/thumb/v7e-m+fp/hard\libgcc.a(_dvmd_tls.o)
                              C:/Program Files (x86)/Arm GNU Toolchain arm-none-eabi/14.2 rel1/bin/../lib/gcc/arm-none-eabi/14.2.1/thumb/v7e-m+fp/hard\libgcc.a(_aeabi_uldivmod.o) (__aeabi_ldiv0)
C:/Program Files (x86)/Arm GNU Toolchain arm-none-eabi/14.2 rel1/bin/../lib/gcc/arm-none-eabi/14.2.1/thumb/v7e-m+fp/hard\libg_nano.a(libc_a-exit.o)
                              C:/Program Files (x86)/Arm GNU Toolchain arm-none-eabi/14.2 rel1/bin/../lib/gcc/arm-none-eabi/14.2.1/thumb/v7e-m+fp/hard/crt0.o (exit)
C:/Program Files (x86)/Arm GNU Toolchain arm-none-eabi/14.2 rel1/bin/../lib/gcc/arm-none-eabi/14.2.1/thumb/v7e-m+fp/hard\libg_nano.a(libc_a-strtod.o)
                              CMakeFiles/chassis_motor.elf.dir/App/uart_command.c.obj (strtof)
C:/Program Files (x86)/Arm GNU Toolchain arm-none-eabi/14.2 rel1/bin/../lib/gcc/arm-none-eabi/14.2.1/thumb/v7e-m+fp/hard\libg_nano.a(libc_a-strtoul.o)
                              CMakeFiles/chassis_motor.elf.dir/App/uart_command.c.obj (strtoul)
C:/Program Files (x86)/Arm GNU Toolchain arm-none-eabi/14.2 rel1/bin/../lib/gcc/arm-none-eabi/14.2.1/thumb/v7e-m+fp/hard\libg_nano.a(libc_a-ctype_.o)
                              C:/Program Files (x86)/Arm GNU Toolchain arm-none-eabi/14.2 rel1/bin/../lib/gcc/arm-none-eabi/14.2.1/thumb/v7e-m+fp/hard\libg_nano.a(libc_a-strtoul.o) (_ctype_)
C:/Program Files (x86)/Arm GNU Toolchain arm-none-eabi/14.2 rel1/bin/../lib/gcc/arm-none-eabi/14.2.1/thumb/v7e-m+fp/hard\libg_nano.a(libc_a-findfp.o)
                              C:/Program Files (x86)/Arm GNU Toolchain arm-none-eabi/14.2 rel1/bin/../lib/gcc/arm-none-eabi/14.2.1/thumb/v7e-m+fp/hard\libg_nano.a(libc_a-exit.o) (__stdio_exit_handler)
C:/Program Files (x86)/Arm GNU Toolchain arm-none-eabi/14.2 rel1/bin/../lib/gcc/arm-none-eabi/14.2.1/thumb/v7e-m+fp/hard\libg_nano.a(libc_a-fwalk.o)
                              C:/Program Files (x86)/Arm GNU Toolchain arm-none-eabi/14.2 rel1/bin/../lib/gcc/arm-none-eabi/14.2.1/thumb/v7e-m+fp/hard\libg_nano.a(libc_a-findfp.o) (_fwalk_sglue)
C:/Program Files (x86)/Arm GNU Toolchain arm-none-eabi/14.2 rel1/bin/../lib/gcc/arm-none-eabi/14.2.1/thumb/v7e-m+fp/hard\libg_nano.a(libc_a-snprintf.o)
                              CMakeFiles/chassis_motor.elf.dir/App/uart_command.c.obj (snprintf)
C:/Program Files (x86)/Arm GNU Toolchain arm-none-eabi/14.2 rel1/bin/../lib/gcc/arm-none-eabi/14.2.1/thumb/v7e-m+fp/hard\libg_nano.a(libc_a-stdio.o)
                              C:/Program Files (x86)/Arm GNU Toolchain arm-none-eabi/14.2 rel1/bin/../lib/gcc/arm-none-eabi/14.2.1/thumb/v7e-m+fp/hard\libg_nano.a(libc_a-findfp.o) (__sread)
C:/Program Files (x86)/Arm GNU Toolchain arm-none-eabi/14.2 rel1/bin/../lib/gcc/arm-none-eabi/14.2.1/thumb/v7e-m+fp/hard\libg_nano.a(libc_a-memset.o)
                              C:/Program Files (x86)/Arm GNU Toolchain arm-none-eabi/14.2 rel1/bin/../lib/gcc/arm-none-eabi/14.2.1/thumb/v7e-m+fp/hard/crt0.o (memset)
C:/Program Files (x86)/Arm GNU Toolchain arm-none-eabi/14.2 rel1/bin/../lib/gcc/arm-none-eabi/14.2.1/thumb/v7e-m+fp/hard\libg_nano.a(libc_a-strncmp.o)
                              C:/Program Files (x86)/Arm GNU Toolchain arm-none-eabi/14.2 rel1/bin/../lib/gcc/arm-none-eabi/14.2.1/thumb/v7e-m+fp/hard\libg_nano.a(libc_a-strtod.o) (strncmp)
C:/Program Files (x86)/Arm GNU Toolchain arm-none-eabi/14.2 rel1/bin/../lib/gcc/arm-none-eabi/14.2.1/thumb/v7e-m+fp/hard\libg_nano.a(libc_a-strtok.o)
                              CMakeFiles/chassis_motor.elf.dir/App/uart_command.c.obj (strtok)
C:/Program Files (x86)/Arm GNU Toolchain arm-none-eabi/14.2 rel1/bin/../lib/gcc/arm-none-eabi/14.2.1/thumb/v7e-m+fp/hard\libg_nano.a(libc_a-strtok_r.o)
                              C:/Program Files (x86)/Arm GNU Toolchain arm-none-eabi/14.2 rel1/bin/../lib/gcc/arm-none-eabi/14.2.1/thumb/v7e-m+fp/hard\libg_nano.a(libc_a-strtok.o) (__strtok_r)
[...]
Memory Configuration

Name             Origin             Length             Attributes
RAM              0x20000000         0x00050000         xrw
FLASH            0x08000000         0x00010000         xr
*default*        0x00000000         0xffffffff

Linker script and memory map

LOAD C:/Program Files (x86)/Arm GNU Toolchain arm-none-eabi/14.2 rel1/bin/../lib/gcc/arm-none-eabi/14.2.1/thumb/v7e-m+fp/hard/crti.o
LOAD C:/Program Files (x86)/Arm GNU Toolchain arm-none-eabi/14.2 rel1/bin/../lib/gcc/arm-none-eabi/14.2.1/thumb/v7e-m+fp/hard/crtbegin.o
LOAD C:/Program Files (x86)/Arm GNU Toolchain arm-none-eabi/14.2 rel1/bin/../lib/gcc/arm-none-eabi/14.2.1/thumb/v7e-m+fp/hard/crt0.o
LOAD CMakeFiles/chassis_motor.elf.dir/cmake/startup_stm32f750xx.s.obj
LOAD CMakeFiles/chassis_motor.elf.dir/Core/Src/main.c.obj
LOAD CMakeFiles/chassis_motor.elf.dir/Core/Src/gpio.c.obj
LOAD CMakeFiles/chassis_motor.elf.dir/Core/Src/freertos.c.obj
LOAD CMakeFiles/chassis_motor.elf.dir/Core/Src/usart.c.obj
LOAD CMakeFiles/chassis_motor.elf.dir/Core/Src/stm32f7xx_it.c.obj
LOAD CMakeFiles/chassis_motor.elf.dir/Core/Src/stm32f7xx_hal_msp.c.obj
LOAD CMakeFiles/chassis_motor.elf.dir/Core/Src/stm32f7xx_hal_timebase_tim.c.obj
LOAD CMakeFiles/chassis_motor.elf.dir/Core/Src/system_stm32f7xx.c.obj
LOAD CMakeFiles/chassis_motor.elf.dir/App/uart_command.c.obj
LOAD CMakeFiles/chassis_motor.elf.dir/App/servo_action.c.obj
LOAD CMakeFiles/chassis_motor.elf.dir/App/maixcam_link.c.obj
LOAD CMakeFiles/chassis_motor.elf.dir/App/ball_sequence.c.obj
LOAD CMakeFiles/chassis_motor.elf.dir/App/gray_align.c.obj
LOAD CMakeFiles/chassis_motor.elf.dir/App/round_pillar.c.obj
LOAD CMakeFiles/chassis_motor.elf.dir/App/turntable_control.c.obj
LOAD CMakeFiles/chassis_motor.elf.dir/App/warehouse_control.c.obj
LOAD CMakeFiles/chassis_motor.elf.dir/Motor/motor_control.c.obj
LOAD CMakeFiles/chassis_motor.elf.dir/Motor/cangku_motor.c.obj
LOAD CMakeFiles/chassis_motor.elf.dir/Motor/mecanum_kinematics.c.obj
LOAD CMakeFiles/chassis_motor.elf.dir/Motor/motion_control.c.obj
LOAD CMakeFiles/chassis_motor.elf.dir/IMU/jy61p.c.obj
LOAD CMakeFiles/chassis_motor.elf.dir/Drivers/STM32F7xx_HAL_Driver/Src/stm32f7xx_hal.c.obj
LOAD CMakeFiles/chassis_motor.elf.dir/Drivers/STM32F7xx_HAL_Driver/Src/stm32f7xx_hal_cortex.c.obj
LOAD CMakeFiles/chassis_motor.elf.dir/Drivers/STM32F7xx_HAL_Driver/Src/stm32f7xx_hal_dma.c.obj
LOAD CMakeFiles/chassis_motor.elf.dir/Drivers/STM32F7xx_HAL_Driver/Src/stm32f7xx_hal_dma_ex.c.obj
LOAD CMakeFiles/chassis_motor.elf.dir/Drivers/STM32F7xx_HAL_Driver/Src/stm32f7xx_hal_exti.c.obj
LOAD CMakeFiles/chassis_motor.elf.dir/Drivers/STM32F7xx_HAL_Driver/Src/stm32f7xx_hal_flash.c.obj
LOAD CMakeFiles/chassis_motor.elf.dir/Drivers/STM32F7xx_HAL_Driver/Src/stm32f7xx_hal_flash_ex.c.obj
LOAD CMakeFiles/chassis_motor.elf.dir/Drivers/STM32F7xx_HAL_Driver/Src/stm32f7xx_hal_gpio.c.obj
LOAD CMakeFiles/chassis_motor.elf.dir/Drivers/STM32F7xx_HAL_Driver/Src/stm32f7xx_hal_i2c.c.obj
LOAD CMakeFiles/chassis_motor.elf.dir/Drivers/STM32F7xx_HAL_Driver/Src/stm32f7xx_hal_i2c_ex.c.obj
LOAD CMakeFiles/chassis_motor.elf.dir/Drivers/STM32F7xx_HAL_Driver/Src/stm32f7xx_hal_pwr.c.obj
LOAD CMakeFiles/chassis_motor.elf.dir/Drivers/STM32F7xx_HAL_Driver/Src/stm32f7xx_hal_pwr_ex.c.obj
LOAD CMakeFiles/chassis_motor.elf.dir/Drivers/STM32F7xx_HAL_Driver/Src/stm32f7xx_hal_rcc.c.obj
LOAD CMakeFiles/chassis_motor.elf.dir/Drivers/STM32F7xx_HAL_Driver/Src/stm32f7xx_hal_rcc_ex.c.obj
LOAD CMakeFiles/chassis_motor.elf.dir/Drivers/STM32F7xx_HAL_Driver/Src/stm32f7xx_hal_tim.c.obj
LOAD CMakeFiles/chassis_motor.elf.dir/Drivers/STM32F7xx_HAL_Driver/Src/stm32f7xx_hal_tim_ex.c.obj
LOAD CMakeFiles/chassis_motor.elf.dir/Drivers/STM32F7xx_HAL_Driver/Src/stm32f7xx_hal_uart.c.obj
LOAD CMakeFiles/chassis_motor.elf.dir/Drivers/STM32F7xx_HAL_Driver/Src/stm32f7xx_hal_uart_ex.c.obj
LOAD CMakeFiles/chassis_motor.elf.dir/Middlewares/Third_Party/FreeRTOS/Source/croutine.c.obj
LOAD CMakeFiles/chassis_motor.elf.dir/Middlewares/Third_Party/FreeRTOS/Source/event_groups.c.obj
LOAD CMakeFiles/chassis_motor.elf.dir/Middlewares/Third_Party/FreeRTOS/Source/list.c.obj
LOAD CMakeFiles/chassis_motor.elf.dir/Middlewares/Third_Party/FreeRTOS/Source/queue.c.obj
LOAD CMakeFiles/chassis_motor.elf.dir/Middlewares/Third_Party/FreeRTOS/Source/stream_buffer.c.obj
LOAD CMakeFiles/chassis_motor.elf.dir/Middlewares/Third_Party/FreeRTOS/Source/tasks.c.obj
LOAD CMakeFiles/chassis_motor.elf.dir/Middlewares/Third_Party/FreeRTOS/Source/timers.c.obj
LOAD CMakeFiles/chassis_motor.elf.dir/Middlewares/Third_Party/FreeRTOS/Source/CMSIS_RTOS_V2/cmsis_os2.c.obj
LOAD CMakeFiles/chassis_motor.elf.dir/Middlewares/Third_Party/FreeRTOS/Source/portable/MemMang/heap_4.c.obj
LOAD CMakeFiles/chassis_motor.elf.dir/Middlewares/Third_Party/FreeRTOS/Source/portable/GCC/ARM_CM7/r0p1/port.c.obj
START GROUP
LOAD C:/Program Files (x86)/Arm GNU Toolchain arm-none-eabi/14.2 rel1/bin/../lib/gcc/arm-none-eabi/14.2.1/thumb/v7e-m+fp/hard\libgcc.a
LOAD C:/Program Files (x86)/Arm GNU Toolchain arm-none-eabi/14.2 rel1/bin/../lib/gcc/arm-none-eabi/14.2.1/thumb/v7e-m+fp/hard\libg_nano.a
LOAD C:/Program Files (x86)/Arm GNU Toolchain arm-none-eabi/14.2 rel1/bin/../lib/gcc/arm-none-eabi/14.2.1/thumb/v7e-m+fp/hard\libc_nano.a
END GROUP
START GROUP
LOAD C:/Program Files (x86)/Arm GNU Toolchain arm-none-eabi/14.2 rel1/bin/../lib/gcc/arm-none-eabi/14.2.1/thumb/v7e-m+fp/hard\libgcc.a
LOAD C:/Program Files (x86)/Arm GNU Toolchain arm-none-eabi/14.2 rel1/bin/../lib/gcc/arm-none-eabi/14.2.1/thumb/v7e-m+fp/hard\libc_nano.a
LOAD C:/Program Files (x86)/Arm GNU Toolchain arm-none-eabi/14.2 rel1/bin/../lib/gcc/arm-none-eabi/14.2.1/thumb/v7e-m+fp/hard\libnosys.a
END GROUP
START GROUP
LOAD C:/Program Files (x86)/Arm GNU Toolchain arm-none-eabi/14.2 rel1/bin/../lib/gcc/arm-none-eabi/14.2.1/thumb/v7e-m+fp/hard\libgcc.a
LOAD C:/Program Files (x86)/Arm GNU Toolchain arm-none-eabi/14.2 rel1/bin/../lib/gcc/arm-none-eabi/14.2.1/thumb/v7e-m+fp/hard\libc_nano.a
LOAD C:/Program Files (x86)/Arm GNU Toolchain arm-none-eabi/14.2 rel1/bin/../lib/gcc/arm-none-eabi/14.2.1/thumb/v7e-m+fp/hard\libnosys.a
END GROUP
LOAD C:/Program Files (x86)/Arm GNU Toolchain arm-none-eabi/14.2 rel1/bin/../lib/gcc/arm-none-eabi/14.2.1/thumb/v7e-m+fp/hard/crtend.o
LOAD C:/Program Files (x86)/Arm GNU Toolchain arm-none-eabi/14.2 rel1/bin/../lib/gcc/arm-none-eabi/14.2.1/thumb/v7e-m+fp/hard/crtn.o
                0x20050000                        _estack = (ORIGIN (RAM) + LENGTH (RAM))
                0x00000200                        _Min_Heap_Size = 0x200
                0x00000400                        _Min_Stack_Size = 0x400

.isr_vector     0x08000000      0x1c8
                0x08000000                        . = ALIGN (0x4)
 *(.isr_vector)
 .isr_vector    0x08000000      0x1c8 CMakeFiles/chassis_motor.elf.dir/cmake/startup_stm32f750xx.s.obj
                0x08000000                g_pfnVectors
                0x080001c8                        . = ALIGN (0x4)

.text           0x080001d0     0xba3c
                0x080001d0                        . = ALIGN (0x4)
 *(.text)
 .text          0x080001d0      0x378 C:/Program Files (x86)/Arm GNU Toolchain arm-none-eabi/14.2 rel1/bin/../lib/gcc/arm-none-eabi/14.2.1/thumb/v7e-m+fp/hard\libgcc.a(_arm_addsubdf3.o)
                0x080001d0                __aeabi_drsub
                0x080001d8                __aeabi_dsub
                0x080001d8                __subdf3
                0x080001dc                __aeabi_dadd
                0x080001dc                __adddf3
                0x08000454                __floatunsidf
                0x08000454                __aeabi_ui2d
                0x08000474                __floatsidf
                0x08000474                __aeabi_i2d
                0x08000498                __aeabi_f2d
                0x08000498                __extendsfdf2
                0x080004dc                __floatundidf
                0x080004dc                __aeabi_ul2d
                0x080004ec                __floatdidf
                0x080004ec                __aeabi_l2d
 .text          0x08000548       0x30 C:/Program Files (x86)/Arm GNU Toolchain arm-none-eabi/14.2 rel1/bin/../lib/gcc/arm-none-eabi/14.2.1/thumb/v7e-m+fp/hard\libgcc.a(_aeabi_uldivmod.o)
                0x08000548                __aeabi_uldivmod
 .text          0x08000578        0x4 C:/Program Files (x86)/Arm GNU Toolchain arm-none-eabi/14.2 rel1/bin/../lib/gcc/arm-none-eabi/14.2.1/thumb/v7e-m+fp/hard\libgcc.a(_dvmd_tls.o)
                0x08000578                __aeabi_idiv0
                0x08000578                __aeabi_ldiv0
 .text          0x0800057c       0x14 C:/Program Files (x86)/Arm GNU Toolchain arm-none-eabi/14.2 rel1/bin/../lib/gcc/arm-none-eabi/14.2.1/thumb/v7e-m+fp/hard\libg_nano.a(libc_a-strcmp.o)
                0x0800057c                strcmp
 .text          0x08000590       0x10 C:/Program Files (x86)/Arm GNU Toolchain arm-none-eabi/14.2 rel1/bin/../lib/gcc/arm-none-eabi/14.2.1/thumb/v7e-m+fp/hard\libg_nano.a(libc_a-strlen.o)
                0x08000590                strlen
 .text          0x080005a0       0xa0 C:/Program Files (x86)/Arm GNU Toolchain arm-none-eabi/14.2 rel1/bin/../lib/gcc/arm-none-eabi/14.2.1/thumb/v7e-m+fp/hard\libg_nano.a(libc_a-memchr.o)
                0x080005a0                memchr
 .text          0x08000640      0x424 C:/Program Files (x86)/Arm GNU Toolchain arm-none-eabi/14.2 rel1/bin/../lib/gcc/arm-none-eabi/14.2.1/thumb/v7e-m+fp/hard\libgcc.a(_arm_muldivdf3.o)
                0x08000640                __aeabi_dmul
                0x08000640                __muldf3
                0x08000894                __divdf3
                0x08000894                __aeabi_ddiv
 .text          0x08000a64      0x110 C:/Program Files (x86)/Arm GNU Toolchain arm-none-eabi/14.2 rel1/bin/../lib/gcc/arm-none-eabi/14.2.1/thumb/v7e-m+fp/hard\libgcc.a(_arm_cmpdf2.o)
                0x08000a64                __gtdf2
                0x08000a64                __gedf2
                0x08000a6c                __ltdf2
                0x08000a6c                __ledf2
                0x08000a74                __nedf2
                0x08000a74                __eqdf2
                0x08000a74                __cmpdf2
                0x08000af0                __aeabi_cdrcmple
                0x08000b00                __aeabi_cdcmpeq
                0x08000b00                __aeabi_cdcmple
                0x08000b10                __aeabi_dcmpeq
                0x08000b24                __aeabi_dcmplt
                0x08000b38                __aeabi_dcmple
                0x08000b4c                __aeabi_dcmpge
                0x08000b60                __aeabi_dcmpgt
 .text          0x08000b74       0x2c C:/Program Files (x86)/Arm GNU Toolchain arm-none-eabi/14.2 rel1/bin/../lib/gcc/arm-none-eabi/14.2.1/thumb/v7e-m+fp/hard\libgcc.a(_arm_unorddf2.o)
                0x08000b74                __unorddf2
                0x08000b74                __aeabi_dcmpun
 .text          0x08000ba0       0x40 C:/Program Files (x86)/Arm GNU Toolchain arm-none-eabi/14.2 rel1/bin/../lib/gcc/arm-none-eabi/14.2.1/thumb/v7e-m+fp/hard\libgcc.a(_arm_fixunsdfsi.o)
                0x08000ba0                __aeabi_d2uiz
                0x08000ba0                __fixunsdfsi
 .text          0x08000be0       0xa0 C:/Program Files (x86)/Arm GNU Toolchain arm-none-eabi/14.2 rel1/bin/../lib/gcc/arm-none-eabi/14.2.1/thumb/v7e-m+fp/hard\libgcc.a(_arm_truncdfsf2.o)
                0x08000be0                __truncdfsf2
                0x08000be0                __aeabi_d2f
 *(.text*)
 .text.deregister_tm_clones
                0x08000c80       0x1c C:/Program Files (x86)/Arm GNU Toolchain arm-none-eabi/14.2 rel1/bin/../lib/gcc/arm-none-eabi/14.2.1/thumb/v7e-m+fp/hard/crtbegin.o
 .text.register_tm_clones
                0x08000c9c       0x24 C:/Program Files (x86)/Arm GNU Toolchain arm-none-eabi/14.2 rel1/bin/../lib/gcc/arm-none-eabi/14.2.1/thumb/v7e-m+fp/hard/crtbegin.o
 .text.__do_global_dtors_aux
                0x08000cc0       0x28 C:/Program Files (x86)/Arm GNU Toolchain arm-none-eabi/14.2 rel1/bin/../lib/gcc/arm-none-eabi/14.2.1/thumb/v7e-m+fp/hard/crtbegin.o
 .text.frame_dummy
                0x08000ce8       0x24 C:/Program Files (x86)/Arm GNU Toolchain arm-none-eabi/14.2 rel1/bin/../lib/gcc/arm-none-eabi/14.2.1/thumb/v7e-m+fp/hard/crtbegin.o
 .text.Reset_Handler
                0x08000d0c       0x50 CMakeFiles/chassis_motor.elf.dir/cmake/startup_stm32f750xx.s.obj
                0x08000d0c                Reset_Handler
 .text.Default_Handler
                0x08000d5c        0x2 CMakeFiles/chassis_motor.elf.dir/cmake/startup_stm32f750xx.s.obj
                0x08000d5c                RTC_Alarm_IRQHandler
                0x08000d5c                HASH_RNG_IRQHandler
                0x08000d5c                EXTI2_IRQHandler
                0x08000d5c                TIM8_CC_IRQHandler
                0x08000d5c                UART8_IRQHandler
                0x08000d5c                SPI4_IRQHandler
                0x08000d5c                TIM1_CC_IRQHandler
                0x08000d5c                DMA2_Stream5_IRQHandler
                0x08000d5c                DMA1_Stream5_IRQHandler
                0x08000d5c                PVD_IRQHandler
                0x08000d5c                TAMP_STAMP_IRQHandler
                0x08000d5c                CAN2_RX1_IRQHandler
                0x08000d5c                EXTI3_IRQHandler
                0x08000d5c                TIM8_TRG_COM_TIM14_IRQHandler
                0x08000d5c                TIM1_UP_TIM10_IRQHandler
                0x08000d5c                TIM8_UP_TIM13_IRQHandler
                0x08000d5c                I2C3_ER_IRQHandler
                0x08000d5c                EXTI0_IRQHandler
                0x08000d5c                I2C2_EV_IRQHandler
                0x08000d5c                DMA1_Stream2_IRQHandler
                0x08000d5c                CAN1_RX0_IRQHandler
                0x08000d5c                FPU_IRQHandler
                0x08000d5c                OTG_HS_WKUP_IRQHandler
                0x08000d5c                LTDC_ER_IRQHandler
                0x08000d5c                CAN2_SCE_IRQHandler
                0x08000d5c                DMA2_Stream2_IRQHandler
                0x08000d5c                SPI1_IRQHandler
                0x08000d5c                TIM1_BRK_TIM9_IRQHandler
                0x08000d5c                DCMI_IRQHandler
                0x08000d5c                CAN2_RX0_IRQHandler
                0x08000d5c                DMA2_Stream3_IRQHandler
                0x08000d5c                SAI2_IRQHandler
                0x08000d5c                USART6_IRQHandler
                0x08000d5c                USART3_IRQHandler
                0x08000d5c                CRYP_IRQHandler
                0x08000d5c                CAN1_RX1_IRQHandler
                0x08000d5c                DMA2_Stream0_IRQHandler
                0x08000d5c                TIM4_IRQHandler
                0x08000d5c                QUADSPI_IRQHandler
                0x08000d5c                I2C1_EV_IRQHandler
                0x08000d5c                DMA1_Stream6_IRQHandler
                0x08000d5c                DMA1_Stream1_IRQHandler
                0x08000d5c                TIM3_IRQHandler
                0x08000d5c                RCC_IRQHandler
                0x08000d5c                TIM8_BRK_TIM12_IRQHandler
                0x08000d5c                Default_Handler
                0x08000d5c                CEC_IRQHandler
                0x08000d5c                EXTI15_10_IRQHandler
                0x08000d5c                ADC_IRQHandler
                0x08000d5c                DMA1_Stream7_IRQHandler
                0x08000d5c                SPI5_IRQHandler
                0x08000d5c                TIM7_IRQHandler
                0x08000d5c                SDMMC1_IRQHandler
                0x08000d5c                CAN2_TX_IRQHandler
                0x08000d5c                TIM5_IRQHandler
                0x08000d5c                DMA2_Stream7_IRQHandler
                0x08000d5c                I2C3_EV_IRQHandler
                0x08000d5c                EXTI9_5_IRQHandler
                0x08000d5c                RTC_WKUP_IRQHandler
                0x08000d5c                LTDC_IRQHandler
                0x08000d5c                ETH_WKUP_IRQHandler
                0x08000d5c                SPDIF_RX_IRQHandler
                0x08000d5c                SPI2_IRQHandler
                0x08000d5c                OTG_HS_EP1_IN_IRQHandler
                0x08000d5c                DMA1_Stream0_IRQHandler
                0x08000d5c                CAN1_TX_IRQHandler
                0x08000d5c                EXTI4_IRQHandler
                0x08000d5c                ETH_IRQHandler
                0x08000d5c                OTG_HS_EP1_OUT_IRQHandler
                0x08000d5c                WWDG_IRQHandler
                0x08000d5c                SPI6_IRQHandler
                0x08000d5c                I2C4_EV_IRQHandler
                0x08000d5c                TIM2_IRQHandler
                0x08000d5c                OTG_FS_WKUP_IRQHandler
                0x08000d5c                TIM1_TRG_COM_TIM11_IRQHandler
                0x08000d5c                OTG_HS_IRQHandler
                0x08000d5c                DMA2D_IRQHandler
                0x08000d5c                EXTI1_IRQHandler
                0x08000d5c                I2C2_ER_IRQHandler
                0x08000d5c                DMA2_Stream1_IRQHandler
                0x08000d5c                CAN1_SCE_IRQHandler
                0x08000d5c                FLASH_IRQHandler
                0x08000d5c                DMA2_Stream4_IRQHandler
                0x08000d5c                USART1_IRQHandler
                0x08000d5c                OTG_FS_IRQHandler
                0x08000d5c                SPI3_IRQHandler
                0x08000d5c                DMA1_Stream4_IRQHandler
                0x08000d5c                I2C1_ER_IRQHandler
                0x08000d5c                FMC_IRQHandler
                0x08000d5c                LPTIM1_IRQHandler
                0x08000d5c                I2C4_ER_IRQHandler
                0x08000d5c                DMA2_Stream6_IRQHandler
                0x08000d5c                SAI1_IRQHandler
                0x08000d5c                DMA1_Stream3_IRQHandler
 *fill*         0x08000d5e        0x2 
 .text.SystemClock_Config
                0x08000d60       0xa4 CMakeFiles/chassis_motor.elf.dir/Core/Src/main.c.obj
                0x08000d60                SystemClock_Config
 .text.startup.main
                0x08000e04       0x80 CMakeFiles/chassis_motor.elf.dir/Core/Src/main.c.obj
                0x08000e04                main
 .text.HAL_TIM_PeriodElapsedCallback
                0x08000e84       0x14 CMakeFiles/chassis_motor.elf.dir/Core/Src/main.c.obj
                0x08000e84                HAL_TIM_PeriodElapsedCallback
 .text.Error_Handler
                0x08000e98        0x4 CMakeFiles/chassis_motor.elf.dir/Core/Src/main.c.obj
                0x08000e98                Error_Handler
 .text.MX_GPIO_Init
                0x08000e9c       0x90 CMakeFiles/chassis_motor.elf.dir/Core/Src/gpio.c.obj
                0x08000e9c                MX_GPIO_Init
 .text.StartDefaultTask
                0x08000f2c        0xc CMakeFiles/chassis_motor.elf.dir/Core/Src/freertos.c.obj
                0x08000f2c                StartDefaultTask
 .text.StartChassisTask
                0x08000f38      0x290 CMakeFiles/chassis_motor.elf.dir/Core/Src/freertos.c.obj
                0x08000f38                StartChassisTask
 .text.StartUartCommandTask
                0x080011c8       0x18 CMakeFiles/chassis_motor.elf.dir/Core/Src/freertos.c.obj
                0x080011c8                StartUartCommandTask
 .text.MX_FREERTOS_Init
                0x080011e0       0x58 CMakeFiles/chassis_motor.elf.dir/Core/Src/freertos.c.obj
                0x080011e0                MX_FREERTOS_Init
 .text.MX_USART1_UART_Init
                0x08001238       0x3c CMakeFiles/chassis_motor.elf.dir/Core/Src/usart.c.obj
                0x08001238                MX_USART1_UART_Init
 .text.MX_USART6_UART_Init
                0x08001274       0x3c CMakeFiles/chassis_motor.elf.dir/Core/Src/usart.c.obj
                0x08001274                MX_USART6_UART_Init
 .text.MX_USART2_UART_Init
                0x080012b0       0x3c CMakeFiles/chassis_motor.elf.dir/Core/Src/usart.c.obj
                0x080012b0                MX_USART2_UART_Init
 .text.MX_USART3_UART_Init
                0x080012ec       0x3c CMakeFiles/chassis_motor.elf.dir/Core/Src/usart.c.obj
                0x080012ec                MX_USART3_UART_Init
 .text.MX_UART4_Init
                0x08001328       0x3c CMakeFiles/chassis_motor.elf.dir/Core/Src/usart.c.obj
                0x08001328                MX_UART4_Init
 .text.MX_UART5_Init
                0x08001364       0x3c CMakeFiles/chassis_motor.elf.dir/Core/Src/usart.c.obj
                0x08001364                MX_UART5_Init
 .text.MX_UART7_Init
                0x080013a0       0x3c CMakeFiles/chassis_motor.elf.dir/Core/Src/usart.c.obj
                0x080013a0                MX_UART7_Init
 .text.HAL_UART_MspInit
                0x080013dc      0x354 CMakeFiles/chassis_motor.elf.dir/Core/Src/usart.c.obj
                0x080013dc                HAL_UART_MspInit
 .text.NMI_Handler
                0x08001730        0x2 CMakeFiles/chassis_motor.elf.dir/Core/Src/stm32f7xx_it.c.obj
                0x08001730                NMI_Handler
 .text.HardFault_Handler
                0x08001732        0x2 CMakeFiles/chassis_motor.elf.dir/Core/Src/stm32f7xx_it.c.obj
                0x08001732                HardFault_Handler
 .text.MemManage_Handler
                0x08001734        0x2 CMakeFiles/chassis_motor.elf.dir/Core/Src/stm32f7xx_it.c.obj
                0x08001734                MemManage_Handler
 .text.BusFault_Handler
                0x08001736        0x2 CMakeFiles/chassis_motor.elf.dir/Core/Src/stm32f7xx_it.c.obj
                0x08001736                BusFault_Handler
 .text.UsageFault_Handler
                0x08001738        0x2 CMakeFiles/chassis_motor.elf.dir/Core/Src/stm32f7xx_it.c.obj
                0x08001738                UsageFault_Handler
 .text.DebugMon_Handler
                0x0800173a        0x2 CMakeFiles/chassis_motor.elf.dir/Core/Src/stm32f7xx_it.c.obj
                0x0800173a                DebugMon_Handler
 .text.USART2_IRQHandler
                0x0800173c        0xc CMakeFiles/chassis_motor.elf.dir/Core/Src/stm32f7xx_it.c.obj
                0x0800173c                USART2_IRQHandler
 .text.UART4_IRQHandler
                0x08001748        0xc CMakeFiles/chassis_motor.elf.dir/Core/Src/stm32f7xx_it.c.obj
                0x08001748                UART4_IRQHandler
 .text.UART5_IRQHandler
                0x08001754        0xc CMakeFiles/chassis_motor.elf.dir/Core/Src/stm32f7xx_it.c.obj
                0x08001754                UART5_IRQHandler
 .text.UART7_IRQHandler
                0x08001760        0xc CMakeFiles/chassis_motor.elf.dir/Core/Src/stm32f7xx_it.c.obj
                0x08001760                UART7_IRQHandler
 .text.TIM6_DAC_IRQHandler
                0x0800176c        0xc CMakeFiles/chassis_motor.elf.dir/Core/Src/stm32f7xx_it.c.obj
                0x0800176c                TIM6_DAC_IRQHandler
 .text.HAL_MspInit
                0x08001778       0x3c CMakeFiles/chassis_motor.elf.dir/Core/Src/stm32f7xx_hal_msp.c.obj
                0x08001778                HAL_MspInit
 .text.HAL_InitTick
                0x080017b4       0x9c CMakeFiles/chassis_motor.elf.dir/Core/Src/stm32f7xx_hal_timebase_tim.c.obj
                0x080017b4                HAL_InitTick
 .text.SystemInit
                0x08001850       0x14 CMakeFiles/chassis_motor.elf.dir/Core/Src/system_stm32f7xx.c.obj
                0x08001850                SystemInit
 .text.UartCommand_SubmitMotion
                0x08001864       0x70 CMakeFiles/chassis_motor.elf.dir/App/uart_command.c.obj
 .text.UartCommand_Send
                0x080018d4       0x24 CMakeFiles/chassis_motor.elf.dir/App/uart_command.c.obj
 .text.UartCommand_CreateQueues
                0x080018f8       0x28 CMakeFiles/chassis_motor.elf.dir/App/uart_command.c.obj
                0x080018f8                UartCommand_CreateQueues
 .text.UartCommand_Init
                0x08001920       0x2c CMakeFiles/chassis_motor.elf.dir/App/uart_command.c.obj
                0x08001920                UartCommand_Init
 .text.UartCommand_UartRxCpltCallback
                0x0800194c       0xec CMakeFiles/chassis_motor.elf.dir/App/uart_command.c.obj
                0x0800194c                UartCommand_UartRxCpltCallback
 .text.UartCommand_UartErrorCallback
                0x08001a38       0x44 CMakeFiles/chassis_motor.elf.dir/App/uart_command.c.obj
                0x08001a38                UartCommand_UartErrorCallback
 .text.UartCommand_Task
                0x08001a7c      0x514 CMakeFiles/chassis_motor.elf.dir/App/uart_command.c.obj
                0x08001a7c                UartCommand_Task
 .text.ServoAction_ResetParser
                0x08001f90       0x1c CMakeFiles/chassis_motor.elf.dir/App/servo_action.c.obj
 .text.ServoAction_Init
                0x08001fac       0x40 CMakeFiles/chassis_motor.elf.dir/App/servo_action.c.obj
                0x08001fac                ServoAction_Init
 .text.ServoAction_StartGroupNoWait
                0x08001fec       0x54 CMakeFiles/chassis_motor.elf.dir/App/servo_action.c.obj
                0x08001fec                ServoAction_StartGroupNoWait
 .text.ServoAction_RunGroup
                0x08002040       0x5c CMakeFiles/chassis_motor.elf.dir/App/servo_action.c.obj
                0x08002040                ServoAction_RunGroup
 .text.ServoAction_UartRxCpltCallback
                0x0800209c       0xa8 CMakeFiles/chassis_motor.elf.dir/App/servo_action.c.obj
                0x0800209c                ServoAction_UartRxCpltCallback
 .text.ServoAction_UartErrorCallback
                0x08002144       0x34 CMakeFiles/chassis_motor.elf.dir/App/servo_action.c.obj
                0x08002144                ServoAction_UartErrorCallback
 .text.MaixCamLink_ResetLine
                0x08002178       0x1c CMakeFiles/chassis_motor.elf.dir/App/maixcam_link.c.obj
 .text.MaixCamLink_Init
                0x08002194       0x38 CMakeFiles/chassis_motor.elf.dir/App/maixcam_link.c.obj
                0x08002194                MaixCamLink_Init
 .text.MaixCamLink_SendRequest
                0x080021cc       0x54 CMakeFiles/chassis_motor.elf.dir/App/maixcam_link.c.obj
                0x080021cc                MaixCamLink_SendRequest
 .text.MaixCamLink_TakeReply
                0x08002220       0x1c CMakeFiles/chassis_motor.elf.dir/App/maixcam_link.c.obj
                0x08002220                MaixCamLink_TakeReply
 .text.MaixCamLink_UartRxCpltCallback
                0x0800223c       0x8c CMakeFiles/chassis_motor.elf.dir/App/maixcam_link.c.obj
                0x0800223c                MaixCamLink_UartRxCpltCallback
 .text.MaixCamLink_UartErrorCallback
                0x080022c8       0x34 CMakeFiles/chassis_motor.elf.dir/App/maixcam_link.c.obj
                0x080022c8                MaixCamLink_UartErrorCallback
 .text.BallSequence_Init
                0x080022fc       0x1c CMakeFiles/chassis_motor.elf.dir/App/ball_sequence.c.obj
                0x080022fc                BallSequence_Init
 .text.BallSequence_Run
                0x08002318      0x17c CMakeFiles/chassis_motor.elf.dir/App/ball_sequence.c.obj
                0x08002318                BallSequence_Run
 .text.BallSequence_StateName
                0x08002494       0x18 CMakeFiles/chassis_motor.elf.dir/App/ball_sequence.c.obj
                0x08002494                BallSequence_StateName
 .text.GrayAlign_Stop
                0x080024ac       0x24 CMakeFiles/chassis_motor.elf.dir/App/gray_align.c.obj
 .text.GrayAlign_Run
                0x080024d0      0x114 CMakeFiles/chassis_motor.elf.dir/App/gray_align.c.obj
                0x080024d0                GrayAlign_Run
 .text.RoundPillar_TurntableCancelCheck
                0x080025e4       0x10 CMakeFiles/chassis_motor.elf.dir/App/round_pillar.c.obj
 .text.RoundPillar_Stop
                0x080025f4       0x24 CMakeFiles/chassis_motor.elf.dir/App/round_pillar.c.obj
 .text.RoundPillar_CheckStopAndImu
                0x08002618       0x30 CMakeFiles/chassis_motor.elf.dir/App/round_pillar.c.obj
 .text.RoundPillar_WaitSettled.constprop.0
                0x08002648       0x26 CMakeFiles/chassis_motor.elf.dir/App/round_pillar.c.obj
 *fill*         0x0800266e        0x2 
 .text.RoundPillar_Run
                0x08002670      0x260 CMakeFiles/chassis_motor.elf.dir/App/round_pillar.c.obj
                0x08002670                RoundPillar_Run
 .text.Turntable_Init
                0x080028d0       0x34 CMakeFiles/chassis_motor.elf.dir/App/turntable_control.c.obj
                0x080028d0                Turntable_Init
 .text.Turntable_Enable
                0x08002904       0x2c CMakeFiles/chassis_motor.elf.dir/App/turntable_control.c.obj
                0x08002904                Turntable_Enable
 .text.Turntable_MoveOneSlot
                0x08002930       0x44 CMakeFiles/chassis_motor.elf.dir/App/turntable_control.c.obj
                0x08002930                Turntable_MoveOneSlot
 .text.Turntable_WaitComplete
                0x08002974       0x74 CMakeFiles/chassis_motor.elf.dir/App/turntable_control.c.obj
                0x08002974                Turntable_WaitComplete
 .text.Turntable_MoveOneSlotAndWait
                0x080029e8       0x16 CMakeFiles/chassis_motor.elf.dir/App/turntable_control.c.obj
                0x080029e8                Turntable_MoveOneSlotAndWait
 *fill*         0x080029fe        0x2 
 .text.Turntable_Stop
                0x08002a00       0x2c CMakeFiles/chassis_motor.elf.dir/App/turntable_control.c.obj
                0x08002a00                Turntable_Stop
 .text.WarehouseControl_StopRequested
                0x08002a2c       0x10 CMakeFiles/chassis_motor.elf.dir/App/warehouse_control.c.obj
 .text.WarehouseControl_Init
                0x08002a3c       0x54 CMakeFiles/chassis_motor.elf.dir/App/warehouse_control.c.obj
                0x08002a3c                WarehouseControl_Init
 .text.WarehouseControl_HandleActionGroup2Completed
                0x08002a90       0x9c CMakeFiles/chassis_motor.elf.dir/App/warehouse_control.c.obj
                0x08002a90                WarehouseControl_HandleActionGroup2Completed
 .text.WarehouseControl_IsReadyForAction
                0x08002b2c       0x18 CMakeFiles/chassis_motor.elf.dir/App/warehouse_control.c.obj
                0x08002b2c                WarehouseControl_IsReadyForAction
 .text.WarehouseControl_RemainingBallCount
                0x08002b44       0x1c CMakeFiles/chassis_motor.elf.dir/App/warehouse_control.c.obj
                0x08002b44                WarehouseControl_RemainingBallCount
 .text.Motor_Send
                0x08002b60       0x40 CMakeFiles/chassis_motor.elf.dir/Motor/motor_control.c.obj
 .text.Motor_Enable
                0x08002ba0       0x2a CMakeFiles/chassis_motor.elf.dir/Motor/motor_control.c.obj
 *fill*         0x08002bca        0x2 
 .text.Motor_SyncTrigger
                0x08002bcc       0x1c CMakeFiles/chassis_motor.elf.dir/Motor/motor_control.c.obj
 .text.Motor_Stop
                0x08002be8       0x28 CMakeFiles/chassis_motor.elf.dir/Motor/motor_control.c.obj
 .text.Motor_Speed
                0x08002c10       0x54 CMakeFiles/chassis_motor.elf.dir/Motor/motor_control.c.obj
 .text.MotorControl_Init
                0x08002c64       0x1c CMakeFiles/chassis_motor.elf.dir/Motor/motor_control.c.obj
                0x08002c64                MotorControl_Init
 .text.MotorControl_EnableAll
                0x08002c80       0x38 CMakeFiles/chassis_motor.elf.dir/Motor/motor_control.c.obj
                0x08002c80                MotorControl_EnableAll
 .text.MotorControl_StopAll
                0x08002cb8       0x38 CMakeFiles/chassis_motor.elf.dir/Motor/motor_control.c.obj
                0x08002cb8                MotorControl_StopAll
 .text.MotorControl_SetWheelSpeeds
                0x08002cf0       0x4a CMakeFiles/chassis_motor.elf.dir/Motor/motor_control.c.obj
                0x08002cf0                MotorControl_SetWheelSpeeds
 *fill*         0x08002d3a        0x2 
 .text.ZDT_Send
                0x08002d3c       0x44 CMakeFiles/chassis_motor.elf.dir/Motor/cangku_motor.c.obj
 .text.ZDT_SyncTrigger
                0x08002d80       0x1c CMakeFiles/chassis_motor.elf.dir/Motor/cangku_motor.c.obj
 .text.ZDT_Init
                0x08002d9c       0x24 CMakeFiles/chassis_motor.elf.dir/Motor/cangku_motor.c.obj
                0x08002d9c                ZDT_Init
 .text.ZDT_Enable
                0x08002dc0       0x34 CMakeFiles/chassis_motor.elf.dir/Motor/cangku_motor.c.obj
                0x08002dc0                ZDT_Enable
 .text.ZDT_Stop
                0x08002df4       0x34 CMakeFiles/chassis_motor.elf.dir/Motor/cangku_motor.c.obj
                0x08002df4                ZDT_Stop
 .text.ZDT_MoveRelative
                0x08002e28       0x78 CMakeFiles/chassis_motor.elf.dir/Motor/cangku_motor.c.obj
                0x08002e28                ZDT_MoveRelative
 .text.MecanumKinematics_Solve
                0x08002ea0       0x2c CMakeFiles/chassis_motor.elf.dir/Motor/mecanum_kinematics.c.obj
                0x08002ea0                MecanumKinematics_Solve
 .text.MecanumKinematics_DesaturateWithScale
                0x08002ecc       0xd2 CMakeFiles/chassis_motor.elf.dir/Motor/mecanum_kinematics.c.obj
                0x08002ecc                MecanumKinematics_DesaturateWithScale
 *fill*         0x08002f9e        0x2 
 .text.MotionControl_SetBodySpeedWithScale
                0x08002fa0       0xfc CMakeFiles/chassis_motor.elf.dir/Motor/motion_control.c.obj
 .text.MotionControl_HandleStopRequest
                0x0800309c       0x6c CMakeFiles/chassis_motor.elf.dir/Motor/motion_control.c.obj
 .text.Motion_SegmentFail
                0x08003108       0x4c CMakeFiles/chassis_motor.elf.dir/Motor/motion_control.c.obj
 .text.MotionControl_GetHeadingCorrection
                0x08003154       0xb8 CMakeFiles/chassis_motor.elf.dir/Motor/motion_control.c.obj
                0x08003154                MotionControl_GetHeadingCorrection
 .text.MotionControl_SetBodySpeed
                0x0800320c        0x6 CMakeFiles/chassis_motor.elf.dir/Motor/motion_control.c.obj
                0x0800320c                MotionControl_SetBodySpeed
 *fill*         0x08003212        0x2 
 .text.MotionControl_ResetHeadingReference
                0x08003214       0x24 CMakeFiles/chassis_motor.elf.dir/Motor/motion_control.c.obj
                0x08003214                MotionControl_ResetHeadingReference
 .text.MotionControl_Init
                0x08003238       0xe8 CMakeFiles/chassis_motor.elf.dir/Motor/motion_control.c.obj
                0x08003238                MotionControl_Init
 .text.MotionControl_RequestStop
                0x08003320        0xc CMakeFiles/chassis_motor.elf.dir/Motor/motion_control.c.obj
                0x08003320                MotionControl_RequestStop
 .text.MotionControl_ClearStopRequest
                0x0800332c       0x14 CMakeFiles/chassis_motor.elf.dir/Motor/motion_control.c.obj
                0x0800332c                MotionControl_ClearStopRequest
 .text.MotionControl_WasStopped
                0x08003340        0xc CMakeFiles/chassis_motor.elf.dir/Motor/motion_control.c.obj
                0x08003340                MotionControl_WasStopped
 .text.MotionControl_MovePolarSegmentMm
                0x0800334c      0x4c8 CMakeFiles/chassis_motor.elf.dir/Motor/motion_control.c.obj
                0x0800334c                MotionControl_MovePolarSegmentMm
 .text.MotionControl_RotateDeg
                0x08003814      0x2d0 CMakeFiles/chassis_motor.elf.dir/Motor/motion_control.c.obj
                0x08003814                MotionControl_RotateDeg
 .text.MotionControl_PrepareForMove
                0x08003ae4       0x5c CMakeFiles/chassis_motor.elf.dir/Motor/motion_control.c.obj
                0x08003ae4                MotionControl_PrepareForMove
 .text.Jy61P_Init
                0x08003b40       0x9c CMakeFiles/chassis_motor.elf.dir/IMU/jy61p.c.obj
                0x08003b40                Jy61P_Init
 .text.Jy61P_UartErrorCallback
                0x08003bdc       0x44 CMakeFiles/chassis_motor.elf.dir/IMU/jy61p.c.obj
                0x08003bdc                Jy61P_UartErrorCallback
 .text.Jy61P_ReceiveData
                0x08003c20      0x17c CMakeFiles/chassis_motor.elf.dir/IMU/jy61p.c.obj
                0x08003c20                Jy61P_ReceiveData
 .text.Jy61P_UartRxCpltCallback
                0x08003d9c       0x2c CMakeFiles/chassis_motor.elf.dir/IMU/jy61p.c.obj
                0x08003d9c                Jy61P_UartRxCpltCallback
 .text.Jy61P_IsOnline
                0x08003dc8       0x24 CMakeFiles/chassis_motor.elf.dir/IMU/jy61p.c.obj
                0x08003dc8                Jy61P_IsOnline
 .text.Jy61P_WaitData
                0x08003dec       0x30 CMakeFiles/chassis_motor.elf.dir/IMU/jy61p.c.obj
                0x08003dec                Jy61P_WaitData
 .text.Jy61P_ResetContinuousYaw
                0x08003e1c       0x30 CMakeFiles/chassis_motor.elf.dir/IMU/jy61p.c.obj
                0x08003e1c                Jy61P_ResetContinuousYaw
 .text.Jy61P_GetContinuousYaw
                0x08003e4c       0x18 CMakeFiles/chassis_motor.elf.dir/IMU/jy61p.c.obj
                0x08003e4c                Jy61P_GetContinuousYaw
 .text.HAL_UART_RxCpltCallback
                0x08003e64       0x1e CMakeFiles/chassis_motor.elf.dir/IMU/jy61p.c.obj
                0x08003e64                HAL_UART_RxCpltCallback
 .text.HAL_UART_ErrorCallback
                0x08003e82       0x1e CMakeFiles/chassis_motor.elf.dir/IMU/jy61p.c.obj
                0x08003e82                HAL_UART_ErrorCallback
 .text.HAL_Init
                0x08003ea0       0x16 CMakeFiles/chassis_motor.elf.dir/Drivers/STM32F7xx_HAL_Driver/Src/stm32f7xx_hal.c.obj
                0x08003ea0                HAL_Init
 *fill*         0x08003eb6        0x2 
 .text.HAL_IncTick
                0x08003eb8       0x18 CMakeFiles/chassis_motor.elf.dir/Drivers/STM32F7xx_HAL_Driver/Src/stm32f7xx_hal.c.obj
                0x08003eb8                HAL_IncTick
 .text.HAL_GetTick
                0x08003ed0        0xc CMakeFiles/chassis_motor.elf.dir/Drivers/STM32F7xx_HAL_Driver/Src/stm32f7xx_hal.c.obj
                0x08003ed0                HAL_GetTick
 .text.HAL_Delay
                0x08003edc       0x24 CMakeFiles/chassis_motor.elf.dir/Drivers/STM32F7xx_HAL_Driver/Src/stm32f7xx_hal.c.obj
                0x08003edc                HAL_Delay
 .text.HAL_NVIC_SetPriorityGrouping
                0x08003f00       0x24 CMakeFiles/chassis_motor.elf.dir/Drivers/STM32F7xx_HAL_Driver/Src/stm32f7xx_hal_cortex.c.obj
                0x08003f00                HAL_NVIC_SetPriorityGrouping
 .text.HAL_NVIC_SetPriority
                0x08003f24       0x64 CMakeFiles/chassis_motor.elf.dir/Drivers/STM32F7xx_HAL_Driver/Src/stm32f7xx_hal_cortex.c.obj
                0x08003f24                HAL_NVIC_SetPriority
 .text.HAL_NVIC_EnableIRQ
                0x08003f88       0x1c CMakeFiles/chassis_motor.elf.dir/Drivers/STM32F7xx_HAL_Driver/Src/stm32f7xx_hal_cortex.c.obj
                0x08003f88                HAL_NVIC_EnableIRQ
 .text.HAL_MPU_Disable
                0x08003fa4       0x1c CMakeFiles/chassis_motor.elf.dir/Drivers/STM32F7xx_HAL_Driver/Src/stm32f7xx_hal_cortex.c.obj
                0x08003fa4                HAL_MPU_Disable
 .text.HAL_MPU_Enable
                0x08003fc0       0x20 CMakeFiles/chassis_motor.elf.dir/Drivers/STM32F7xx_HAL_Driver/Src/stm32f7xx_hal_cortex.c.obj
                0x08003fc0                HAL_MPU_Enable
 .text.HAL_MPU_ConfigRegion
                0x08003fe0       0x58 CMakeFiles/chassis_motor.elf.dir/Drivers/STM32F7xx_HAL_Driver/Src/stm32f7xx_hal_cortex.c.obj
                0x08003fe0                HAL_MPU_ConfigRegion
 .text.HAL_DMA_Abort
                0x08004038       0x7c CMakeFiles/chassis_motor.elf.dir/Drivers/STM32F7xx_HAL_Driver/Src/stm32f7xx_hal_dma.c.obj
                0x08004038                HAL_DMA_Abort
 .text.HAL_DMA_Abort_IT
                0x080040b4       0x24 CMakeFiles/chassis_motor.elf.dir/Drivers/STM32F7xx_HAL_Driver/Src/stm32f7xx_hal_dma.c.obj
                0x080040b4                HAL_DMA_Abort_IT
 .text.HAL_GPIO_Init
                0x080040d8      0x1c8 CMakeFiles/chassis_motor.elf.dir/Drivers/STM32F7xx_HAL_Driver/Src/stm32f7xx_hal_gpio.c.obj
                0x080040d8                HAL_GPIO_Init
 .text.HAL_GPIO_ReadPin
                0x080042a0        0xc CMakeFiles/chassis_motor.elf.dir/Drivers/STM32F7xx_HAL_Driver/Src/stm32f7xx_hal_gpio.c.obj
                0x080042a0                HAL_GPIO_ReadPin
 .text.HAL_PWREx_EnableOverDrive
                0x080042ac       0x70 CMakeFiles/chassis_motor.elf.dir/Drivers/STM32F7xx_HAL_Driver/Src/stm32f7xx_hal_pwr_ex.c.obj
                0x080042ac                HAL_PWREx_EnableOverDrive
 .text.HAL_RCC_OscConfig
                0x0800431c      0x374 CMakeFiles/chassis_motor.elf.dir/Drivers/STM32F7xx_HAL_Driver/Src/stm32f7xx_hal_rcc.c.obj
                0x0800431c                HAL_RCC_OscConfig
 .text.HAL_RCC_GetSysClockFreq
                0x08004690       0x5c CMakeFiles/chassis_motor.elf.dir/Drivers/STM32F7xx_HAL_Driver/Src/stm32f7xx_hal_rcc.c.obj
                0x08004690                HAL_RCC_GetSysClockFreq
 .text.HAL_RCC_ClockConfig
                0x080046ec      0x13c CMakeFiles/chassis_motor.elf.dir/Drivers/STM32F7xx_HAL_Driver/Src/stm32f7xx_hal_rcc.c.obj
                0x080046ec                HAL_RCC_ClockConfig
 .text.HAL_RCC_GetPCLK1Freq
                0x08004828       0x20 CMakeFiles/chassis_motor.elf.dir/Drivers/STM32F7xx_HAL_Driver/Src/stm32f7xx_hal_rcc.c.obj
                0x08004828                HAL_RCC_GetPCLK1Freq
 .text.HAL_RCC_GetPCLK2Freq
                0x08004848       0x20 CMakeFiles/chassis_motor.elf.dir/Drivers/STM32F7xx_HAL_Driver/Src/stm32f7xx_hal_rcc.c.obj
                0x08004848                HAL_RCC_GetPCLK2Freq
 .text.HAL_RCC_GetClockConfig
                0x08004868       0x3c CMakeFiles/chassis_motor.elf.dir/Drivers/STM32F7xx_HAL_Driver/Src/stm32f7xx_hal_rcc.c.obj
                0x08004868                HAL_RCC_GetClockConfig
 .text.HAL_RCCEx_PeriphCLKConfig
                0x080048a4      0x518 CMakeFiles/chassis_motor.elf.dir/Drivers/STM32F7xx_HAL_Driver/Src/stm32f7xx_hal_rcc_ex.c.obj
                0x080048a4                HAL_RCCEx_PeriphCLKConfig
 .text.HAL_TIM_Base_MspInit
                0x08004dbc        0x2 CMakeFiles/chassis_motor.elf.dir/Drivers/STM32F7xx_HAL_Driver/Src/stm32f7xx_hal_tim.c.obj
                0x08004dbc                HAL_TIM_Base_MspInit
 *fill*         0x08004dbe        0x2 
 .text.HAL_TIM_Base_Start_IT
                0x08004dc0       0x7c CMakeFiles/chassis_motor.elf.dir/Drivers/STM32F7xx_HAL_Driver/Src/stm32f7xx_hal_tim.c.obj
                0x08004dc0                HAL_TIM_Base_Start_IT
 .text.HAL_TIM_OC_DelayElapsedCallback
                0x08004e3c        0x2 CMakeFiles/chassis_motor.elf.dir/Drivers/STM32F7xx_HAL_Driver/Src/stm32f7xx_hal_tim.c.obj
                0x08004e3c                HAL_TIM_OC_DelayElapsedCallback
 .text.HAL_TIM_IC_CaptureCallback
                0x08004e3e        0x2 CMakeFiles/chassis_motor.elf.dir/Drivers/STM32F7xx_HAL_Driver/Src/stm32f7xx_hal_tim.c.obj
                0x08004e3e                HAL_TIM_IC_CaptureCallback
 .text.HAL_TIM_PWM_PulseFinishedCallback
                0x08004e40        0x2 CMakeFiles/chassis_motor.elf.dir/Drivers/STM32F7xx_HAL_Driver/Src/stm32f7xx_hal_tim.c.obj
                0x08004e40                HAL_TIM_PWM_PulseFinishedCallback
 .text.HAL_TIM_TriggerCallback
                0x08004e42        0x2 CMakeFiles/chassis_motor.elf.dir/Drivers/STM32F7xx_HAL_Driver/Src/stm32f7xx_hal_tim.c.obj
                0x08004e42                HAL_TIM_TriggerCallback
 .text.HAL_TIM_IRQHandler
                0x08004e44      0x140 CMakeFiles/chassis_motor.elf.dir/Drivers/STM32F7xx_HAL_Driver/Src/stm32f7xx_hal_tim.c.obj
                0x08004e44                HAL_TIM_IRQHandler
 .text.TIM_Base_SetConfig
                0x08004f84       0xa8 CMakeFiles/chassis_motor.elf.dir/Drivers/STM32F7xx_HAL_Driver/Src/stm32f7xx_hal_tim.c.obj
                0x08004f84                TIM_Base_SetConfig
 .text.HAL_TIM_Base_Init
                0x0800502c       0x60 CMakeFiles/chassis_motor.elf.dir/Drivers/STM32F7xx_HAL_Driver/Src/stm32f7xx_hal_tim.c.obj
                0x0800502c                HAL_TIM_Base_Init
 .text.HAL_TIMEx_CommutCallback
                0x0800508c        0x2 CMakeFiles/chassis_motor.elf.dir/Drivers/STM32F7xx_HAL_Driver/Src/stm32f7xx_hal_tim_ex.c.obj
                0x0800508c                HAL_TIMEx_CommutCallback
 .text.HAL_TIMEx_BreakCallback
                0x0800508e        0x2 CMakeFiles/chassis_motor.elf.dir/Drivers/STM32F7xx_HAL_Driver/Src/stm32f7xx_hal_tim_ex.c.obj
                0x0800508e                HAL_TIMEx_BreakCallback
 .text.HAL_TIMEx_Break2Callback
                0x08005090        0x2 CMakeFiles/chassis_motor.elf.dir/Drivers/STM32F7xx_HAL_Driver/Src/stm32f7xx_hal_tim_ex.c.obj
                0x08005090                HAL_TIMEx_Break2Callback
 .text.UART_EndRxTransfer
                0x08005092       0x50 CMakeFiles/chassis_motor.elf.dir/Drivers/STM32F7xx_HAL_Driver/Src/stm32f7xx_hal_uart.c.obj
 .text.HAL_UART_TxCpltCallback
                0x080050e2        0x2 CMakeFiles/chassis_motor.elf.dir/Drivers/STM32F7xx_HAL_Driver/Src/stm32f7xx_hal_uart.c.obj
                0x080050e2                HAL_UART_TxCpltCallback
 .text.UART_DMAAbortOnError
                0x080050e4       0x10 CMakeFiles/chassis_motor.elf.dir/Drivers/STM32F7xx_HAL_Driver/Src/stm32f7xx_hal_uart.c.obj
 .text.HAL_UARTEx_RxEventCallback
                0x080050f4        0x2 CMakeFiles/chassis_motor.elf.dir/Drivers/STM32F7xx_HAL_Driver/Src/stm32f7xx_hal_uart.c.obj
                0x080050f4                HAL_UARTEx_RxEventCallback
 *fill*         0x080050f6        0x2 
 .text.HAL_UART_IRQHandler
                0x080050f8      0x294 CMakeFiles/chassis_motor.elf.dir/Drivers/STM32F7xx_HAL_Driver/Src/stm32f7xx_hal_uart.c.obj
                0x080050f8                HAL_UART_IRQHandler
 .text.UART_RxISR_8BIT
                0x0800538c       0xc0 CMakeFiles/chassis_motor.elf.dir/Drivers/STM32F7xx_HAL_Driver/Src/stm32f7xx_hal_uart.c.obj
 .text.UART_RxISR_16BIT
                0x0800544c       0xba CMakeFiles/chassis_motor.elf.dir/Drivers/STM32F7xx_HAL_Driver/Src/stm32f7xx_hal_uart.c.obj
 *fill*         0x08005506        0x2 
 .text.UART_SetConfig
                0x08005508      0x1fc CMakeFiles/chassis_motor.elf.dir/Drivers/STM32F7xx_HAL_Driver/Src/stm32f7xx_hal_uart.c.obj
                0x08005508                UART_SetConfig
 .text.UART_AdvFeatureConfig
                0x08005704       0xaa CMakeFiles/chassis_motor.elf.dir/Drivers/STM32F7xx_HAL_Driver/Src/stm32f7xx_hal_uart.c.obj
                0x08005704                UART_AdvFeatureConfig
 .text.UART_WaitOnFlagUntilTimeout
                0x080057ae       0x90 CMakeFiles/chassis_motor.elf.dir/Drivers/STM32F7xx_HAL_Driver/Src/stm32f7xx_hal_uart.c.obj
                0x080057ae                UART_WaitOnFlagUntilTimeout
 .text.HAL_UART_Transmit
                0x0800583e       0xa2 CMakeFiles/chassis_motor.elf.dir/Drivers/STM32F7xx_HAL_Driver/Src/stm32f7xx_hal_uart.c.obj
                0x0800583e                HAL_UART_Transmit
 .text.UART_CheckIdleState
                0x080058e0       0x5e CMakeFiles/chassis_motor.elf.dir/Drivers/STM32F7xx_HAL_Driver/Src/stm32f7xx_hal_uart.c.obj
                0x080058e0                UART_CheckIdleState
 .text.HAL_UART_Init
                0x0800593e       0x5c CMakeFiles/chassis_motor.elf.dir/Drivers/STM32F7xx_HAL_Driver/Src/stm32f7xx_hal_uart.c.obj
                0x0800593e                HAL_UART_Init
 *fill*         0x0800599a        0x2 
 .text.UART_Start_Receive_IT
                0x0800599c       0xb8 CMakeFiles/chassis_motor.elf.dir/Drivers/STM32F7xx_HAL_Driver/Src/stm32f7xx_hal_uart.c.obj
                0x0800599c                UART_Start_Receive_IT
 .text.HAL_UART_Receive_IT
                0x08005a54       0x3a CMakeFiles/chassis_motor.elf.dir/Drivers/STM32F7xx_HAL_Driver/Src/stm32f7xx_hal_uart.c.obj
                0x08005a54                HAL_UART_Receive_IT
 .text.vListInitialise
                0x08005a8e       0x16 CMakeFiles/chassis_motor.elf.dir/Middlewares/Third_Party/FreeRTOS/Source/list.c.obj
                0x08005a8e                vListInitialise
 .text.vListInitialiseItem
                0x08005aa4        0x6 CMakeFiles/chassis_motor.elf.dir/Middlewares/Third_Party/FreeRTOS/Source/list.c.obj
                0x08005aa4                vListInitialiseItem
 .text.vListInsertEnd
                0x08005aaa       0x16 CMakeFiles/chassis_motor.elf.dir/Middlewares/Third_Party/FreeRTOS/Source/list.c.obj
                0x08005aaa                vListInsertEnd
 .text.vListInsert
                0x08005ac0       0x2e CMakeFiles/chassis_motor.elf.dir/Middlewares/Third_Party/FreeRTOS/Source/list.c.obj
                0x08005ac0                vListInsert
 .text.uxListRemove
                0x08005aee       0x20 CMakeFiles/chassis_motor.elf.dir/Middlewares/Third_Party/FreeRTOS/Source/list.c.obj
                0x08005aee                uxListRemove
 .text.prvIsQueueEmpty
                0x08005b0e       0x16 CMakeFiles/chassis_motor.elf.dir/Middlewares/Third_Party/FreeRTOS/Source/queue.c.obj
 .text.prvCopyDataToQueue
                0x08005b24       0x66 CMakeFiles/chassis_motor.elf.dir/Middlewares/Third_Party/FreeRTOS/Source/queue.c.obj
 .text.prvCopyDataFromQueue
                0x08005b8a       0x28 CMakeFiles/chassis_motor.elf.dir/Middlewares/Third_Party/FreeRTOS/Source/queue.c.obj
 .text.prvUnlockQueue
                0x08005bb2       0x6c CMakeFiles/chassis_motor.elf.dir/Middlewares/Third_Party/FreeRTOS/Source/queue.c.obj
 .text.xQueueGenericReset
                0x08005c1e       0x82 CMakeFiles/chassis_motor.elf.dir/Middlewares/Third_Party/FreeRTOS/Source/queue.c.obj
                0x08005c1e                xQueueGenericReset
 .text.xQueueGenericCreateStatic.part.0
                0x08005ca0       0x98 CMakeFiles/chassis_motor.elf.dir/Middlewares/Third_Party/FreeRTOS/Source/queue.c.obj
 .text.xQueueGenericCreateStatic
                0x08005d38       0x28 CMakeFiles/chassis_motor.elf.dir/Middlewares/Third_Party/FreeRTOS/Source/queue.c.obj
                0x08005d38                xQueueGenericCreateStatic
 .text.xQueueGenericCreate
                0x08005d60       0x52 CMakeFiles/chassis_motor.elf.dir/Middlewares/Third_Party/FreeRTOS/Source/queue.c.obj
                0x08005d60                xQueueGenericCreate
 .text.xQueueGenericSend
                0x08005db2      0x174 CMakeFiles/chassis_motor.elf.dir/Middlewares/Third_Party/FreeRTOS/Source/queue.c.obj
                0x08005db2                xQueueGenericSend
 .text.xQueueGenericSendFromISR
                0x08005f26       0xc8 CMakeFiles/chassis_motor.elf.dir/Middlewares/Third_Party/FreeRTOS/Source/queue.c.obj
                0x08005f26                xQueueGenericSendFromISR
 .text.xQueueReceive
                0x08005fee      0x14a CMakeFiles/chassis_motor.elf.dir/Middlewares/Third_Party/FreeRTOS/Source/queue.c.obj
                0x08005fee                xQueueReceive
 .text.uxQueueMessagesWaiting
                0x08006138       0x2a CMakeFiles/chassis_motor.elf.dir/Middlewares/Third_Party/FreeRTOS/Source/queue.c.obj
                0x08006138                uxQueueMessagesWaiting
 *fill*         0x08006162        0x2 
 .text.vQueueAddToRegistry
                0x08006164       0x24 CMakeFiles/chassis_motor.elf.dir/Middlewares/Third_Party/FreeRTOS/Source/queue.c.obj
                0x08006164                vQueueAddToRegistry
 .text.vQueueWaitForMessageRestricted
                0x08006188       0x46 CMakeFiles/chassis_motor.elf.dir/Middlewares/Third_Party/FreeRTOS/Source/queue.c.obj
                0x08006188                vQueueWaitForMessageRestricted
 *fill*         0x080061ce        0x2 
 .text.prvAddNewTaskToReadyList
                0x080061d0       0xfc CMakeFiles/chassis_motor.elf.dir/Middlewares/Third_Party/FreeRTOS/Source/tasks.c.obj
 .text.prvAddCurrentTaskToDelayedList
                0x080062cc       0x70 CMakeFiles/chassis_motor.elf.dir/Middlewares/Third_Party/FreeRTOS/Source/tasks.c.obj
 .text.prvResetNextTaskUnblockTime
                0x0800633c       0x24 CMakeFiles/chassis_motor.elf.dir/Middlewares/Third_Party/FreeRTOS/Source/tasks.c.obj
 .text.prvDeleteTCB
                0x08006360       0x3a CMakeFiles/chassis_motor.elf.dir/Middlewares/Third_Party/FreeRTOS/Source/tasks.c.obj
 *fill*         0x0800639a        0x2 
 .text.prvIdleTask
                0x0800639c       0x60 CMakeFiles/chassis_motor.elf.dir/Middlewares/Third_Party/FreeRTOS/Source/tasks.c.obj
 .text.prvInitialiseNewTask.constprop.0
                0x080063fc       0x96 CMakeFiles/chassis_motor.elf.dir/Middlewares/Third_Party/FreeRTOS/Source/tasks.c.obj
 .text.xTaskCreateStatic
                0x08006492       0x7c CMakeFiles/chassis_motor.elf.dir/Middlewares/Third_Party/FreeRTOS/Source/tasks.c.obj
                0x08006492                xTaskCreateStatic
 .text.xTaskCreate
                0x0800650e       0x5c CMakeFiles/chassis_motor.elf.dir/Middlewares/Third_Party/FreeRTOS/Source/tasks.c.obj
                0x0800650e                xTaskCreate
 *fill*         0x0800656a        0x2 
 .text.vTaskStartScheduler
                0x0800656c       0x94 CMakeFiles/chassis_motor.elf.dir/Middlewares/Third_Party/FreeRTOS/Source/tasks.c.obj
                0x0800656c                vTaskStartScheduler
 .text.vTaskSuspendAll
                0x08006600       0x10 CMakeFiles/chassis_motor.elf.dir/Middlewares/Third_Party/FreeRTOS/Source/tasks.c.obj
                0x08006600                vTaskSuspendAll
 .text.xTaskGetTickCount
                0x08006610        0xc CMakeFiles/chassis_motor.elf.dir/Middlewares/Third_Party/FreeRTOS/Source/tasks.c.obj
                0x08006610                xTaskGetTickCount
 .text.xTaskIncrementTick
                0x0800661c      0x134 CMakeFiles/chassis_motor.elf.dir/Middlewares/Third_Party/FreeRTOS/Source/tasks.c.obj
                0x0800661c                xTaskIncrementTick
 .text.xTaskResumeAll
                0x08006750       0xec CMakeFiles/chassis_motor.elf.dir/Middlewares/Third_Party/FreeRTOS/Source/tasks.c.obj
                0x08006750                xTaskResumeAll
 .text.vTaskDelay
                0x0800683c       0x4c CMakeFiles/chassis_motor.elf.dir/Middlewares/Third_Party/FreeRTOS/Source/tasks.c.obj
                0x0800683c                vTaskDelay
 .text.vTaskSwitchContext
                0x08006888       0x70 CMakeFiles/chassis_motor.elf.dir/Middlewares/Third_Party/FreeRTOS/Source/tasks.c.obj
                0x08006888                vTaskSwitchContext
 .text.vTaskPlaceOnEventList
                0x080068f8       0x38 CMakeFiles/chassis_motor.elf.dir/Middlewares/Third_Party/FreeRTOS/Source/tasks.c.obj
                0x080068f8                vTaskPlaceOnEventList
 .text.vTaskPlaceOnEventListRestricted
                0x08006930       0x40 CMakeFiles/chassis_motor.elf.dir/Middlewares/Third_Party/FreeRTOS/Source/tasks.c.obj
                0x08006930                vTaskPlaceOnEventListRestricted
 .text.xTaskRemoveFromEventList
                0x08006970       0x88 CMakeFiles/chassis_motor.elf.dir/Middlewares/Third_Party/FreeRTOS/Source/tasks.c.obj
                0x08006970                xTaskRemoveFromEventList
 .text.vTaskInternalSetTimeOutState
                0x080069f8       0x18 CMakeFiles/chassis_motor.elf.dir/Middlewares/Third_Party/FreeRTOS/Source/tasks.c.obj
                0x080069f8                vTaskInternalSetTimeOutState
 .text.xTaskCheckForTimeOut
                0x08006a10       0x80 CMakeFiles/chassis_motor.elf.dir/Middlewares/Third_Party/FreeRTOS/Source/tasks.c.obj
                0x08006a10                xTaskCheckForTimeOut
 .text.vTaskMissedYield
                0x08006a90        0xc CMakeFiles/chassis_motor.elf.dir/Middlewares/Third_Party/FreeRTOS/Source/tasks.c.obj
                0x08006a90                vTaskMissedYield
 .text.xTaskGetSchedulerState
                0x08006a9c       0x20 CMakeFiles/chassis_motor.elf.dir/Middlewares/Third_Party/FreeRTOS/Source/tasks.c.obj
                0x08006a9c                xTaskGetSchedulerState
 .text.xTaskPriorityDisinherit
                0x08006abc       0x8c CMakeFiles/chassis_motor.elf.dir/Middlewares/Third_Party/FreeRTOS/Source/tasks.c.obj
                0x08006abc                xTaskPriorityDisinherit
 .text.prvInsertTimerInActiveList
                0x08006b48       0x3c CMakeFiles/chassis_motor.elf.dir/Middlewares/Third_Party/FreeRTOS/Source/timers.c.obj
 .text.prvCheckForValidListAndQueue
                0x08006b84       0x68 CMakeFiles/chassis_motor.elf.dir/Middlewares/Third_Party/FreeRTOS/Source/timers.c.obj
 .text.xTimerCreateTimerTask
                0x08006bec       0x68 CMakeFiles/chassis_motor.elf.dir/Middlewares/Third_Party/FreeRTOS/Source/timers.c.obj
                0x08006bec                xTimerCreateTimerTask
 .text.xTimerGenericCommand
                0x08006c54       0x5c CMakeFiles/chassis_motor.elf.dir/Middlewares/Third_Party/FreeRTOS/Source/timers.c.obj
                0x08006c54                xTimerGenericCommand
 .text.prvSwitchTimerLists
                0x08006cb0       0x78 CMakeFiles/chassis_motor.elf.dir/Middlewares/Third_Party/FreeRTOS/Source/timers.c.obj
 .text.prvTimerTask
                0x08006d28      0x1fc CMakeFiles/chassis_motor.elf.dir/Middlewares/Third_Party/FreeRTOS/Source/timers.c.obj
 .text.osKernelInitialize
                0x08006f24       0x34 CMakeFiles/chassis_motor.elf.dir/Middlewares/Third_Party/FreeRTOS/Source/CMSIS_RTOS_V2/cmsis_os2.c.obj
                0x08006f24                osKernelInitialize
 .text.osKernelStart
                0x08006f58       0x40 CMakeFiles/chassis_motor.elf.dir/Middlewares/Third_Party/FreeRTOS/Source/CMSIS_RTOS_V2/cmsis_os2.c.obj
                0x08006f58                osKernelStart
 .text.osThreadNew
                0x08006f98       0xa4 CMakeFiles/chassis_motor.elf.dir/Middlewares/Third_Party/FreeRTOS/Source/CMSIS_RTOS_V2/cmsis_os2.c.obj
                0x08006f98                osThreadNew
 .text.osDelay  0x0800703c       0x30 CMakeFiles/chassis_motor.elf.dir/Middlewares/Third_Party/FreeRTOS/Source/CMSIS_RTOS_V2/cmsis_os2.c.obj
                0x0800703c                osDelay
 .text.vApplicationGetIdleTaskMemory
                0x0800706c       0x18 CMakeFiles/chassis_motor.elf.dir/Middlewares/Third_Party/FreeRTOS/Source/CMSIS_RTOS_V2/cmsis_os2.c.obj
                0x0800706c                vApplicationGetIdleTaskMemory
 .text.vApplicationGetTimerTaskMemory
                0x08007084       0x18 CMakeFiles/chassis_motor.elf.dir/Middlewares/Third_Party/FreeRTOS/Source/CMSIS_RTOS_V2/cmsis_os2.c.obj
                0x08007084                vApplicationGetTimerTaskMemory
 .text.prvInsertBlockIntoFreeList
                0x0800709c       0x4c CMakeFiles/chassis_motor.elf.dir/Middlewares/Third_Party/FreeRTOS/Source/portable/MemMang/heap_4.c.obj
 .text.pvPortMalloc
                0x080070e8      0x128 CMakeFiles/chassis_motor.elf.dir/Middlewares/Third_Party/FreeRTOS/Source/portable/MemMang/heap_4.c.obj
                0x080070e8                pvPortMalloc
 .text.vPortFree
                0x08007210       0x78 CMakeFiles/chassis_motor.elf.dir/Middlewares/Third_Party/FreeRTOS/Source/portable/MemMang/heap_4.c.obj
                0x08007210                vPortFree
 .text.prvPortStartFirstTask
                0x08007288       0x28 CMakeFiles/chassis_motor.elf.dir/Middlewares/Third_Party/FreeRTOS/Source/portable/GCC/ARM_CM7/r0p1/port.c.obj
 .text.vPortEnableVFP
                0x080072b0       0x14 CMakeFiles/chassis_motor.elf.dir/Middlewares/Third_Party/FreeRTOS/Source/portable/GCC/ARM_CM7/r0p1/port.c.obj
 .text.prvTaskExitError
                0x080072c4       0x48 CMakeFiles/chassis_motor.elf.dir/Middlewares/Third_Party/FreeRTOS/Source/portable/GCC/ARM_CM7/r0p1/port.c.obj
 .text.pxPortInitialiseStack
                0x0800730c       0x24 CMakeFiles/chassis_motor.elf.dir/Middlewares/Third_Party/FreeRTOS/Source/portable/GCC/ARM_CM7/r0p1/port.c.obj
                0x0800730c                pxPortInitialiseStack
 .text.SVC_Handler
                0x08007330       0x24 CMakeFiles/chassis_motor.elf.dir/Middlewares/Third_Party/FreeRTOS/Source/portable/GCC/ARM_CM7/r0p1/port.c.obj
                0x08007330                SVC_Handler
 .text.vPortEnterCritical
                0x08007354       0x48 CMakeFiles/chassis_motor.elf.dir/Middlewares/Third_Party/FreeRTOS/Source/portable/GCC/ARM_CM7/r0p1/port.c.obj
                0x08007354                vPortEnterCritical
 .text.vPortExitCritical
                0x0800739c       0x2c CMakeFiles/chassis_motor.elf.dir/Middlewares/Third_Party/FreeRTOS/Source/portable/GCC/ARM_CM7/r0p1/port.c.obj
                0x0800739c                vPortExitCritical
 *fill*         0x080073c8        0x8 
 .text.PendSV_Handler
                0x080073d0       0x64 CMakeFiles/chassis_motor.elf.dir/Middlewares/Third_Party/FreeRTOS/Source/portable/GCC/ARM_CM7/r0p1/port.c.obj
                0x080073d0                PendSV_Handler
 .text.SysTick_Handler
                0x08007434       0x30 CMakeFiles/chassis_motor.elf.dir/Middlewares/Third_Party/FreeRTOS/Source/portable/GCC/ARM_CM7/r0p1/port.c.obj
                0x08007434                SysTick_Handler
 .text.vPortSetupTimerInterrupt
                0x08007464       0x24 CMakeFiles/chassis_motor.elf.dir/Middlewares/Third_Party/FreeRTOS/Source/portable/GCC/ARM_CM7/r0p1/port.c.obj
                0x08007464                vPortSetupTimerInterrupt
 .text.xPortStartScheduler
                0x08007488       0xc4 CMakeFiles/chassis_motor.elf.dir/Middlewares/Third_Party/FreeRTOS/Source/portable/GCC/ARM_CM7/r0p1/port.c.obj
                0x08007488                xPortStartScheduler
 .text.vPortValidateInterruptPriority
                0x0800754c       0x64 CMakeFiles/chassis_motor.elf.dir/Middlewares/Third_Party/FreeRTOS/Source/portable/GCC/ARM_CM7/r0p1/port.c.obj
                0x0800754c                vPortValidateInterruptPriority
 .text.__udivmoddi4
                0x080075b0      0x2f8 C:/Program Files (x86)/Arm GNU Toolchain arm-none-eabi/14.2 rel1/bin/../lib/gcc/arm-none-eabi/14.2.1/thumb/v7e-m+fp/hard\libgcc.a(_udivmoddi4.o)
                0x080075b0                __udivmoddi4
 .text.sulp     0x080078a8       0x3c C:/Program Files (x86)/Arm GNU Toolchain arm-none-eabi/14.2 rel1/bin/../lib/gcc/arm-none-eabi/14.2.1/thumb/v7e-m+fp/hard\libg_nano.a(libc_a-strtod.o)
 *fill*         0x080078e4        0x4 
 .text._strtod_l
                0x080078e8      0xbb8 C:/Program Files (x86)/Arm GNU Toolchain arm-none-eabi/14.2 rel1/bin/../lib/gcc/arm-none-eabi/14.2.1/thumb/v7e-m+fp/hard\libg_nano.a(libc_a-strtod.o)
                0x080078e8                _strtod_l
 .text.strtof   0x080084a0       0xc8 C:/Program Files (x86)/Arm GNU Toolchain arm-none-eabi/14.2 rel1/bin/../lib/gcc/arm-none-eabi/14.2.1/thumb/v7e-m+fp/hard\libg_nano.a(libc_a-strtod.o)
                0x080084a0                strtof
 .text._strtoul_l.isra.0
                0x08008568       0xdc C:/Program Files (x86)/Arm GNU Toolchain arm-none-eabi/14.2 rel1/bin/../lib/gcc/arm-none-eabi/14.2.1/thumb/v7e-m+fp/hard\libg_nano.a(libc_a-strtoul.o)
 .text.strtoul  0x08008644       0x14 C:/Program Files (x86)/Arm GNU Toolchain arm-none-eabi/14.2 rel1/bin/../lib/gcc/arm-none-eabi/14.2.1/thumb/v7e-m+fp/hard\libg_nano.a(libc_a-strtoul.o)
                0x08008644                strtoul
 .text.std      0x08008658       0x6c C:/Program Files (x86)/Arm GNU Toolchain arm-none-eabi/14.2 rel1/bin/../lib/gcc/arm-none-eabi/14.2.1/thumb/v7e-m+fp/hard\libg_nano.a(libc_a-findfp.o)
 .text.stdio_exit_handler
                0x080086c4       0x18 C:/Program Files (x86)/Arm GNU Toolchain arm-none-eabi/14.2 rel1/bin/../lib/gcc/arm-none-eabi/14.2.1/thumb/v7e-m+fp/hard\libg_nano.a(libc_a-findfp.o)
 .text.cleanup_stdio
                0x080086dc       0x40 C:/Program Files (x86)/Arm GNU Toolchain arm-none-eabi/14.2 rel1/bin/../lib/gcc/arm-none-eabi/14.2.1/thumb/v7e-m+fp/hard\libg_nano.a(libc_a-findfp.o)
 .text.global_stdio_init.part.0
                0x0800871c       0x40 C:/Program Files (x86)/Arm GNU Toolchain arm-none-eabi/14.2 rel1/bin/../lib/gcc/arm-none-eabi/14.2.1/thumb/v7e-m+fp/hard\libg_nano.a(libc_a-findfp.o)
 .text.__sfp_lock_acquire
                0x0800875c        0xc C:/Program Files (x86)/Arm GNU Toolchain arm-none-eabi/14.2 rel1/bin/../lib/gcc/arm-none-eabi/14.2.1/thumb/v7e-m+fp/hard\libg_nano.a(libc_a-findfp.o)
                0x0800875c                __sfp_lock_acquire
 .text.__sfp_lock_release
                0x08008768        0xc C:/Program Files (x86)/Arm GNU Toolchain arm-none-eabi/14.2 rel1/bin/../lib/gcc/arm-none-eabi/14.2.1/thumb/v7e-m+fp/hard\libg_nano.a(libc_a-findfp.o)
                0x08008768                __sfp_lock_release
 .text.__sinit  0x08008774       0x30 C:/Program Files (x86)/Arm GNU Toolchain arm-none-eabi/14.2 rel1/bin/../lib/gcc/arm-none-eabi/14.2.1/thumb/v7e-m+fp/hard\libg_nano.a(libc_a-findfp.o)
                0x08008774                __sinit
 .text._fwalk_sglue
                0x080087a4       0x3c C:/Program Files (x86)/Arm GNU Toolchain arm-none-eabi/14.2 rel1/bin/../lib/gcc/arm-none-eabi/14.2.1/thumb/v7e-m+fp/hard\libg_nano.a(libc_a-fwalk.o)
                0x080087a4                _fwalk_sglue
 .text.snprintf
                0x080087e0       0x6c C:/Program Files (x86)/Arm GNU Toolchain arm-none-eabi/14.2 rel1/bin/../lib/gcc/arm-none-eabi/14.2.1/thumb/v7e-m+fp/hard\libg_nano.a(libc_a-snprintf.o)
                0x080087e0                sniprintf
                0x080087e0                snprintf
 .text.__sread  0x0800884c       0x22 C:/Program Files (x86)/Arm GNU Toolchain arm-none-eabi/14.2 rel1/bin/../lib/gcc/arm-none-eabi/14.2.1/thumb/v7e-m+fp/hard\libg_nano.a(libc_a-stdio.o)
                0x0800884c                __sread
 .text.__swrite
                0x0800886e       0x38 C:/Program Files (x86)/Arm GNU Toolchain arm-none-eabi/14.2 rel1/bin/../lib/gcc/arm-none-eabi/14.2.1/thumb/v7e-m+fp/hard\libg_nano.a(libc_a-stdio.o)
                0x0800886e                __swrite
 .text.__sseek  0x080088a6       0x26 C:/Program Files (x86)/Arm GNU Toolchain arm-none-eabi/14.2 rel1/bin/../lib/gcc/arm-none-eabi/14.2.1/thumb/v7e-m+fp/hard\libg_nano.a(libc_a-stdio.o)
                0x080088a6                __sseek
 .text.__sclose
                0x080088cc        0x8 C:/Program Files (x86)/Arm GNU Toolchain arm-none-eabi/14.2 rel1/bin/../lib/gcc/arm-none-eabi/14.2.1/thumb/v7e-m+fp/hard\libg_nano.a(libc_a-stdio.o)
                0x080088cc                __sclose
 .text.memset   0x080088d4       0x10 C:/Program Files (x86)/Arm GNU Toolchain arm-none-eabi/14.2 rel1/bin/../lib/gcc/arm-none-eabi/14.2.1/thumb/v7e-m+fp/hard\libg_nano.a(libc_a-memset.o)
                0x080088d4                memset
 .text.strncmp  0x080088e4       0x24 C:/Program Files (x86)/Arm GNU Toolchain arm-none-eabi/14.2 rel1/bin/../lib/gcc/arm-none-eabi/14.2.1/thumb/v7e-m+fp/hard\libg_nano.a(libc_a-strncmp.o)
                0x080088e4                strncmp
 .text.strtok   0x08008908       0x68 C:/Program Files (x86)/Arm GNU Toolchain arm-none-eabi/14.2 rel1/bin/../lib/gcc/arm-none-eabi/14.2.1/thumb/v7e-m+fp/hard\libg_nano.a(libc_a-strtok.o)
                0x08008908                strtok
 .text.__strtok_r
                0x08008970       0x50 C:/Program Files (x86)/Arm GNU Toolchain arm-none-eabi/14.2 rel1/bin/../lib/gcc/arm-none-eabi/14.2.1/thumb/v7e-m+fp/hard\libg_nano.a(libc_a-strtok_r.o)
                0x08008970                __strtok_r
 .text._close_r
                0x080089c0       0x20 C:/Program Files (x86)/Arm GNU Toolchain arm-none-eabi/14.2 rel1/bin/../lib/gcc/arm-none-eabi/14.2.1/thumb/v7e-m+fp/hard\libg_nano.a(libc_a-closer.o)
                0x080089c0                _close_r
 .text._lseek_r
                0x080089e0       0x24 C:/Program Files (x86)/Arm GNU Toolchain arm-none-eabi/14.2 rel1/bin/../lib/gcc/arm-none-eabi/14.2.1/thumb/v7e-m+fp/hard\libg_nano.a(libc_a-lseekr.o)
                0x080089e0                _lseek_r
 .text._read_r  0x08008a04       0x24 C:/Program Files (x86)/Arm GNU Toolchain arm-none-eabi/14.2 rel1/bin/../lib/gcc/arm-none-eabi/14.2.1/thumb/v7e-m+fp/hard\libg_nano.a(libc_a-readr.o)
                0x08008a04                _read_r
 .text._write_r
                0x08008a28       0x24 C:/Program Files (x86)/Arm GNU Toolchain arm-none-eabi/14.2 rel1/bin/../lib/gcc/arm-none-eabi/14.2.1/thumb/v7e-m+fp/hard\libg_nano.a(libc_a-writer.o)
                0x08008a28                _write_r
 .text.__errno  0x08008a4c        0xc C:/Program Files (x86)/Arm GNU Toolchain arm-none-eabi/14.2 rel1/bin/../lib/gcc/arm-none-eabi/14.2.1/thumb/v7e-m+fp/hard\libg_nano.a(libc_a-errno.o)
                0x08008a4c                __errno
 .text.__libc_init_array
                0x08008a58       0x48 C:/Program Files (x86)/Arm GNU Toolchain arm-none-eabi/14.2 rel1/bin/../lib/gcc/arm-none-eabi/14.2.1/thumb/v7e-m+fp/hard\libg_nano.a(libc_a-init.o)
                0x08008a58                __libc_init_array
 .text.__retarget_lock_init_recursive
                0x08008aa0        0x2 C:/Program Files (x86)/Arm GNU Toolchain arm-none-eabi/14.2 rel1/bin/../lib/gcc/arm-none-eabi/14.2.1/thumb/v7e-m+fp/hard\libg_nano.a(libc_a-lock.o)
                0x08008aa0                __retarget_lock_init_recursive
 .text.__retarget_lock_acquire_recursive
                0x08008aa2        0x2 C:/Program Files (x86)/Arm GNU Toolchain arm-none-eabi/14.2 rel1/bin/../lib/gcc/arm-none-eabi/14.2.1/thumb/v7e-m+fp/hard\libg_nano.a(libc_a-lock.o)
                0x08008aa2                __retarget_lock_acquire_recursive
 .text.__retarget_lock_release_recursive
                0x08008aa4        0x2 C:/Program Files (x86)/Arm GNU Toolchain arm-none-eabi/14.2 rel1/bin/../lib/gcc/arm-none-eabi/14.2.1/thumb/v7e-m+fp/hard\libg_nano.a(libc_a-lock.o)
                0x08008aa4                __retarget_lock_release_recursive
 .text.memcpy   0x08008aa6       0x1c C:/Program Files (x86)/Arm GNU Toolchain arm-none-eabi/14.2 rel1/bin/../lib/gcc/arm-none-eabi/14.2.1/thumb/v7e-m+fp/hard\libg_nano.a(libc_a-memcpy-stub.o)
                0x08008aa6                memcpy
 *fill*         0x08008ac2        0x6 
 .text.nan      0x08008ac8       0x10 C:/Program Files (x86)/Arm GNU Toolchain arm-none-eabi/14.2 rel1/bin/../lib/gcc/arm-none-eabi/14.2.1/thumb/v7e-m+fp/hard\libg_nano.a(libm_a-s_nan.o)
                0x08008ac8                nan
 .text.nanf     0x08008ad8        0xc C:/Program Files (x86)/Arm GNU Toolchain arm-none-eabi/14.2 rel1/bin/../lib/gcc/arm-none-eabi/14.2.1/thumb/v7e-m+fp/hard\libg_nano.a(libm_a-sf_nan.o)
                0x08008ad8                nanf
 .text.__assert_func
                0x08008ae4       0x3c C:/Program Files (x86)/Arm GNU Toolchain arm-none-eabi/14.2 rel1/bin/../lib/gcc/arm-none-eabi/14.2.1/thumb/v7e-m+fp/hard\libg_nano.a(libc_a-assert.o)
                0x08008ae4                __assert_func
 .text._free_r  0x08008b20       0x94 C:/Program Files (x86)/Arm GNU Toolchain arm-none-eabi/14.2 rel1/bin/../lib/gcc/arm-none-eabi/14.2.1/thumb/v7e-m+fp/hard\libg_nano.a(libc_a-freer.o)
                0x08008b20                _free_r
 .text.rshift   0x08008bb4       0xa4 C:/Program Files (x86)/Arm GNU Toolchain arm-none-eabi/14.2 rel1/bin/../lib/gcc/arm-none-eabi/14.2.1/thumb/v7e-m+fp/hard\libg_nano.a(libc_a-gdtoa-gethex.o)
 .text.__hexdig_fun
                0x08008c58       0x2a C:/Program Files (x86)/Arm GNU Toolchain arm-none-eabi/14.2 rel1/bin/../lib/gcc/arm-none-eabi/14.2.1/thumb/v7e-m+fp/hard\libg_nano.a(libc_a-gdtoa-gethex.o)
                0x08008c58                __hexdig_fun
 *fill*         0x08008c82        0x2 
 .text.__gethex
                0x08008c84      0x420 C:/Program Files (x86)/Arm GNU Toolchain arm-none-eabi/14.2 rel1/bin/../lib/gcc/arm-none-eabi/14.2.1/thumb/v7e-m+fp/hard\libg_nano.a(libc_a-gdtoa-gethex.o)
                0x08008c84                __gethex
 .text.L_shift  0x080090a4       0x24 C:/Program Files (x86)/Arm GNU Toolchain arm-none-eabi/14.2 rel1/bin/../lib/gcc/arm-none-eabi/14.2.1/thumb/v7e-m+fp/hard\libg_nano.a(libc_a-gdtoa-hexnan.o)
 .text.__match  0x080090c8       0x28 C:/Program Files (x86)/Arm GNU Toolchain arm-none-eabi/14.2 rel1/bin/../lib/gcc/arm-none-eabi/14.2.1/thumb/v7e-m+fp/hard\libg_nano.a(libc_a-gdtoa-hexnan.o)
                0x080090c8                __match
 .text.__hexnan
                0x080090f0      0x13a C:/Program Files (x86)/Arm GNU Toolchain arm-none-eabi/14.2 rel1/bin/../lib/gcc/arm-none-eabi/14.2.1/thumb/v7e-m+fp/hard\libg_nano.a(libc_a-gdtoa-hexnan.o)
                0x080090f0                __hexnan
 *fill*         0x0800922a        0x2 
 .text.malloc   0x0800922c       0x10 C:/Program Files (x86)/Arm GNU Toolchain arm-none-eabi/14.2 rel1/bin/../lib/gcc/arm-none-eabi/14.2.1/thumb/v7e-m+fp/hard\libg_nano.a(libc_a-malloc.o)
                0x0800922c                malloc
 .text.sbrk_aligned
                0x0800923c       0x44 C:/Program Files (x86)/Arm GNU Toolchain arm-none-eabi/14.2 rel1/bin/../lib/gcc/arm-none-eabi/14.2.1/thumb/v7e-m+fp/hard\libg_nano.a(libc_a-mallocr.o)
 .text._malloc_r
                0x08009280      0x100 C:/Program Files (x86)/Arm GNU Toolchain arm-none-eabi/14.2 rel1/bin/../lib/gcc/arm-none-eabi/14.2.1/thumb/v7e-m+fp/hard\libg_nano.a(libc_a-mallocr.o)
                0x08009280                _malloc_r
 .text.__ascii_mbtowc
                0x08009380       0x24 C:/Program Files (x86)/Arm GNU Toolchain arm-none-eabi/14.2 rel1/bin/../lib/gcc/arm-none-eabi/14.2.1/thumb/v7e-m+fp/hard\libg_nano.a(libc_a-mbtowc_r.o)
                0x08009380                __ascii_mbtowc
 .text.__malloc_lock
                0x080093a4        0xc C:/Program Files (x86)/Arm GNU Toolchain arm-none-eabi/14.2 rel1/bin/../lib/gcc/arm-none-eabi/14.2.1/thumb/v7e-m+fp/hard\libg_nano.a(libc_a-mlock.o)
                0x080093a4                __malloc_lock
 .text.__malloc_unlock
                0x080093b0        0xc C:/Program Files (x86)/Arm GNU Toolchain arm-none-eabi/14.2 rel1/bin/../lib/gcc/arm-none-eabi/14.2.1/thumb/v7e-m+fp/hard\libg_nano.a(libc_a-mlock.o)
                0x080093b0                __malloc_unlock
 .text._Balloc  0x080093bc       0x7c C:/Program Files (x86)/Arm GNU Toolchain arm-none-eabi/14.2 rel1/bin/../lib/gcc/arm-none-eabi/14.2.1/thumb/v7e-m+fp/hard\libg_nano.a(libc_a-mprec.o)
                0x080093bc                _Balloc
 .text._Bfree   0x08009438       0x44 C:/Program Files (x86)/Arm GNU Toolchain arm-none-eabi/14.2 rel1/bin/../lib/gcc/arm-none-eabi/14.2.1/thumb/v7e-m+fp/hard\libg_nano.a(libc_a-mprec.o)
                0x08009438                _Bfree
 .text.__multadd
                0x0800947c       0x8c C:/Program Files (x86)/Arm GNU Toolchain arm-none-eabi/14.2 rel1/bin/../lib/gcc/arm-none-eabi/14.2.1/thumb/v7e-m+fp/hard\libg_nano.a(libc_a-mprec.o)
                0x0800947c                __multadd
 .text.__s2b    0x08009508       0x94 C:/Program Files (x86)/Arm GNU Toolchain arm-none-eabi/14.2 rel1/bin/../lib/gcc/arm-none-eabi/14.2.1/thumb/v7e-m+fp/hard\libg_nano.a(libc_a-mprec.o)
                0x08009508                __s2b
 .text.__hi0bits
                0x0800959c       0x3e C:/Program Files (x86)/Arm GNU Toolchain arm-none-eabi/14.2 rel1/bin/../lib/gcc/arm-none-eabi/14.2.1/thumb/v7e-m+fp/hard\libg_nano.a(libc_a-mprec.o)
                0x0800959c                __hi0bits
 .text.__lo0bits
                0x080095da       0x5a C:/Program Files (x86)/Arm GNU Toolchain arm-none-eabi/14.2 rel1/bin/../lib/gcc/arm-none-eabi/14.2.1/thumb/v7e-m+fp/hard\libg_nano.a(libc_a-mprec.o)
                0x080095da                __lo0bits
 .text.__i2b    0x08009634       0x2c C:/Program Files (x86)/Arm GNU Toolchain arm-none-eabi/14.2 rel1/bin/../lib/gcc/arm-none-eabi/14.2.1/thumb/v7e-m+fp/hard\libg_nano.a(libc_a-mprec.o)
                0x08009634                __i2b
 .text.__multiply
                0x08009660      0x154 C:/Program Files (x86)/Arm GNU Toolchain arm-none-eabi/14.2 rel1/bin/../lib/gcc/arm-none-eabi/14.2.1/thumb/v7e-m+fp/hard\libg_nano.a(libc_a-mprec.o)
                0x08009660                __multiply
 .text.__pow5mult
                0x080097b4       0xb8 C:/Program Files (x86)/Arm GNU Toolchain arm-none-eabi/14.2 rel1/bin/../lib/gcc/arm-none-eabi/14.2.1/thumb/v7e-m+fp/hard\libg_nano.a(libc_a-mprec.o)
                0x080097b4                __pow5mult
 .text.__lshift
                0x0800986c       0xdc C:/Program Files (x86)/Arm GNU Toolchain arm-none-eabi/14.2 rel1/bin/../lib/gcc/arm-none-eabi/14.2.1/thumb/v7e-m+fp/hard\libg_nano.a(libc_a-mprec.o)
                0x0800986c                __lshift
 .text.__mcmp   0x08009948       0x36 C:/Program Files (x86)/Arm GNU Toolchain arm-none-eabi/14.2 rel1/bin/../lib/gcc/arm-none-eabi/14.2.1/thumb/v7e-m+fp/hard\libg_nano.a(libc_a-mprec.o)
                0x08009948                __mcmp
 *fill*         0x0800997e        0x2 
 .text.__mdiff  0x08009980      0x130 C:/Program Files (x86)/Arm GNU Toolchain arm-none-eabi/14.2 rel1/bin/../lib/gcc/arm-none-eabi/14.2.1/thumb/v7e-m+fp/hard\libg_nano.a(libc_a-mprec.o)
                0x08009980                __mdiff
 .text.__ulp    0x08009ab0       0x4c C:/Program Files (x86)/Arm GNU Toolchain arm-none-eabi/14.2 rel1/bin/../lib/gcc/arm-none-eabi/14.2.1/thumb/v7e-m+fp/hard\libg_nano.a(libc_a-mprec.o)
                0x08009ab0                __ulp
 .text.__b2d    0x08009afc       0x94 C:/Program Files (x86)/Arm GNU Toolchain arm-none-eabi/14.2 rel1/bin/../lib/gcc/arm-none-eabi/14.2.1/thumb/v7e-m+fp/hard\libg_nano.a(libc_a-mprec.o)
                0x08009afc                __b2d
 .text.__d2b    0x08009b90       0xb0 C:/Program Files (x86)/Arm GNU Toolchain arm-none-eabi/14.2 rel1/bin/../lib/gcc/arm-none-eabi/14.2.1/thumb/v7e-m+fp/hard\libg_nano.a(libc_a-mprec.o)
                0x08009b90                __d2b
 .text.__ratio  0x08009c40       0x64 C:/Program Files (x86)/Arm GNU Toolchain arm-none-eabi/14.2 rel1/bin/../lib/gcc/arm-none-eabi/14.2.1/thumb/v7e-m+fp/hard\libg_nano.a(libc_a-mprec.o)
                0x08009c40                __ratio
 .text.__copybits
                0x08009ca4       0x46 C:/Program Files (x86)/Arm GNU Toolchain arm-none-eabi/14.2 rel1/bin/../lib/gcc/arm-none-eabi/14.2.1/thumb/v7e-m+fp/hard\libg_nano.a(libc_a-mprec.o)
                0x08009ca4                __copybits
 .text.__any_on
                0x08009cea       0x42 C:/Program Files (x86)/Arm GNU Toolchain arm-none-eabi/14.2 rel1/bin/../lib/gcc/arm-none-eabi/14.2.1/thumb/v7e-m+fp/hard\libg_nano.a(libc_a-mprec.o)
                0x08009cea                __any_on
 .text.__ascii_wctomb
                0x08009d2c       0x1a C:/Program Files (x86)/Arm GNU Toolchain arm-none-eabi/14.2 rel1/bin/../lib/gcc/arm-none-eabi/14.2.1/thumb/v7e-m+fp/hard\libg_nano.a(libc_a-wctomb_r.o)
                0x08009d2c                __ascii_wctomb
 .text.__ssputs_r
                0x08009d46       0xc0 C:/Program Files (x86)/Arm GNU Toolchain arm-none-eabi/14.2 rel1/bin/../lib/gcc/arm-none-eabi/14.2.1/thumb/v7e-m+fp/hard\libg_nano.a(libc_a-nano-svfprintf.o)
                0x08009d46                __ssputs_r
 *fill*         0x08009e06        0x2 
 .text._svfprintf_r
                0x08009e08      0x1f8 C:/Program Files (x86)/Arm GNU Toolchain arm-none-eabi/14.2 rel1/bin/../lib/gcc/arm-none-eabi/14.2.1/thumb/v7e-m+fp/hard\libg_nano.a(libc_a-nano-svfprintf.o)
                0x08009e08                _svfiprintf_r
                0x08009e08                _svfprintf_r
 .text._printf_common
                0x0800a000       0xda C:/Program Files (x86)/Arm GNU Toolchain arm-none-eabi/14.2 rel1/bin/../lib/gcc/arm-none-eabi/14.2.1/thumb/v7e-m+fp/hard\libg_nano.a(libc_a-nano-vfprintf_i.o)
                0x0800a000                _printf_common
 *fill*         0x0800a0da        0x2 
 .text._printf_i
                0x0800a0dc      0x240 C:/Program Files (x86)/Arm GNU Toolchain arm-none-eabi/14.2 rel1/bin/../lib/gcc/arm-none-eabi/14.2.1/thumb/v7e-m+fp/hard\libg_nano.a(libc_a-nano-vfprintf_i.o)
                0x0800a0dc                _printf_i
 .text.__sflush_r
                0x0800a31c      0x104 C:/Program Files (x86)/Arm GNU Toolchain arm-none-eabi/14.2 rel1/bin/../lib/gcc/arm-none-eabi/14.2.1/thumb/v7e-m+fp/hard\libg_nano.a(libc_a-fflush.o)
                0x0800a31c                __sflush_r
 .text._fflush_r
                0x0800a420       0x50 C:/Program Files (x86)/Arm GNU Toolchain arm-none-eabi/14.2 rel1/bin/../lib/gcc/arm-none-eabi/14.2.1/thumb/v7e-m+fp/hard\libg_nano.a(libc_a-fflush.o)
                0x0800a420                _fflush_r
 .text.fprintf  0x0800a470       0x24 C:/Program Files (x86)/Arm GNU Toolchain arm-none-eabi/14.2 rel1/bin/../lib/gcc/arm-none-eabi/14.2.1/thumb/v7e-m+fp/hard\libg_nano.a(libc_a-fprintf.o)
                0x0800a470                fiprintf
                0x0800a470                fprintf
 .text.memmove  0x0800a494       0x32 C:/Program Files (x86)/Arm GNU Toolchain arm-none-eabi/14.2 rel1/bin/../lib/gcc/arm-none-eabi/14.2.1/thumb/v7e-m+fp/hard\libg_nano.a(libc_a-memmove.o)
                0x0800a494                memmove
 *fill*         0x0800a4c6        0x2 
 .text._sbrk_r  0x0800a4c8       0x20 C:/Program Files (x86)/Arm GNU Toolchain arm-none-eabi/14.2 rel1/bin/../lib/gcc/arm-none-eabi/14.2.1/thumb/v7e-m+fp/hard\libg_nano.a(libc_a-sbrkr.o)
                0x0800a4c8                _sbrk_r
 .text.abort    0x0800a4e8        0xe C:/Program Files (x86)/Arm GNU Toolchain arm-none-eabi/14.2 rel1/bin/../lib/gcc/arm-none-eabi/14.2.1/thumb/v7e-m+fp/hard\libg_nano.a(libc_a-abort.o)
                0x0800a4e8                abort
 .text._calloc_r
                0x0800a4f6       0x28 C:/Program Files (x86)/Arm GNU Toolchain arm-none-eabi/14.2 rel1/bin/../lib/gcc/arm-none-eabi/14.2.1/thumb/v7e-m+fp/hard\libg_nano.a(libc_a-callocr.o)
                0x0800a4f6                _calloc_r
 .text._realloc_r
                0x0800a51e       0x5c C:/Program Files (x86)/Arm GNU Toolchain arm-none-eabi/14.2 rel1/bin/../lib/gcc/arm-none-eabi/14.2.1/thumb/v7e-m+fp/hard\libg_nano.a(libc_a-reallocr.o)
                0x0800a51e                _realloc_r
 .text.__sfputc_r
                0x0800a57a       0x2e C:/Program Files (x86)/Arm GNU Toolchain arm-none-eabi/14.2 rel1/bin/../lib/gcc/arm-none-eabi/14.2.1/thumb/v7e-m+fp/hard\libg_nano.a(libc_a-nano-vfprintf.o)
 .text.__sfputs_r
                0x0800a5a8       0x24 C:/Program Files (x86)/Arm GNU Toolchain arm-none-eabi/14.2 rel1/bin/../lib/gcc/arm-none-eabi/14.2.1/thumb/v7e-m+fp/hard\libg_nano.a(libc_a-nano-vfprintf.o)
                0x0800a5a8                __sfputs_r
 .text._vfprintf_r
                0x0800a5cc      0x230 C:/Program Files (x86)/Arm GNU Toolchain arm-none-eabi/14.2 rel1/bin/../lib/gcc/arm-none-eabi/14.2.1/thumb/v7e-m+fp/hard\libg_nano.a(libc_a-nano-vfprintf.o)
                0x0800a5cc                _vfprintf_r
                0x0800a5cc                _vfiprintf_r
 .text.__swbuf_r
                0x0800a7fc       0x7c C:/Program Files (x86)/Arm GNU Toolchain arm-none-eabi/14.2 rel1/bin/../lib/gcc/arm-none-eabi/14.2.1/thumb/v7e-m+fp/hard\libg_nano.a(libc_a-wbuf.o)
                0x0800a7fc                __swbuf_r
 .text.__swsetup_r
                0x0800a878       0xa8 C:/Program Files (x86)/Arm GNU Toolchain arm-none-eabi/14.2 rel1/bin/../lib/gcc/arm-none-eabi/14.2.1/thumb/v7e-m+fp/hard\libg_nano.a(libc_a-wsetup.o)
                0x0800a878                __swsetup_r
 .text._raise_r
                0x0800a920       0x50 C:/Program Files (x86)/Arm GNU Toolchain arm-none-eabi/14.2 rel1/bin/../lib/gcc/arm-none-eabi/14.2.1/thumb/v7e-m+fp/hard\libg_nano.a(libc_a-signal.o)
                0x0800a920                _raise_r
 .text.raise    0x0800a970       0x10 C:/Program Files (x86)/Arm GNU Toolchain arm-none-eabi/14.2 rel1/bin/../lib/gcc/arm-none-eabi/14.2.1/thumb/v7e-m+fp/hard\libg_nano.a(libc_a-signal.o)
                0x0800a970                raise
 .text._kill_r  0x0800a980       0x24 C:/Program Files (x86)/Arm GNU Toolchain arm-none-eabi/14.2 rel1/bin/../lib/gcc/arm-none-eabi/14.2.1/thumb/v7e-m+fp/hard\libg_nano.a(libc_a-signalr.o)
                0x0800a980                _kill_r
 .text._getpid_r
                0x0800a9a4        0x4 C:/Program Files (x86)/Arm GNU Toolchain arm-none-eabi/14.2 rel1/bin/../lib/gcc/arm-none-eabi/14.2.1/thumb/v7e-m+fp/hard\libg_nano.a(libc_a-signalr.o)
                0x0800a9a4                _getpid_r
 .text._malloc_usable_size_r
                0x0800a9a8       0x10 C:/Program Files (x86)/Arm GNU Toolchain arm-none-eabi/14.2 rel1/bin/../lib/gcc/arm-none-eabi/14.2.1/thumb/v7e-m+fp/hard\libg_nano.a(libc_a-msizer.o)
                0x0800a9a8                _malloc_usable_size_r
 .text.__swhatbuf_r
                0x0800a9b8       0x48 C:/Program Files (x86)/Arm GNU Toolchain arm-none-eabi/14.2 rel1/bin/../lib/gcc/arm-none-eabi/14.2.1/thumb/v7e-m+fp/hard\libg_nano.a(libc_a-makebuf.o)
                0x0800a9b8                __swhatbuf_r
 .text.__smakebuf_r
                0x0800aa00       0x72 C:/Program Files (x86)/Arm GNU Toolchain arm-none-eabi/14.2 rel1/bin/../lib/gcc/arm-none-eabi/14.2.1/thumb/v7e-m+fp/hard\libg_nano.a(libc_a-makebuf.o)
                0x0800aa00                __smakebuf_r
 *fill*         0x0800aa72        0x2 
 .text._fstat_r
                0x0800aa74       0x24 C:/Program Files (x86)/Arm GNU Toolchain arm-none-eabi/14.2 rel1/bin/../lib/gcc/arm-none-eabi/14.2.1/thumb/v7e-m+fp/hard\libg_nano.a(libc_a-fstatr.o)
                0x0800aa74                _fstat_r
 .text._isatty_r
                0x0800aa98       0x20 C:/Program Files (x86)/Arm GNU Toolchain arm-none-eabi/14.2 rel1/bin/../lib/gcc/arm-none-eabi/14.2.1/thumb/v7e-m+fp/hard\libg_nano.a(libc_a-isattyr.o)
                0x0800aa98                _isatty_r
 .text.__fixdfdi
                0x0800aab8       0x30 C:/Program Files (x86)/Arm GNU Toolchain arm-none-eabi/14.2 rel1/bin/../lib/gcc/arm-none-eabi/14.2.1/thumb/v7e-m+fp/hard\libgcc.a(_fixdfdi.o)
                0x0800aab8                __fixdfdi
                0x0800aab8                __aeabi_d2lz
 .text.__fixunsdfdi
                0x0800aae8       0x3c C:/Program Files (x86)/Arm GNU Toolchain arm-none-eabi/14.2 rel1/bin/../lib/gcc/arm-none-eabi/14.2.1/thumb/v7e-m+fp/hard\libgcc.a(_fixunsdfdi.o)
                0x0800aae8                __fixunsdfdi
                0x0800aae8                __aeabi_d2ulz
 .text._close   0x0800ab24       0x10 C:/Program Files (x86)/Arm GNU Toolchain arm-none-eabi/14.2 rel1/bin/../lib/gcc/arm-none-eabi/14.2.1/thumb/v7e-m+fp/hard\libnosys.a(close.o)
                0x0800ab24                _close
 .text._fstat   0x0800ab34       0x10 C:/Program Files (x86)/Arm GNU Toolchain arm-none-eabi/14.2 rel1/bin/../lib/gcc/arm-none-eabi/14.2.1/thumb/v7e-m+fp/hard\libnosys.a(fstat.o)
                0x0800ab34                _fstat
 .text._getpid  0x0800ab44       0x10 C:/Program Files (x86)/Arm GNU Toolchain arm-none-eabi/14.2 rel1/bin/../lib/gcc/arm-none-eabi/14.2.1/thumb/v7e-m+fp/hard\libnosys.a(getpid.o)
                0x0800ab44                _getpid
 .text._isatty  0x0800ab54       0x10 C:/Program Files (x86)/Arm GNU Toolchain arm-none-eabi/14.2 rel1/bin/../lib/gcc/arm-none-eabi/14.2.1/thumb/v7e-m+fp/hard\libnosys.a(isatty.o)
                0x0800ab54                _isatty
 .text._kill    0x0800ab64       0x10 C:/Program Files (x86)/Arm GNU Toolchain arm-none-eabi/14.2 rel1/bin/../lib/gcc/arm-none-eabi/14.2.1/thumb/v7e-m+fp/hard\libnosys.a(kill.o)
                0x0800ab64                _kill
 .text._lseek   0x0800ab74       0x10 C:/Program Files (x86)/Arm GNU Toolchain arm-none-eabi/14.2 rel1/bin/../lib/gcc/arm-none-eabi/14.2.1/thumb/v7e-m+fp/hard\libnosys.a(lseek.o)
                0x0800ab74                _lseek
 .text._read    0x0800ab84       0x10 C:/Program Files (x86)/Arm GNU Toolchain arm-none-eabi/14.2 rel1/bin/../lib/gcc/arm-none-eabi/14.2.1/thumb/v7e-m+fp/hard\libnosys.a(read.o)
                0x0800ab84                _read
 .text._sbrk    0x0800ab94       0x1c C:/Program Files (x86)/Arm GNU Toolchain arm-none-eabi/14.2 rel1/bin/../lib/gcc/arm-none-eabi/14.2.1/thumb/v7e-m+fp/hard\libnosys.a(sbrk.o)
                0x0800ab94                _sbrk
 .text._write   0x0800abb0       0x10 C:/Program Files (x86)/Arm GNU Toolchain arm-none-eabi/14.2 rel1/bin/../lib/gcc/arm-none-eabi/14.2.1/thumb/v7e-m+fp/hard\libnosys.a(write.o)
                0x0800abb0                _write
 .text._exit    0x0800abc0        0x4 C:/Program Files (x86)/Arm GNU Toolchain arm-none-eabi/14.2 rel1/bin/../lib/gcc/arm-none-eabi/14.2.1/thumb/v7e-m+fp/hard\libnosys.a(_exit.o)
                0x0800abc0                _exit
 .text.atan2f   0x0800abc4        0x4 C:/Program Files (x86)/Arm GNU Toolchain arm-none-eabi/14.2 rel1/bin/../lib/gcc/arm-none-eabi/14.2.1/thumb/v7e-m+fp/hard\libm.a(libm_a-wf_atan2.o)
                0x0800abc4                atan2f
 .text.sqrtf    0x0800abc8       0x44 C:/Program Files (x86)/Arm GNU Toolchain arm-none-eabi/14.2 rel1/bin/../lib/gcc/arm-none-eabi/14.2.1/thumb/v7e-m+fp/hard\libm.a(libm_a-wf_sqrt.o)
                0x0800abc8                sqrtf
 .text.cosf     0x0800ac0c       0x70 C:/Program Files (x86)/Arm GNU Toolchain arm-none-eabi/14.2 rel1/bin/../lib/gcc/arm-none-eabi/14.2.1/thumb/v7e-m+fp/hard\libm.a(libm_a-sf_cos.o)
                0x0800ac0c                cosf
 .text.sinf     0x0800ac7c       0x74 C:/Program Files (x86)/Arm GNU Toolchain arm-none-eabi/14.2 rel1/bin/../lib/gcc/arm-none-eabi/14.2.1/thumb/v7e-m+fp/hard\libm.a(libm_a-sf_sin.o)
                0x0800ac7c                sinf
 .text.__ieee754_sqrtf
                0x0800acf0        0x8 C:/Program Files (x86)/Arm GNU Toolchain arm-none-eabi/14.2 rel1/bin/../lib/gcc/arm-none-eabi/14.2.1/thumb/v7e-m+fp/hard\libm.a(libm_a-ef_sqrt.o)
                0x0800acf0                __ieee754_sqrtf
 .text.__kernel_cosf
                0x0800acf8      0x104 C:/Program Files (x86)/Arm GNU Toolchain arm-none-eabi/14.2 rel1/bin/../lib/gcc/arm-none-eabi/14.2.1/thumb/v7e-m+fp/hard\libm.a(libm_a-kf_cos.o)
                0x0800acf8                __kernel_cosf
 .text.__kernel_sinf
                0x0800adfc       0x90 C:/Program Files (x86)/Arm GNU Toolchain arm-none-eabi/14.2 rel1/bin/../lib/gcc/arm-none-eabi/14.2.1/thumb/v7e-m+fp/hard\libm.a(libm_a-kf_sin.o)
                0x0800adfc                __kernel_sinf
 .text.__ieee754_atan2f
                0x0800ae8c      0x14c C:/Program Files (x86)/Arm GNU Toolchain arm-none-eabi/14.2 rel1/bin/../lib/gcc/arm-none-eabi/14.2.1/thumb/v7e-m+fp/hard\libm.a(libm_a-ef_atan2.o)
                0x0800ae8c                __ieee754_atan2f
 .text.__ieee754_rem_pio2f
                0x0800afd8      0x26c C:/Program Files (x86)/Arm GNU Toolchain arm-none-eabi/14.2 rel1/bin/../lib/gcc/arm-none-eabi/14.2.1/thumb/v7e-m+fp/hard\libm.a(libm_a-ef_rem_pio2.o)
                0x0800afd8                __ieee754_rem_pio2f
 .text.atanf    0x0800b244      0x1a4 C:/Program Files (x86)/Arm GNU Toolchain arm-none-eabi/14.2 rel1/bin/../lib/gcc/arm-none-eabi/14.2.1/thumb/v7e-m+fp/hard\libm.a(libm_a-sf_atan.o)
                0x0800b244                atanf
 .text.fabsf    0x0800b3e8       0x10 C:/Program Files (x86)/Arm GNU Toolchain arm-none-eabi/14.2 rel1/bin/../lib/gcc/arm-none-eabi/14.2.1/thumb/v7e-m+fp/hard\libm.a(libm_a-sf_fabs.o)
                0x0800b3e8                fabsf
 .text.__kernel_rem_pio2f
                0x0800b3f8      0x68c C:/Program Files (x86)/Arm GNU Toolchain arm-none-eabi/14.2 rel1/bin/../lib/gcc/arm-none-eabi/14.2.1/thumb/v7e-m+fp/hard\libm.a(libm_a-kf_rem_pio2.o)
                0x0800b3f8                __kernel_rem_pio2f
 .text.scalbnf  0x0800ba84       0xdc C:/Program Files (x86)/Arm GNU Toolchain arm-none-eabi/14.2 rel1/bin/../lib/gcc/arm-none-eabi/14.2.1/thumb/v7e-m+fp/hard\libm.a(libm_a-sf_scalbn.o)
                0x0800ba84                scalbnf
 .text.floorf   0x0800bb60       0x94 C:/Program Files (x86)/Arm GNU Toolchain arm-none-eabi/14.2 rel1/bin/../lib/gcc/arm-none-eabi/14.2.1/thumb/v7e-m+fp/hard\libm.a(libm_a-sf_floor.o)
                0x0800bb60                floorf
 *(.glue_7)
 .glue_7        0x0800bbf4        0x0 linker stubs
 *(.glue_7t)
 .glue_7t       0x0800bbf4        0x0 linker stubs
 *(.eh_frame)
 .eh_frame      0x0800bbf4        0x0 C:/Program Files (x86)/Arm GNU Toolchain arm-none-eabi/14.2 rel1/bin/../lib/gcc/arm-none-eabi/14.2.1/thumb/v7e-m+fp/hard/crtbegin.o
 *(.init)
 .init          0x0800bbf4        0x4 C:/Program Files (x86)/Arm GNU Toolchain arm-none-eabi/14.2 rel1/bin/../lib/gcc/arm-none-eabi/14.2.1/thumb/v7e-m+fp/hard/crti.o
                0x0800bbf4                _init
 .init          0x0800bbf8        0x8 C:/Program Files (x86)/Arm GNU Toolchain arm-none-eabi/14.2 rel1/bin/../lib/gcc/arm-none-eabi/14.2.1/thumb/v7e-m+fp/hard/crtn.o
 *(.fini)
 .fini          0x0800bc00        0x4 C:/Program Files (x86)/Arm GNU Toolchain arm-none-eabi/14.2 rel1/bin/../lib/gcc/arm-none-eabi/14.2.1/thumb/v7e-m+fp/hard/crti.o
                0x0800bc00                _fini
 .fini          0x0800bc04        0x8 C:/Program Files (x86)/Arm GNU Toolchain arm-none-eabi/14.2 rel1/bin/../lib/gcc/arm-none-eabi/14.2.1/thumb/v7e-m+fp/hard/crtn.o
                0x0800bc0c                        . = ALIGN (0x4)
                0x0800bc0c                        _etext = .

.vfp11_veneer   0x0800bc0c        0x0
 .vfp11_veneer  0x0800bc0c        0x0 linker stubs

.v4_bx          0x0800bc0c        0x0
 .v4_bx         0x0800bc0c        0x0 linker stubs

.iplt           0x0800bc0c        0x0
 .iplt          0x0800bc0c        0x0 C:/Program Files (x86)/Arm GNU Toolchain arm-none-eabi/14.2 rel1/bin/../lib/gcc/arm-none-eabi/14.2.1/thumb/v7e-m+fp/hard/crtbegin.o

.rodata         0x0800bc10      0xbc8
                0x0800bc10                        . = ALIGN (0x4)
 *(.rodata)
 *(.rodata*)
 .rodata.str1.1