Archive member included to satisfy reference by file (symbol)

C:/Program Files (x86)/Arm GNU Toolchain arm-none-eabi/14.2 rel1/bin/../lib/gcc/arm-none-eabi/14.2.1/thumb/v7e-m+fp/hard\libgcc.a(_arm_addsubdf3.o)
                              CMakeFiles/chassis_motor.elf.dir/User/Task/uart_command.c.obj (__aeabi_f2d)
C:/Program Files (x86)/Arm GNU Toolchain arm-none-eabi/14.2 rel1/bin/../lib/gcc/arm-none-eabi/14.2.1/thumb/v7e-m+fp/hard\libgcc.a(_aeabi_uldivmod.o)
                              CMakeFiles/chassis_motor.elf.dir/User/BSP/motor_control.c.obj (__aeabi_uldivmod)
C:/Program Files (x86)/Arm GNU Toolchain arm-none-eabi/14.2 rel1/bin/../lib/gcc/arm-none-eabi/14.2.1/thumb/v7e-m+fp/hard\libgcc.a(_udivmoddi4.o)
                              C:/Program Files (x86)/Arm GNU Toolchain arm-none-eabi/14.2 rel1/bin/../lib/gcc/arm-none-eabi/14.2.1/thumb/v7e-m+fp/hard\libgcc.a(_aeabi_uldivmod.o) (__udivmoddi4)
C:/Program Files (x86)/Arm GNU Toolchain arm-none-eabi/14.2 rel1/bin/../lib/gcc/arm-none-eabi/14.2.1/thumb/v7e-m+fp/hard\libgcc.a(_dvmd_tls.o)
                              C:/Program Files (x86)/Arm GNU Toolchain arm-none-eabi/14.2 rel1/bin/../lib/gcc/arm-none-eabi/14.2.1/thumb/v7e-m+fp/hard\libgcc.a(_aeabi_uldivmod.o) (__aeabi_ldiv0)
C:/Program Files (x86)/Arm GNU Toolchain arm-none-eabi/14.2 rel1/bin/../lib/gcc/arm-none-eabi/14.2.1/thumb/v7e-m+fp/hard\libg_nano.a(libc_a-exit.o)
                              C:/Program Files (x86)/Arm GNU Toolchain arm-none-eabi/14.2 rel1/bin/../lib/gcc/arm-none-eabi/14.2.1/thumb/v7e-m+fp/hard/crt0.o (exit)
C:/Program Files (x86)/Arm GNU Toolchain arm-none-eabi/14.2 rel1/bin/../lib/gcc/arm-none-eabi/14.2.1/thumb/v7e-m+fp/hard\libg_nano.a(libc_a-strtod.o)
                              CMakeFiles/chassis_motor.elf.dir/User/Task/uart_command.c.obj (strtof)
C:/Program Files (x86)/Arm GNU Toolchain arm-none-eabi/14.2 rel1/bin/../lib/gcc/arm-none-eabi/14.2.1/thumb/v7e-m+fp/hard\libg_nano.a(libc_a-strtoul.o)
                              CMakeFiles/chassis_motor.elf.dir/User/Task/uart_command.c.obj (strtoul)
C:/Program Files (x86)/Arm GNU Toolchain arm-none-eabi/14.2 rel1/bin/../lib/gcc/arm-none-eabi/14.2.1/thumb/v7e-m+fp/hard\libg_nano.a(libc_a-ctype_.o)
                              C:/Program Files (x86)/Arm GNU Toolchain arm-none-eabi/14.2 rel1/bin/../lib/gcc/arm-none-eabi/14.2.1/thumb/v7e-m+fp/hard\libg_nano.a(libc_a-strtoul.o) (_ctype_)
C:/Program Files (x86)/Arm GNU Toolchain arm-none-eabi/14.2 rel1/bin/../lib/gcc/arm-none-eabi/14.2.1/thumb/v7e-m+fp/hard\libg_nano.a(libc_a-findfp.o)
                              C:/Program Files (x86)/Arm GNU Toolchain arm-none-eabi/14.2 rel1/bin/../lib/gcc/arm-none-eabi/14.2.1/thumb/v7e-m+fp/hard\libg_nano.a(libc_a-exit.o) (__stdio_exit_handler)
C:/Program Files (x86)/Arm GNU Toolchain arm-none-eabi/14.2 rel1/bin/../lib/gcc/arm-none-eabi/14.2.1/thumb/v7e-m+fp/hard\libg_nano.a(libc_a-fwalk.o)
                              C:/Program Files (x86)/Arm GNU Toolchain arm-none-eabi/14.2 rel1/bin/../lib/gcc/arm-none-eabi/14.2.1/thumb/v7e-m+fp/hard\libg_nano.a(libc_a-findfp.o) (_fwalk_sglue)
C:/Program Files (x86)/Arm GNU Toolchain arm-none-eabi/14.2 rel1/bin/../lib/gcc/arm-none-eabi/14.2.1/thumb/v7e-m+fp/hard\libg_nano.a(libc_a-snprintf.o)
                              CMakeFiles/chassis_motor.elf.dir/User/Task/uart_command.c.obj (snprintf)
C:/Program Files (x86)/Arm GNU Toolchain arm-none-eabi/14.2 rel1/bin/../lib/gcc/arm-none-eabi/14.2.1/thumb/v7e-m+fp/hard\libg_nano.a(libc_a-stdio.o)
                              C:/Program Files (x86)/Arm GNU Toolchain arm-none-eabi/14.2 rel1/bin/../lib/gcc/arm-none-eabi/14.2.1/thumb/v7e-m+fp/hard\libg_nano.a(libc_a-findfp.o) (__sread)
C:/Program Files (x86)/Arm GNU Toolchain arm-none-eabi/14.2 rel1/bin/../lib/gcc/arm-none-eabi/14.2.1/thumb/v7e-m+fp/hard\libg_nano.a(libc_a-memset.o)
                              C:/Program Files (x86)/Arm GNU Toolchain arm-none-eabi/14.2 rel1/bin/../lib/gcc/arm-none-eabi/14.2.1/thumb/v7e-m+fp/hard/crt0.o (memset)
C:/Program Files (x86)/Arm GNU Toolchain arm-none-eabi/14.2 rel1/bin/../lib/gcc/arm-none-eabi/14.2.1/thumb/v7e-m+fp/hard\libg_nano.a(libc_a-strncmp.o)
                              C:/Program Files (x86)/Arm GNU Toolchain arm-none-eabi/14.2 rel1/bin/../lib/gcc/arm-none-eabi/14.2.1/thumb/v7e-m+fp/hard\libg_nano.a(libc_a-strtod.o) (strncmp)
C:/Program Files (x86)/Arm GNU Toolchain arm-none-eabi/14.2 rel1/bin/../lib/gcc/arm-none-eabi/14.2.1/thumb/v7e-m+fp/hard\libg_nano.a(libc_a-strtok.o)
                              CMakeFiles/chassis_motor.elf.dir/User/Task/uart_command.c.obj (strtok)
C:/Program Files (x86)/Arm GNU Toolchain arm-none-eabi/14.2 rel1/bin/../lib/gcc/arm-none-eabi/14.2.1/thumb/v7e-m+fp/hard\libg_nano.a(libc_a-strtok_r.o)
                              C:/Program Files (x86)/Arm GNU Toolchain arm-none-eabi/14.2 rel1/bin/../lib/gcc/arm-none-eabi/14.2.1/thumb/v7e-m+fp/hard\libg_nano.a(libc_a-strtok.o) (__strtok_r)
[...]
Memory Configuration

Name             Origin             Length             Attributes
RAM              0x20000000         0x00050000         xrw
FLASH            0x08000000         0x00010000         xr
*default*        0x00000000         0xffffffff

Linker script and memory map

LOAD C:/Program Files (x86)/Arm GNU Toolchain arm-none-eabi/14.2 rel1/bin/../lib/gcc/arm-none-eabi/14.2.1/thumb/v7e-m+fp/hard/crti.o
LOAD C:/Program Files (x86)/Arm GNU Toolchain arm-none-eabi/14.2 rel1/bin/../lib/gcc/arm-none-eabi/14.2.1/thumb/v7e-m+fp/hard/crtbegin.o
LOAD C:/Program Files (x86)/Arm GNU Toolchain arm-none-eabi/14.2 rel1/bin/../lib/gcc/arm-none-eabi/14.2.1/thumb/v7e-m+fp/hard/crt0.o
LOAD CMakeFiles/chassis_motor.elf.dir/cmake/startup_stm32f750xx.s.obj
LOAD CMakeFiles/chassis_motor.elf.dir/Core/Src/main.c.obj
LOAD CMakeFiles/chassis_motor.elf.dir/Core/Src/gpio.c.obj
LOAD CMakeFiles/chassis_motor.elf.dir/Core/Src/freertos.c.obj
LOAD CMakeFiles/chassis_motor.elf.dir/Core/Src/usart.c.obj
LOAD CMakeFiles/chassis_motor.elf.dir/Core/Src/stm32f7xx_it.c.obj
LOAD CMakeFiles/chassis_motor.elf.dir/Core/Src/stm32f7xx_hal_msp.c.obj
LOAD CMakeFiles/chassis_motor.elf.dir/Core/Src/stm32f7xx_hal_timebase_tim.c.obj
LOAD CMakeFiles/chassis_motor.elf.dir/Core/Src/system_stm32f7xx.c.obj
LOAD CMakeFiles/chassis_motor.elf.dir/User/Task/uart_command.c.obj
LOAD CMakeFiles/chassis_motor.elf.dir/User/Task/task_control.c.obj
LOAD CMakeFiles/chassis_motor.elf.dir/User/Robot/state_machine.c.obj
LOAD CMakeFiles/chassis_motor.elf.dir/User/Device/servo/servo_action.c.obj
LOAD CMakeFiles/chassis_motor.elf.dir/User/Device/camera/maixcam_link.c.obj
LOAD CMakeFiles/chassis_motor.elf.dir/User/Robot/ball_sequence.c.obj
LOAD CMakeFiles/chassis_motor.elf.dir/User/Device/rfid/rfid.c.obj
LOAD CMakeFiles/chassis_motor.elf.dir/User/Algorithm/gray_align.c.obj
LOAD CMakeFiles/chassis_motor.elf.dir/User/Robot/path_sequence.c.obj
LOAD CMakeFiles/chassis_motor.elf.dir/User/Robot/stair_sequence.c.obj
LOAD CMakeFiles/chassis_motor.elf.dir/User/Robot/round_pillar.c.obj
LOAD CMakeFiles/chassis_motor.elf.dir/User/Device/turntable/turntable_control.c.obj
LOAD CMakeFiles/chassis_motor.elf.dir/User/Robot/warehouse_control.c.obj
LOAD CMakeFiles/chassis_motor.elf.dir/User/Robot/cangku_task.c.obj
LOAD CMakeFiles/chassis_motor.elf.dir/User/BSP/motor_control.c.obj
LOAD CMakeFiles/chassis_motor.elf.dir/User/BSP/cangku_motor.c.obj
LOAD CMakeFiles/chassis_motor.elf.dir/User/Algorithm/mecanum_kinematics.c.obj
LOAD CMakeFiles/chassis_motor.elf.dir/User/Algorithm/motion_control.c.obj
LOAD CMakeFiles/chassis_motor.elf.dir/User/Device/imu/jy61p.c.obj
LOAD CMakeFiles/chassis_motor.elf.dir/Drivers/STM32F7xx_HAL_Driver/Src/stm32f7xx_hal.c.obj
LOAD CMakeFiles/chassis_motor.elf.dir/Drivers/STM32F7xx_HAL_Driver/Src/stm32f7xx_hal_cortex.c.obj
LOAD CMakeFiles/chassis_motor.elf.dir/Drivers/STM32F7xx_HAL_Driver/Src/stm32f7xx_hal_dma.c.obj
LOAD CMakeFiles/chassis_motor.elf.dir/Drivers/STM32F7xx_HAL_Driver/Src/stm32f7xx_hal_dma_ex.c.obj
LOAD CMakeFiles/chassis_motor.elf.dir/Drivers/STM32F7xx_HAL_Driver/Src/stm32f7xx_hal_exti.c.obj
LOAD CMakeFiles/chassis_motor.elf.dir/Drivers/STM32F7xx_HAL_Driver/Src/stm32f7xx_hal_flash.c.obj
LOAD CMakeFiles/chassis_motor.elf.dir/Drivers/STM32F7xx_HAL_Driver/Src/stm32f7xx_hal_flash_ex.c.obj
LOAD CMakeFiles/chassis_motor.elf.dir/Drivers/STM32F7xx_HAL_Driver/Src/stm32f7xx_hal_gpio.c.obj
LOAD CMakeFiles/chassis_motor.elf.dir/Drivers/STM32F7xx_HAL_Driver/Src/stm32f7xx_hal_i2c.c.obj
LOAD CMakeFiles/chassis_motor.elf.dir/Drivers/STM32F7xx_HAL_Driver/Src/stm32f7xx_hal_i2c_ex.c.obj
LOAD CMakeFiles/chassis_motor.elf.dir/Drivers/STM32F7xx_HAL_Driver/Src/stm32f7xx_hal_pwr.c.obj
LOAD CMakeFiles/chassis_motor.elf.dir/Drivers/STM32F7xx_HAL_Driver/Src/stm32f7xx_hal_pwr_ex.c.obj
LOAD CMakeFiles/chassis_motor.elf.dir/Drivers/STM32F7xx_HAL_Driver/Src/stm32f7xx_hal_rcc.c.obj
LOAD CMakeFiles/chassis_motor.elf.dir/Drivers/STM32F7xx_HAL_Driver/Src/stm32f7xx_hal_rcc_ex.c.obj
LOAD CMakeFiles/chassis_motor.elf.dir/Drivers/STM32F7xx_HAL_Driver/Src/stm32f7xx_hal_tim.c.obj
LOAD CMakeFiles/chassis_motor.elf.dir/Drivers/STM32F7xx_HAL_Driver/Src/stm32f7xx_hal_tim_ex.c.obj
LOAD CMakeFiles/chassis_motor.elf.dir/Drivers/STM32F7xx_HAL_Driver/Src/stm32f7xx_hal_uart.c.obj
LOAD CMakeFiles/chassis_motor.elf.dir/Drivers/STM32F7xx_HAL_Driver/Src/stm32f7xx_hal_uart_ex.c.obj
LOAD CMakeFiles/chassis_motor.elf.dir/Middlewares/Third_Party/FreeRTOS/Source/croutine.c.obj
LOAD CMakeFiles/chassis_motor.elf.dir/Middlewares/Third_Party/FreeRTOS/Source/event_groups.c.obj
LOAD CMakeFiles/chassis_motor.elf.dir/Middlewares/Third_Party/FreeRTOS/Source/list.c.obj
LOAD CMakeFiles/chassis_motor.elf.dir/Middlewares/Third_Party/FreeRTOS/Source/queue.c.obj
LOAD CMakeFiles/chassis_motor.elf.dir/Middlewares/Third_Party/FreeRTOS/Source/stream_buffer.c.obj
LOAD CMakeFiles/chassis_motor.elf.dir/Middlewares/Third_Party/FreeRTOS/Source/tasks.c.obj
LOAD CMakeFiles/chassis_motor.elf.dir/Middlewares/Third_Party/FreeRTOS/Source/timers.c.obj
LOAD CMakeFiles/chassis_motor.elf.dir/Middlewares/Third_Party/FreeRTOS/Source/CMSIS_RTOS_V2/cmsis_os2.c.obj
LOAD CMakeFiles/chassis_motor.elf.dir/Middlewares/Third_Party/FreeRTOS/Source/portable/MemMang/heap_4.c.obj
LOAD CMakeFiles/chassis_motor.elf.dir/Middlewares/Third_Party/FreeRTOS/Source/portable/GCC/ARM_CM7/r0p1/port.c.obj
START GROUP
LOAD C:/Program Files (x86)/Arm GNU Toolchain arm-none-eabi/14.2 rel1/bin/../lib/gcc/arm-none-eabi/14.2.1/thumb/v7e-m+fp/hard\libgcc.a
LOAD C:/Program Files (x86)/Arm GNU Toolchain arm-none-eabi/14.2 rel1/bin/../lib/gcc/arm-none-eabi/14.2.1/thumb/v7e-m+fp/hard\libg_nano.a
LOAD C:/Program Files (x86)/Arm GNU Toolchain arm-none-eabi/14.2 rel1/bin/../lib/gcc/arm-none-eabi/14.2.1/thumb/v7e-m+fp/hard\libc_nano.a
END GROUP
START GROUP
LOAD C:/Program Files (x86)/Arm GNU Toolchain arm-none-eabi/14.2 rel1/bin/../lib/gcc/arm-none-eabi/14.2.1/thumb/v7e-m+fp/hard\libgcc.a
LOAD C:/Program Files (x86)/Arm GNU Toolchain arm-none-eabi/14.2 rel1/bin/../lib/gcc/arm-none-eabi/14.2.1/thumb/v7e-m+fp/hard\libc_nano.a
LOAD C:/Program Files (x86)/Arm GNU Toolchain arm-none-eabi/14.2 rel1/bin/../lib/gcc/arm-none-eabi/14.2.1/thumb/v7e-m+fp/hard\libnosys.a
END GROUP
START GROUP
LOAD C:/Program Files (x86)/Arm GNU Toolchain arm-none-eabi/14.2 rel1/bin/../lib/gcc/arm-none-eabi/14.2.1/thumb/v7e-m+fp/hard\libgcc.a
LOAD C:/Program Files (x86)/Arm GNU Toolchain arm-none-eabi/14.2 rel1/bin/../lib/gcc/arm-none-eabi/14.2.1/thumb/v7e-m+fp/hard\libc_nano.a
LOAD C:/Program Files (x86)/Arm GNU Toolchain arm-none-eabi/14.2 rel1/bin/../lib/gcc/arm-none-eabi/14.2.1/thumb/v7e-m+fp/hard\libnosys.a
END GROUP
LOAD C:/Program Files (x86)/Arm GNU Toolchain arm-none-eabi/14.2 rel1/bin/../lib/gcc/arm-none-eabi/14.2.1/thumb/v7e-m+fp/hard/crtend.o
LOAD C:/Program Files (x86)/Arm GNU Toolchain arm-none-eabi/14.2 rel1/bin/../lib/gcc/arm-none-eabi/14.2.1/thumb/v7e-m+fp/hard/crtn.o
                0x20050000                        _estack = (ORIGIN (RAM) + LENGTH (RAM))
                0x00000200                        _Min_Heap_Size = 0x200
                0x00000400                        _Min_Stack_Size = 0x400

.isr_vector     0x08000000      0x1c8
                0x08000000                        . = ALIGN (0x4)
 *(.isr_vector)
 .isr_vector    0x08000000      0x1c8 CMakeFiles/chassis_motor.elf.dir/cmake/startup_stm32f750xx.s.obj
                0x08000000                g_pfnVectors
                0x080001c8                        . = ALIGN (0x4)

.text           0x080001d0     0xd06c
                0x080001d0                        . = ALIGN (0x4)
 *(.text)
 .text          0x080001d0      0x378 C:/Program Files (x86)/Arm GNU Toolchain arm-none-eabi/14.2 rel1/bin/../lib/gcc/arm-none-eabi/14.2.1/thumb/v7e-m+fp/hard\libgcc.a(_arm_addsubdf3.o)
                0x080001d0                __aeabi_drsub
                0x080001d8                __aeabi_dsub
                0x080001d8                __subdf3
                0x080001dc                __aeabi_dadd
                0x080001dc                __adddf3
                0x08000454                __floatunsidf
                0x08000454                __aeabi_ui2d
                0x08000474                __floatsidf
                0x08000474                __aeabi_i2d
                0x08000498                __aeabi_f2d
                0x08000498                __extendsfdf2
                0x080004dc                __floatundidf
                0x080004dc                __aeabi_ul2d
                0x080004ec                __floatdidf
                0x080004ec                __aeabi_l2d
 .text          0x08000548       0x30 C:/Program Files (x86)/Arm GNU Toolchain arm-none-eabi/14.2 rel1/bin/../lib/gcc/arm-none-eabi/14.2.1/thumb/v7e-m+fp/hard\libgcc.a(_aeabi_uldivmod.o)
                0x08000548                __aeabi_uldivmod
 .text          0x08000578        0x4 C:/Program Files (x86)/Arm GNU Toolchain arm-none-eabi/14.2 rel1/bin/../lib/gcc/arm-none-eabi/14.2.1/thumb/v7e-m+fp/hard\libgcc.a(_dvmd_tls.o)
                0x08000578                __aeabi_idiv0
                0x08000578                __aeabi_ldiv0
 .text          0x0800057c       0x14 C:/Program Files (x86)/Arm GNU Toolchain arm-none-eabi/14.2 rel1/bin/../lib/gcc/arm-none-eabi/14.2.1/thumb/v7e-m+fp/hard\libg_nano.a(libc_a-strcmp.o)
                0x0800057c                strcmp
 .text          0x08000590       0x10 C:/Program Files (x86)/Arm GNU Toolchain arm-none-eabi/14.2 rel1/bin/../lib/gcc/arm-none-eabi/14.2.1/thumb/v7e-m+fp/hard\libg_nano.a(libc_a-strlen.o)
                0x08000590                strlen
 .text          0x080005a0       0xa0 C:/Program Files (x86)/Arm GNU Toolchain arm-none-eabi/14.2 rel1/bin/../lib/gcc/arm-none-eabi/14.2.1/thumb/v7e-m+fp/hard\libg_nano.a(libc_a-memchr.o)
                0x080005a0                memchr
 .text          0x08000640      0x424 C:/Program Files (x86)/Arm GNU Toolchain arm-none-eabi/14.2 rel1/bin/../lib/gcc/arm-none-eabi/14.2.1/thumb/v7e-m+fp/hard\libgcc.a(_arm_muldivdf3.o)
                0x08000640                __aeabi_dmul
                0x08000640                __muldf3
                0x08000894                __divdf3
                0x08000894                __aeabi_ddiv
 .text          0x08000a64      0x110 C:/Program Files (x86)/Arm GNU Toolchain arm-none-eabi/14.2 rel1/bin/../lib/gcc/arm-none-eabi/14.2.1/thumb/v7e-m+fp/hard\libgcc.a(_arm_cmpdf2.o)
                0x08000a64                __gtdf2
                0x08000a64                __gedf2
                0x08000a6c                __ltdf2
                0x08000a6c                __ledf2
                0x08000a74                __nedf2
                0x08000a74                __eqdf2
                0x08000a74                __cmpdf2
                0x08000af0                __aeabi_cdrcmple
                0x08000b00                __aeabi_cdcmpeq
                0x08000b00                __aeabi_cdcmple
                0x08000b10                __aeabi_dcmpeq
                0x08000b24                __aeabi_dcmplt
                0x08000b38                __aeabi_dcmple
                0x08000b4c                __aeabi_dcmpge
                0x08000b60                __aeabi_dcmpgt
 .text          0x08000b74       0x2c C:/Program Files (x86)/Arm GNU Toolchain arm-none-eabi/14.2 rel1/bin/../lib/gcc/arm-none-eabi/14.2.1/thumb/v7e-m+fp/hard\libgcc.a(_arm_unorddf2.o)
                0x08000b74                __unorddf2
                0x08000b74                __aeabi_dcmpun
 .text          0x08000ba0       0x40 C:/Program Files (x86)/Arm GNU Toolchain arm-none-eabi/14.2 rel1/bin/../lib/gcc/arm-none-eabi/14.2.1/thumb/v7e-m+fp/hard\libgcc.a(_arm_fixunsdfsi.o)
                0x08000ba0                __aeabi_d2uiz
                0x08000ba0                __fixunsdfsi
 .text          0x08000be0       0xa0 C:/Program Files (x86)/Arm GNU Toolchain arm-none-eabi/14.2 rel1/bin/../lib/gcc/arm-none-eabi/14.2.1/thumb/v7e-m+fp/hard\libgcc.a(_arm_truncdfsf2.o)
                0x08000be0                __truncdfsf2
                0x08000be0                __aeabi_d2f
 *(.text*)
 .text.deregister_tm_clones
                0x08000c80       0x1c C:/Program Files (x86)/Arm GNU Toolchain arm-none-eabi/14.2 rel1/bin/../lib/gcc/arm-none-eabi/14.2.1/thumb/v7e-m+fp/hard/crtbegin.o
 .text.register_tm_clones
                0x08000c9c       0x24 C:/Program Files (x86)/Arm GNU Toolchain arm-none-eabi/14.2 rel1/bin/../lib/gcc/arm-none-eabi/14.2.1/thumb/v7e-m+fp/hard/crtbegin.o
 .text.__do_global_dtors_aux
                0x08000cc0       0x28 C:/Program Files (x86)/Arm GNU Toolchain arm-none-eabi/14.2 rel1/bin/../lib/gcc/arm-none-eabi/14.2.1/thumb/v7e-m+fp/hard/crtbegin.o
 .text.frame_dummy
                0x08000ce8       0x24 C:/Program Files (x86)/Arm GNU Toolchain arm-none-eabi/14.2 rel1/bin/../lib/gcc/arm-none-eabi/14.2.1/thumb/v7e-m+fp/hard/crtbegin.o
 .text.Reset_Handler
                0x08000d0c       0x50 CMakeFiles/chassis_motor.elf.dir/cmake/startup_stm32f750xx.s.obj
                0x08000d0c                Reset_Handler
 .text.Default_Handler
                0x08000d5c        0x2 CMakeFiles/chassis_motor.elf.dir/cmake/startup_stm32f750xx.s.obj
                0x08000d5c                RTC_Alarm_IRQHandler
                0x08000d5c                HASH_RNG_IRQHandler
                0x08000d5c                EXTI2_IRQHandler
                0x08000d5c                TIM8_CC_IRQHandler
                0x08000d5c                SPI4_IRQHandler
                0x08000d5c                TIM1_CC_IRQHandler
                0x08000d5c                DMA2_Stream5_IRQHandler
                0x08000d5c                DMA1_Stream5_IRQHandler
                0x08000d5c                PVD_IRQHandler
                0x08000d5c                TAMP_STAMP_IRQHandler
                0x08000d5c                CAN2_RX1_IRQHandler
                0x08000d5c                EXTI3_IRQHandler
                0x08000d5c                TIM8_TRG_COM_TIM14_IRQHandler
                0x08000d5c                TIM1_UP_TIM10_IRQHandler
                0x08000d5c                TIM8_UP_TIM13_IRQHandler
                0x08000d5c                I2C3_ER_IRQHandler
                0x08000d5c                EXTI0_IRQHandler
                0x08000d5c                I2C2_EV_IRQHandler
                0x08000d5c                DMA1_Stream2_IRQHandler
                0x08000d5c                CAN1_RX0_IRQHandler
                0x08000d5c                FPU_IRQHandler
                0x08000d5c                OTG_HS_WKUP_IRQHandler
                0x08000d5c                LTDC_ER_IRQHandler
                0x08000d5c                CAN2_SCE_IRQHandler
                0x08000d5c                DMA2_Stream2_IRQHandler
                0x08000d5c                SPI1_IRQHandler
                0x08000d5c                TIM1_BRK_TIM9_IRQHandler
                0x08000d5c                DCMI_IRQHandler
                0x08000d5c                CAN2_RX0_IRQHandler
                0x08000d5c                DMA2_Stream3_IRQHandler
                0x08000d5c                SAI2_IRQHandler
                0x08000d5c                USART6_IRQHandler
                0x08000d5c                USART3_IRQHandler
                0x08000d5c                CRYP_IRQHandler
                0x08000d5c                CAN1_RX1_IRQHandler
                0x08000d5c                DMA2_Stream0_IRQHandler
                0x08000d5c                TIM4_IRQHandler
                0x08000d5c                QUADSPI_IRQHandler
                0x08000d5c                I2C1_EV_IRQHandler
                0x08000d5c                DMA1_Stream6_IRQHandler
                0x08000d5c                DMA1_Stream1_IRQHandler
                0x08000d5c                TIM3_IRQHandler
                0x08000d5c                RCC_IRQHandler
                0x08000d5c                TIM8_BRK_TIM12_IRQHandler
                0x08000d5c                Default_Handler
                0x08000d5c                CEC_IRQHandler
                0x08000d5c                EXTI15_10_IRQHandler
                0x08000d5c                ADC_IRQHandler
                0x08000d5c                DMA1_Stream7_IRQHandler
                0x08000d5c                SPI5_IRQHandler
                0x08000d5c                TIM7_IRQHandler
                0x08000d5c                SDMMC1_IRQHandler
                0x08000d5c                CAN2_TX_IRQHandler
                0x08000d5c                TIM5_IRQHandler
                0x08000d5c                DMA2_Stream7_IRQHandler
                0x08000d5c                I2C3_EV_IRQHandler
                0x08000d5c                EXTI9_5_IRQHandler
                0x08000d5c                RTC_WKUP_IRQHandler
                0x08000d5c                LTDC_IRQHandler
                0x08000d5c                ETH_WKUP_IRQHandler
                0x08000d5c                SPDIF_RX_IRQHandler
                0x08000d5c                SPI2_IRQHandler
                0x08000d5c                OTG_HS_EP1_IN_IRQHandler
                0x08000d5c                DMA1_Stream0_IRQHandler
                0x08000d5c                CAN1_TX_IRQHandler
                0x08000d5c                EXTI4_IRQHandler
                0x08000d5c                ETH_IRQHandler
                0x08000d5c                OTG_HS_EP1_OUT_IRQHandler
                0x08000d5c                WWDG_IRQHandler
                0x08000d5c                SPI6_IRQHandler
                0x08000d5c                I2C4_EV_IRQHandler
                0x08000d5c                TIM2_IRQHandler
                0x08000d5c                OTG_FS_WKUP_IRQHandler
                0x08000d5c                TIM1_TRG_COM_TIM11_IRQHandler
                0x08000d5c                OTG_HS_IRQHandler
                0x08000d5c                DMA2D_IRQHandler
                0x08000d5c                EXTI1_IRQHandler
                0x08000d5c                I2C2_ER_IRQHandler
                0x08000d5c                DMA2_Stream1_IRQHandler
                0x08000d5c                CAN1_SCE_IRQHandler
                0x08000d5c                FLASH_IRQHandler
                0x08000d5c                DMA2_Stream4_IRQHandler
                0x08000d5c                USART1_IRQHandler
                0x08000d5c                OTG_FS_IRQHandler
                0x08000d5c                SPI3_IRQHandler
                0x08000d5c                DMA1_Stream4_IRQHandler
                0x08000d5c                I2C1_ER_IRQHandler
                0x08000d5c                FMC_IRQHandler
                0x08000d5c                LPTIM1_IRQHandler
                0x08000d5c                I2C4_ER_IRQHandler
                0x08000d5c                DMA2_Stream6_IRQHandler
                0x08000d5c                SAI1_IRQHandler
                0x08000d5c                DMA1_Stream3_IRQHandler
 *fill*         0x08000d5e        0x2 
 .text.SystemClock_Config
                0x08000d60       0xa4 CMakeFiles/chassis_motor.elf.dir/Core/Src/main.c.obj
                0x08000d60                SystemClock_Config
 .text.startup.main
                0x08000e04       0x6c CMakeFiles/chassis_motor.elf.dir/Core/Src/main.c.obj
                0x08000e04                main
 .text.HAL_TIM_PeriodElapsedCallback
                0x08000e70       0x14 CMakeFiles/chassis_motor.elf.dir/Core/Src/main.c.obj
                0x08000e70                HAL_TIM_PeriodElapsedCallback
 .text.Error_Handler
                0x08000e84        0x4 CMakeFiles/chassis_motor.elf.dir/Core/Src/main.c.obj
                0x08000e84                Error_Handler
 .text.MX_GPIO_Init
                0x08000e88       0x90 CMakeFiles/chassis_motor.elf.dir/Core/Src/gpio.c.obj
                0x08000e88                MX_GPIO_Init
 .text.StartDefaultTask
                0x08000f18        0xc CMakeFiles/chassis_motor.elf.dir/Core/Src/freertos.c.obj
                0x08000f18                StartDefaultTask
 .text.MX_FREERTOS_Init
                0x08000f24       0x5c CMakeFiles/chassis_motor.elf.dir/Core/Src/freertos.c.obj
                0x08000f24                MX_FREERTOS_Init
 .text.MX_USART1_UART_Init
                0x08000f80       0x3c CMakeFiles/chassis_motor.elf.dir/Core/Src/usart.c.obj
                0x08000f80                MX_USART1_UART_Init
 .text.MX_USART6_UART_Init
                0x08000fbc       0x3c CMakeFiles/chassis_motor.elf.dir/Core/Src/usart.c.obj
                0x08000fbc                MX_USART6_UART_Init
 .text.MX_USART2_UART_Init
                0x08000ff8       0x3c CMakeFiles/chassis_motor.elf.dir/Core/Src/usart.c.obj
                0x08000ff8                MX_USART2_UART_Init
 .text.MX_USART3_UART_Init
                0x08001034       0x3c CMakeFiles/chassis_motor.elf.dir/Core/Src/usart.c.obj
                0x08001034                MX_USART3_UART_Init
 .text.MX_UART4_Init
                0x08001070       0x3c CMakeFiles/chassis_motor.elf.dir/Core/Src/usart.c.obj
                0x08001070                MX_UART4_Init
 .text.MX_UART5_Init
                0x080010ac       0x3c CMakeFiles/chassis_motor.elf.dir/Core/Src/usart.c.obj
                0x080010ac                MX_UART5_Init
 .text.MX_UART7_Init
                0x080010e8       0x3c CMakeFiles/chassis_motor.elf.dir/Core/Src/usart.c.obj
                0x080010e8                MX_UART7_Init
 .text.MX_UART8_Init
                0x08001124       0x3c CMakeFiles/chassis_motor.elf.dir/Core/Src/usart.c.obj
                0x08001124                MX_UART8_Init
 .text.HAL_UART_MspInit
                0x08001160      0x3c8 CMakeFiles/chassis_motor.elf.dir/Core/Src/usart.c.obj
                0x08001160                HAL_UART_MspInit
 .text.NMI_Handler
                0x08001528        0x2 CMakeFiles/chassis_motor.elf.dir/Core/Src/stm32f7xx_it.c.obj
                0x08001528                NMI_Handler
 .text.HardFault_Handler
                0x0800152a        0x2 CMakeFiles/chassis_motor.elf.dir/Core/Src/stm32f7xx_it.c.obj
                0x0800152a                HardFault_Handler
 .text.MemManage_Handler
                0x0800152c        0x2 CMakeFiles/chassis_motor.elf.dir/Core/Src/stm32f7xx_it.c.obj
                0x0800152c                MemManage_Handler
 .text.BusFault_Handler
                0x0800152e        0x2 CMakeFiles/chassis_motor.elf.dir/Core/Src/stm32f7xx_it.c.obj
                0x0800152e                BusFault_Handler
 .text.UsageFault_Handler
                0x08001530        0x2 CMakeFiles/chassis_motor.elf.dir/Core/Src/stm32f7xx_it.c.obj
                0x08001530                UsageFault_Handler
 .text.DebugMon_Handler
                0x08001532        0x2 CMakeFiles/chassis_motor.elf.dir/Core/Src/stm32f7xx_it.c.obj
                0x08001532                DebugMon_Handler
 .text.USART2_IRQHandler
                0x08001534        0xc CMakeFiles/chassis_motor.elf.dir/Core/Src/stm32f7xx_it.c.obj
                0x08001534                USART2_IRQHandler
 .text.UART4_IRQHandler
                0x08001540        0xc CMakeFiles/chassis_motor.elf.dir/Core/Src/stm32f7xx_it.c.obj
                0x08001540                UART4_IRQHandler
 .text.UART5_IRQHandler
                0x0800154c        0xc CMakeFiles/chassis_motor.elf.dir/Core/Src/stm32f7xx_it.c.obj
                0x0800154c                UART5_IRQHandler
 .text.UART7_IRQHandler
                0x08001558        0xc CMakeFiles/chassis_motor.elf.dir/Core/Src/stm32f7xx_it.c.obj
                0x08001558                UART7_IRQHandler
 .text.UART8_IRQHandler
                0x08001564        0xc CMakeFiles/chassis_motor.elf.dir/Core/Src/stm32f7xx_it.c.obj
                0x08001564                UART8_IRQHandler
 .text.TIM6_DAC_IRQHandler
                0x08001570        0xc CMakeFiles/chassis_motor.elf.dir/Core/Src/stm32f7xx_it.c.obj
                0x08001570                TIM6_DAC_IRQHandler
 .text.HAL_MspInit
                0x0800157c       0x3c CMakeFiles/chassis_motor.elf.dir/Core/Src/stm32f7xx_hal_msp.c.obj
                0x0800157c                HAL_MspInit
 .text.HAL_InitTick
                0x080015b8       0x9c CMakeFiles/chassis_motor.elf.dir/Core/Src/stm32f7xx_hal_timebase_tim.c.obj
                0x080015b8                HAL_InitTick
 .text.SystemInit
                0x08001654       0x14 CMakeFiles/chassis_motor.elf.dir/Core/Src/system_stm32f7xx.c.obj
                0x08001654                SystemInit
 .text.UartCommand_SubmitMotion
                0x08001668       0x3c CMakeFiles/chassis_motor.elf.dir/User/Task/uart_command.c.obj
 .text.UartCommand_Send
                0x080016a4       0x24 CMakeFiles/chassis_motor.elf.dir/User/Task/uart_command.c.obj
 .text.UartCommand_WaitNext
                0x080016c8       0x54 CMakeFiles/chassis_motor.elf.dir/User/Task/uart_command.c.obj
                0x080016c8                UartCommand_WaitNext
 .text.UartCommand_CreateQueues
                0x0800171c       0x28 CMakeFiles/chassis_motor.elf.dir/User/Task/uart_command.c.obj
                0x0800171c                UartCommand_CreateQueues
 .text.UartCommand_Init
                0x08001744       0x2c CMakeFiles/chassis_motor.elf.dir/User/Task/uart_command.c.obj
                0x08001744                UartCommand_Init
 .text.UartCommand_UartRxCpltCallback
                0x08001770       0xec CMakeFiles/chassis_motor.elf.dir/User/Task/uart_command.c.obj
                0x08001770                UartCommand_UartRxCpltCallback
 .text.UartCommand_UartErrorCallback
                0x0800185c       0x44 CMakeFiles/chassis_motor.elf.dir/User/Task/uart_command.c.obj
                0x0800185c                UartCommand_UartErrorCallback
 .text.UartCommand_Task
                0x080018a0      0x730 CMakeFiles/chassis_motor.elf.dir/User/Task/uart_command.c.obj
                0x080018a0                UartCommand_Task
 .text.StartChassisTask
                0x08001fd0      0x338 CMakeFiles/chassis_motor.elf.dir/User/Task/task_control.c.obj
                0x08001fd0                StartChassisTask
 .text.StartUartCommandTask
                0x08002308       0x18 CMakeFiles/chassis_motor.elf.dir/User/Task/task_control.c.obj
                0x08002308                StartUartCommandTask
 .text.RobotUser_Init
                0x08002320       0x24 CMakeFiles/chassis_motor.elf.dir/User/Robot/state_machine.c.obj
                0x08002320                RobotUser_Init
 .text.HAL_UART_RxCpltCallback
                0x08002344       0x24 CMakeFiles/chassis_motor.elf.dir/User/Robot/state_machine.c.obj
                0x08002344                HAL_UART_RxCpltCallback
 .text.HAL_UART_ErrorCallback
                0x08002368       0x24 CMakeFiles/chassis_motor.elf.dir/User/Robot/state_machine.c.obj
                0x08002368                HAL_UART_ErrorCallback
 .text.ServoAction_ResetParser
                0x0800238c       0x1c CMakeFiles/chassis_motor.elf.dir/User/Device/servo/servo_action.c.obj
 .text.ServoAction_Init
                0x080023a8       0x40 CMakeFiles/chassis_motor.elf.dir/User/Device/servo/servo_action.c.obj
                0x080023a8                ServoAction_Init
 .text.ServoAction_StartGroupNoWait
                0x080023e8       0x54 CMakeFiles/chassis_motor.elf.dir/User/Device/servo/servo_action.c.obj
                0x080023e8                ServoAction_StartGroupNoWait
 .text.ServoAction_RunGroup
                0x0800243c       0x5c CMakeFiles/chassis_motor.elf.dir/User/Device/servo/servo_action.c.obj
                0x0800243c                ServoAction_RunGroup
 .text.ServoAction_UartRxCpltCallback
                0x08002498       0xa8 CMakeFiles/chassis_motor.elf.dir/User/Device/servo/servo_action.c.obj
                0x08002498                ServoAction_UartRxCpltCallback
 .text.ServoAction_UartErrorCallback
                0x08002540       0x34 CMakeFiles/chassis_motor.elf.dir/User/Device/servo/servo_action.c.obj
                0x08002540                ServoAction_UartErrorCallback
 .text.MaixCamLink_ResetLine
                0x08002574       0x1c CMakeFiles/chassis_motor.elf.dir/User/Device/camera/maixcam_link.c.obj
 .text.MaixCamLink_Init
                0x08002590       0x38 CMakeFiles/chassis_motor.elf.dir/User/Device/camera/maixcam_link.c.obj
                0x08002590                MaixCamLink_Init
 .text.MaixCamLink_SendRequest
                0x080025c8       0x54 CMakeFiles/chassis_motor.elf.dir/User/Device/camera/maixcam_link.c.obj
                0x080025c8                MaixCamLink_SendRequest
 .text.MaixCamLink_TakeReply
                0x0800261c       0x1c CMakeFiles/chassis_motor.elf.dir/User/Device/camera/maixcam_link.c.obj
                0x0800261c                MaixCamLink_TakeReply
 .text.MaixCamLink_UartRxCpltCallback
                0x08002638       0x8c CMakeFiles/chassis_motor.elf.dir/User/Device/camera/maixcam_link.c.obj
                0x08002638                MaixCamLink_UartRxCpltCallback
 .text.MaixCamLink_UartErrorCallback
                0x080026c4       0x34 CMakeFiles/chassis_motor.elf.dir/User/Device/camera/maixcam_link.c.obj
                0x080026c4                MaixCamLink_UartErrorCallback
 .text.BallSequence_Finish
                0x080026f8       0x28 CMakeFiles/chassis_motor.elf.dir/User/Robot/ball_sequence.c.obj
 .text.BallSequence_RunGroup
                0x08002720       0x38 CMakeFiles/chassis_motor.elf.dir/User/Robot/ball_sequence.c.obj
 .text.BallSequence_Init
                0x08002758       0x34 CMakeFiles/chassis_motor.elf.dir/User/Robot/ball_sequence.c.obj
                0x08002758                BallSequence_Init
 .text.BallSequence_Run
                0x0800278c      0x1dc CMakeFiles/chassis_motor.elf.dir/User/Robot/ball_sequence.c.obj
                0x0800278c                BallSequence_Run
 .text.BallSequence_StateName
                0x08002968       0x18 CMakeFiles/chassis_motor.elf.dir/User/Robot/ball_sequence.c.obj
                0x08002968                BallSequence_StateName
 .text.BallSequence_StatusName
                0x08002980       0x18 CMakeFiles/chassis_motor.elf.dir/User/Robot/ball_sequence.c.obj
                0x08002980                BallSequence_StatusName
 .text.RFID_Poll
                0x08002998       0x28 CMakeFiles/chassis_motor.elf.dir/User/Device/rfid/rfid.c.obj
                0x08002998                RFID_Poll
 .text.RFID_GetStatus
                0x080029c0       0x44 CMakeFiles/chassis_motor.elf.dir/User/Device/rfid/rfid.c.obj
                0x080029c0                RFID_GetStatus
 .text.RFID_Clear
                0x08002a04       0x28 CMakeFiles/chassis_motor.elf.dir/User/Device/rfid/rfid.c.obj
                0x08002a04                RFID_Clear
 .text.RFID_Init
                0x08002a2c       0x24 CMakeFiles/chassis_motor.elf.dir/User/Device/rfid/rfid.c.obj
                0x08002a2c                RFID_Init
 .text.RFID_Read_ID
                0x08002a50       0x30 CMakeFiles/chassis_motor.elf.dir/User/Device/rfid/rfid.c.obj
                0x08002a50                RFID_Read_ID
 .text.RFID_UartRxCpltCallback
                0x08002a80      0x150 CMakeFiles/chassis_motor.elf.dir/User/Device/rfid/rfid.c.obj
                0x08002a80                RFID_UartRxCpltCallback
 .text.RFID_UartErrorCallback
                0x08002bd0       0x3c CMakeFiles/chassis_motor.elf.dir/User/Device/rfid/rfid.c.obj
                0x08002bd0                RFID_UartErrorCallback
 .text.GrayAlign_Stop
                0x08002c0c       0x24 CMakeFiles/chassis_motor.elf.dir/User/Algorithm/gray_align.c.obj
 .text.GrayAlign_RunInternal
                0x08002c30      0x118 CMakeFiles/chassis_motor.elf.dir/User/Algorithm/gray_align.c.obj
 .text.GrayAlign_Run
                0x08002d48        0xa CMakeFiles/chassis_motor.elf.dir/User/Algorithm/gray_align.c.obj
                0x08002d48                GrayAlign_Run
 .text.GrayAlign_RunUnlimited
                0x08002d52        0x8 CMakeFiles/chassis_motor.elf.dir/User/Algorithm/gray_align.c.obj
                0x08002d52                GrayAlign_RunUnlimited
 *fill*         0x08002d5a        0x2 
 .text.PathSequence_StopPending
                0x08002d5c       0x1c CMakeFiles/chassis_motor.elf.dir/User/Robot/path_sequence.c.obj
 .text.PathSequence_StopChassis
                0x08002d78       0x24 CMakeFiles/chassis_motor.elf.dir/User/Robot/path_sequence.c.obj
 .text.PathSequence_Cancel.isra.0
                0x08002d9c       0x1c CMakeFiles/chassis_motor.elf.dir/User/Robot/path_sequence.c.obj
 .text.PathSequence_Run
                0x08002db8      0x24c CMakeFiles/chassis_motor.elf.dir/User/Robot/path_sequence.c.obj
                0x08002db8                PathSequence_Run
 .text.PathSequence_StateName
                0x08003004       0x18 CMakeFiles/chassis_motor.elf.dir/User/Robot/path_sequence.c.obj
                0x08003004                PathSequence_StateName
 .text.PathSequence_StatusName
                0x0800301c       0x18 CMakeFiles/chassis_motor.elf.dir/User/Robot/path_sequence.c.obj
                0x0800301c                PathSequence_StatusName
 .text.StairSequence_FromMotionStatus
                0x08003034       0x18 CMakeFiles/chassis_motor.elf.dir/User/Robot/stair_sequence.c.obj
 .text.StairSequence_TurntableCancelCheck
                0x0800304c       0x10 CMakeFiles/chassis_motor.elf.dir/User/Robot/stair_sequence.c.obj
 .text.StairSequence_MapBallError
                0x0800305c       0x10 CMakeFiles/chassis_motor.elf.dir/User/Robot/stair_sequence.c.obj
 .text.StairSequence_RunCameraPoseGroup
                0x0800306c       0x40 CMakeFiles/chassis_motor.elf.dir/User/Robot/stair_sequence.c.obj
 .text.StairSequence_VisionEarlyStopCheck
                0x080030ac       0x14 CMakeFiles/chassis_motor.elf.dir/User/Robot/stair_sequence.c.obj
 .text.StairSequence_StopChassis
                0x080030c0       0x20 CMakeFiles/chassis_motor.elf.dir/User/Robot/stair_sequence.c.obj
 .text.StairSequence_CheckRedBallStopped
                0x080030e0       0x5c CMakeFiles/chassis_motor.elf.dir/User/Robot/stair_sequence.c.obj
 .text.StairSequence_Move90ThenCheck
                0x0800313c       0x8c CMakeFiles/chassis_motor.elf.dir/User/Robot/stair_sequence.c.obj
 .text.StairSequence_Finalize
                0x080031c8       0x20 CMakeFiles/chassis_motor.elf.dir/User/Robot/stair_sequence.c.obj
 .text.StairSequence_CheckStop
                0x080031e8       0x20 CMakeFiles/chassis_motor.elf.dir/User/Robot/stair_sequence.c.obj
 .text.StairSequence_Move117
                0x08003208       0x54 CMakeFiles/chassis_motor.elf.dir/User/Robot/stair_sequence.c.obj
 .text.StairSequence_RunServoGroup
                0x0800325c       0x28 CMakeFiles/chassis_motor.elf.dir/User/Robot/stair_sequence.c.obj
 .text.StairSequence_RunGrabAndTurn
                0x08003284       0x3c CMakeFiles/chassis_motor.elf.dir/User/Robot/stair_sequence.c.obj
 .text.StairSequence_Run
                0x080032c0      0x24c CMakeFiles/chassis_motor.elf.dir/User/Robot/stair_sequence.c.obj
                0x080032c0                StairSequence_Run
 .text.StairSequence_StateName
                0x0800350c       0x18 CMakeFiles/chassis_motor.elf.dir/User/Robot/stair_sequence.c.obj
                0x0800350c                StairSequence_StateName
 .text.StairSequence_StatusName
                0x08003524       0x18 CMakeFiles/chassis_motor.elf.dir/User/Robot/stair_sequence.c.obj
                0x08003524                StairSequence_StatusName
 .text.RoundPillar_TurntableCancelCheck
                0x0800353c       0x10 CMakeFiles/chassis_motor.elf.dir/User/Robot/round_pillar.c.obj
 .text.RoundPillar_Stop
                0x0800354c       0x24 CMakeFiles/chassis_motor.elf.dir/User/Robot/round_pillar.c.obj
 .text.RoundPillar_CheckStopAndImu
                0x08003570       0x30 CMakeFiles/chassis_motor.elf.dir/User/Robot/round_pillar.c.obj
 .text.RoundPillar_WaitSettled.constprop.0
                0x080035a0       0x26 CMakeFiles/chassis_motor.elf.dir/User/Robot/round_pillar.c.obj
 *fill*         0x080035c6        0x2 
 .text.RoundPillar_Run
                0x080035c8      0x254 CMakeFiles/chassis_motor.elf.dir/User/Robot/round_pillar.c.obj
                0x080035c8                RoundPillar_Run
 .text.Turntable_MoveOneSlotInDirection
                0x0800381c       0x44 CMakeFiles/chassis_motor.elf.dir/User/Device/turntable/turntable_control.c.obj
 .text.Turntable_Init
                0x08003860       0x34 CMakeFiles/chassis_motor.elf.dir/User/Device/turntable/turntable_control.c.obj
                0x08003860                Turntable_Init
 .text.Turntable_Enable
                0x08003894       0x2c CMakeFiles/chassis_motor.elf.dir/User/Device/turntable/turntable_control.c.obj
                0x08003894                Turntable_Enable
 .text.Turntable_MoveOneSlot
                0x080038c0        0x6 CMakeFiles/chassis_motor.elf.dir/User/Device/turntable/turntable_control.c.obj
                0x080038c0                Turntable_MoveOneSlot
 *fill*         0x080038c6        0x2 
 .text.Turntable_WaitComplete
                0x080038c8       0x74 CMakeFiles/chassis_motor.elf.dir/User/Device/turntable/turntable_control.c.obj
                0x080038c8                Turntable_WaitComplete
 .text.Turntable_MoveOneSlotAndWait
                0x0800393c       0x16 CMakeFiles/chassis_motor.elf.dir/User/Device/turntable/turntable_control.c.obj
                0x0800393c                Turntable_MoveOneSlotAndWait
 .text.Turntable_MoveOneSlotReverseAndWait
                0x08003952       0x18 CMakeFiles/chassis_motor.elf.dir/User/Device/turntable/turntable_control.c.obj
                0x08003952                Turntable_MoveOneSlotReverseAndWait
 *fill*         0x0800396a        0x2 
 .text.Turntable_Stop
                0x0800396c       0x2c CMakeFiles/chassis_motor.elf.dir/User/Device/turntable/turntable_control.c.obj
                0x0800396c                Turntable_Stop
 .text.Turntable_IsReady
                0x08003998       0x10 CMakeFiles/chassis_motor.elf.dir/User/Device/turntable/turntable_control.c.obj
                0x08003998                Turntable_IsReady
 .text.Turntable_StateName
                0x080039a8       0x18 CMakeFiles/chassis_motor.elf.dir/User/Device/turntable/turntable_control.c.obj
                0x080039a8                Turntable_StateName
 .text.Turntable_StatusName
                0x080039c0       0x18 CMakeFiles/chassis_motor.elf.dir/User/Device/turntable/turntable_control.c.obj
                0x080039c0                Turntable_StatusName
 .text.WarehouseControl_StopRequested
                0x080039d8       0x10 CMakeFiles/chassis_motor.elf.dir/User/Robot/warehouse_control.c.obj
 .text.WarehouseControl_Init
                0x080039e8       0x54 CMakeFiles/chassis_motor.elf.dir/User/Robot/warehouse_control.c.obj
                0x080039e8                WarehouseControl_Init
 .text.WarehouseControl_HandleActionGroup2Completed
                0x08003a3c       0x9c CMakeFiles/chassis_motor.elf.dir/User/Robot/warehouse_control.c.obj
                0x08003a3c                WarehouseControl_HandleActionGroup2Completed
 .text.WarehouseControl_IsReadyForAction
                0x08003ad8       0x18 CMakeFiles/chassis_motor.elf.dir/User/Robot/warehouse_control.c.obj
                0x08003ad8                WarehouseControl_IsReadyForAction
 .text.WarehouseControl_RemainingBallCount
                0x08003af0       0x1c CMakeFiles/chassis_motor.elf.dir/User/Robot/warehouse_control.c.obj
                0x08003af0                WarehouseControl_RemainingBallCount
 .text.WarehouseControl_StateName
                0x08003b0c       0x18 CMakeFiles/chassis_motor.elf.dir/User/Robot/warehouse_control.c.obj
                0x08003b0c                WarehouseControl_StateName
 .text.CangkuSequence_StopRequested
                0x08003b24       0x10 CMakeFiles/chassis_motor.elf.dir/User/Robot/cangku_task.c.obj
 .text.CangkuSequence_RunServoGroup
                0x08003b34       0x34 CMakeFiles/chassis_motor.elf.dir/User/Robot/cangku_task.c.obj
 .text.CangkuSequence_RunReverseTurntable
                0x08003b68       0x24 CMakeFiles/chassis_motor.elf.dir/User/Robot/cangku_task.c.obj
 .text.CangkuSequence_RunMoveDistance
                0x08003b8c       0x4c CMakeFiles/chassis_motor.elf.dir/User/Robot/cangku_task.c.obj
 .text.CangkuSequence_Init
                0x08003bd8       0x14 CMakeFiles/chassis_motor.elf.dir/User/Robot/cangku_task.c.obj
                0x08003bd8                CangkuSequence_Init
 .text.CangkuSequence_Run
                0x08003bec      0x21c CMakeFiles/chassis_motor.elf.dir/User/Robot/cangku_task.c.obj
                0x08003bec                CangkuSequence_Run
 .text.Motor_SendTimed
                0x08003e08       0x4c CMakeFiles/chassis_motor.elf.dir/User/BSP/motor_control.c.obj
 .text.Motor_Enable
                0x08003e54       0x2c CMakeFiles/chassis_motor.elf.dir/User/BSP/motor_control.c.obj
 .text.Motor_Speed
                0x08003e80       0x54 CMakeFiles/chassis_motor.elf.dir/User/BSP/motor_control.c.obj
 .text.Motor_Stop
                0x08003ed4       0x2a CMakeFiles/chassis_motor.elf.dir/User/BSP/motor_control.c.obj
 *fill*         0x08003efe        0x2 
 .text.Motor_SyncTrigger
                0x08003f00       0x1c CMakeFiles/chassis_motor.elf.dir/User/BSP/motor_control.c.obj
 .text.MotorControl_Init
                0x08003f1c       0x2c CMakeFiles/chassis_motor.elf.dir/User/BSP/motor_control.c.obj
                0x08003f1c                MotorControl_Init
 .text.MotorControl_EnableAll
                0x08003f48       0x38 CMakeFiles/chassis_motor.elf.dir/User/BSP/motor_control.c.obj
                0x08003f48                MotorControl_EnableAll
 .text.MotorControl_StopAll
                0x08003f80       0x38 CMakeFiles/chassis_motor.elf.dir/User/BSP/motor_control.c.obj
                0x08003f80                MotorControl_StopAll
 .text.MotorControl_SetWheelSpeeds
                0x08003fb8       0x68 CMakeFiles/chassis_motor.elf.dir/User/BSP/motor_control.c.obj
                0x08003fb8                MotorControl_SetWheelSpeeds
 .text.ZDT_Send
                0x08004020       0x44 CMakeFiles/chassis_motor.elf.dir/User/BSP/cangku_motor.c.obj
 .text.ZDT_SyncTrigger
                0x08004064       0x1c CMakeFiles/chassis_motor.elf.dir/User/BSP/cangku_motor.c.obj
 .text.ZDT_Init
                0x08004080       0x24 CMakeFiles/chassis_motor.elf.dir/User/BSP/cangku_motor.c.obj
                0x08004080                ZDT_Init
 .text.ZDT_Enable
                0x080040a4       0x34 CMakeFiles/chassis_motor.elf.dir/User/BSP/cangku_motor.c.obj
                0x080040a4                ZDT_Enable
 .text.ZDT_Stop
                0x080040d8       0x34 CMakeFiles/chassis_motor.elf.dir/User/BSP/cangku_motor.c.obj
                0x080040d8                ZDT_Stop
 .text.ZDT_MoveRelative
                0x0800410c       0x78 CMakeFiles/chassis_motor.elf.dir/User/BSP/cangku_motor.c.obj
                0x0800410c                ZDT_MoveRelative
 .text.MecanumKinematics_Solve
                0x08004184       0x2c CMakeFiles/chassis_motor.elf.dir/User/Algorithm/mecanum_kinematics.c.obj
                0x08004184                MecanumKinematics_Solve
 .text.MecanumKinematics_DesaturateWithScale
                0x080041b0       0xd2 CMakeFiles/chassis_motor.elf.dir/User/Algorithm/mecanum_kinematics.c.obj
                0x080041b0                MecanumKinematics_DesaturateWithScale
 *fill*         0x08004282        0x2 
 .text.Motion_HeadingCorrection
                0x08004284       0xc8 CMakeFiles/chassis_motor.elf.dir/User/Algorithm/motion_control.c.obj
 .text.Motion_WaitControlPeriod
                0x0800434c       0x30 CMakeFiles/chassis_motor.elf.dir/User/Algorithm/motion_control.c.obj
 .text.Motion_IntegrateUntil
                0x0800437c       0x70 CMakeFiles/chassis_motor.elf.dir/User/Algorithm/motion_control.c.obj
 .text.MotionControl_SetBodySpeedWithScale
                0x080043ec      0x17c CMakeFiles/chassis_motor.elf.dir/User/Algorithm/motion_control.c.obj
 .text.MotionControl_HandleStopRequest
                0x08004568       0x6c CMakeFiles/chassis_motor.elf.dir/User/Algorithm/motion_control.c.obj
 .text.Motion_SegmentFail
                0x080045d4       0x4c CMakeFiles/chassis_motor.elf.dir/User/Algorithm/motion_control.c.obj
 .text.MotionControl_GetHeadingCorrection
                0x08004620        0xc CMakeFiles/chassis_motor.elf.dir/User/Algorithm/motion_control.c.obj
                0x08004620                MotionControl_GetHeadingCorrection
 .text.MotionControl_SetBodySpeed
                0x0800462c        0x6 CMakeFiles/chassis_motor.elf.dir/User/Algorithm/motion_control.c.obj
                0x0800462c                MotionControl_SetBodySpeed
 *fill*         0x08004632        0x2 
 .text.MotionControl_ResetHeadingReference
                0x08004634       0x24 CMakeFiles/chassis_motor.elf.dir/User/Algorithm/motion_control.c.obj
                0x08004634                MotionControl_ResetHeadingReference
 .text.MotionControl_Init
                0x08004658      0x108 CMakeFiles/chassis_motor.elf.dir/User/Algorithm/motion_control.c.obj
                0x08004658                MotionControl_Init
 .text.MotionControl_RequestStop
                0x08004760        0xc CMakeFiles/chassis_motor.elf.dir/User/Algorithm/motion_control.c.obj
                0x08004760                MotionControl_RequestStop
 .text.MotionControl_ClearStopRequest
                0x0800476c       0x14 CMakeFiles/chassis_motor.elf.dir/User/Algorithm/motion_control.c.obj
                0x0800476c                MotionControl_ClearStopRequest
 .text.MotionControl_WasStopped
                0x08004780        0xc CMakeFiles/chassis_motor.elf.dir/User/Algorithm/motion_control.c.obj
                0x08004780                MotionControl_WasStopped
 .text.MotionControl_MovePolarSegmentMmUntil
                0x0800478c      0x738 CMakeFiles/chassis_motor.elf.dir/User/Algorithm/motion_control.c.obj
                0x0800478c                MotionControl_MovePolarSegmentMmUntil
 .text.MotionControl_MovePolarSegmentMm
                0x08004ec4        0x8 CMakeFiles/chassis_motor.elf.dir/User/Algorithm/motion_control.c.obj
                0x08004ec4                MotionControl_MovePolarSegmentMm
 .text.MotionControl_RotateDeg
                0x08004ecc      0x2ac CMakeFiles/chassis_motor.elf.dir/User/Algorithm/motion_control.c.obj
                0x08004ecc                MotionControl_RotateDeg
 .text.MotionControl_PrepareForMove
                0x08005178       0x5c CMakeFiles/chassis_motor.elf.dir/User/Algorithm/motion_control.c.obj
                0x08005178                MotionControl_PrepareForMove
 .text.Jy61P_Init
                0x080051d4       0x9c CMakeFiles/chassis_motor.elf.dir/User/Device/imu/jy61p.c.obj
                0x080051d4                Jy61P_Init
 .text.Jy61P_UartErrorCallback
                0x08005270       0x44 CMakeFiles/chassis_motor.elf.dir/User/Device/imu/jy61p.c.obj
                0x08005270                Jy61P_UartErrorCallback
 .text.Jy61P_ReceiveData
                0x080052b4      0x17c CMakeFiles/chassis_motor.elf.dir/User/Device/imu/jy61p.c.obj
                0x080052b4                Jy61P_ReceiveData
 .text.Jy61P_UartRxCpltCallback
                0x08005430       0x2c CMakeFiles/chassis_motor.elf.dir/User/Device/imu/jy61p.c.obj
                0x08005430                Jy61P_UartRxCpltCallback
 .text.Jy61P_IsOnline
                0x0800545c       0x24 CMakeFiles/chassis_motor.elf.dir/User/Device/imu/jy61p.c.obj
                0x0800545c                Jy61P_IsOnline
 .text.Jy61P_WaitData
                0x08005480       0x30 CMakeFiles/chassis_motor.elf.dir/User/Device/imu/jy61p.c.obj
                0x08005480                Jy61P_WaitData
 .text.Jy61P_ResetContinuousYaw
                0x080054b0       0x30 CMakeFiles/chassis_motor.elf.dir/User/Device/imu/jy61p.c.obj
                0x080054b0                Jy61P_ResetContinuousYaw
 .text.Jy61P_GetContinuousYaw
                0x080054e0       0x18 CMakeFiles/chassis_motor.elf.dir/User/Device/imu/jy61p.c.obj
                0x080054e0                Jy61P_GetContinuousYaw
 .text.HAL_Init
                0x080054f8       0x16 CMakeFiles/chassis_motor.elf.dir/Drivers/STM32F7xx_HAL_Driver/Src/stm32f7xx_hal.c.obj
                0x080054f8                HAL_Init
 *fill*         0x0800550e        0x2 
 .text.HAL_IncTick
                0x08005510       0x18 CMakeFiles/chassis_motor.elf.dir/Drivers/STM32F7xx_HAL_Driver/Src/stm32f7xx_hal.c.obj
                0x08005510                HAL_IncTick
 .text.HAL_GetTick
                0x08005528        0xc CMakeFiles/chassis_motor.elf.dir/Drivers/STM32F7xx_HAL_Driver/Src/stm32f7xx_hal.c.obj
                0x08005528                HAL_GetTick
 .text.HAL_Delay
                0x08005534       0x24 CMakeFiles/chassis_motor.elf.dir/Drivers/STM32F7xx_HAL_Driver/Src/stm32f7xx_hal.c.obj
                0x08005534                HAL_Delay
 .text.HAL_NVIC_SetPriorityGrouping
                0x08005558       0x24 CMakeFiles/chassis_motor.elf.dir/Drivers/STM32F7xx_HAL_Driver/Src/stm32f7xx_hal_cortex.c.obj
                0x08005558                HAL_NVIC_SetPriorityGrouping
 .text.HAL_NVIC_SetPriority
                0x0800557c       0x64 CMakeFiles/chassis_motor.elf.dir/Drivers/STM32F7xx_HAL_Driver/Src/stm32f7xx_hal_cortex.c.obj
                0x0800557c                HAL_NVIC_SetPriority
 .text.HAL_NVIC_EnableIRQ
                0x080055e0       0x1c CMakeFiles/chassis_motor.elf.dir/Drivers/STM32F7xx_HAL_Driver/Src/stm32f7xx_hal_cortex.c.obj
                0x080055e0                HAL_NVIC_EnableIRQ
 .text.HAL_MPU_Disable
                0x080055fc       0x1c CMakeFiles/chassis_motor.elf.dir/Drivers/STM32F7xx_HAL_Driver/Src/stm32f7xx_hal_cortex.c.obj
                0x080055fc                HAL_MPU_Disable
 .text.HAL_MPU_Enable
                0x08005618       0x20 CMakeFiles/chassis_motor.elf.dir/Drivers/STM32F7xx_HAL_Driver/Src/stm32f7xx_hal_cortex.c.obj
                0x08005618                HAL_MPU_Enable
 .text.HAL_MPU_ConfigRegion
                0x08005638       0x58 CMakeFiles/chassis_motor.elf.dir/Drivers/STM32F7xx_HAL_Driver/Src/stm32f7xx_hal_cortex.c.obj
                0x08005638                HAL_MPU_ConfigRegion
 .text.HAL_DMA_Abort
                0x08005690       0x7c CMakeFiles/chassis_motor.elf.dir/Drivers/STM32F7xx_HAL_Driver/Src/stm32f7xx_hal_dma.c.obj
                0x08005690                HAL_DMA_Abort
 .text.HAL_DMA_Abort_IT
                0x0800570c       0x24 CMakeFiles/chassis_motor.elf.dir/Drivers/STM32F7xx_HAL_Driver/Src/stm32f7xx_hal_dma.c.obj
                0x0800570c                HAL_DMA_Abort_IT
 .text.HAL_GPIO_Init
                0x08005730      0x1c8 CMakeFiles/chassis_motor.elf.dir/Drivers/STM32F7xx_HAL_Driver/Src/stm32f7xx_hal_gpio.c.obj
                0x08005730                HAL_GPIO_Init
 .text.HAL_GPIO_ReadPin
                0x080058f8        0xc CMakeFiles/chassis_motor.elf.dir/Drivers/STM32F7xx_HAL_Driver/Src/stm32f7xx_hal_gpio.c.obj
                0x080058f8                HAL_GPIO_ReadPin
 .text.HAL_PWREx_EnableOverDrive
                0x08005904       0x70 CMakeFiles/chassis_motor.elf.dir/Drivers/STM32F7xx_HAL_Driver/Src/stm32f7xx_hal_pwr_ex.c.obj
                0x08005904                HAL_PWREx_EnableOverDrive
 .text.HAL_RCC_OscConfig
                0x08005974      0x374 CMakeFiles/chassis_motor.elf.dir/Drivers/STM32F7xx_HAL_Driver/Src/stm32f7xx_hal_rcc.c.obj
                0x08005974                HAL_RCC_OscConfig
 .text.HAL_RCC_GetSysClockFreq
                0x08005ce8       0x5c CMakeFiles/chassis_motor.elf.dir/Drivers/STM32F7xx_HAL_Driver/Src/stm32f7xx_hal_rcc.c.obj
                0x08005ce8                HAL_RCC_GetSysClockFreq
 .text.HAL_RCC_ClockConfig
                0x08005d44      0x13c CMakeFiles/chassis_motor.elf.dir/Drivers/STM32F7xx_HAL_Driver/Src/stm32f7xx_hal_rcc.c.obj
                0x08005d44                HAL_RCC_ClockConfig
 .text.HAL_RCC_GetPCLK1Freq
                0x08005e80       0x20 CMakeFiles/chassis_motor.elf.dir/Drivers/STM32F7xx_HAL_Driver/Src/stm32f7xx_hal_rcc.c.obj
                0x08005e80                HAL_RCC_GetPCLK1Freq
 .text.HAL_RCC_GetPCLK2Freq
                0x08005ea0       0x20 CMakeFiles/chassis_motor.elf.dir/Drivers/STM32F7xx_HAL_Driver/Src/stm32f7xx_hal_rcc.c.obj
                0x08005ea0                HAL_RCC_GetPCLK2Freq
 .text.HAL_RCC_GetClockConfig
                0x08005ec0       0x3c CMakeFiles/chassis_motor.elf.dir/Drivers/STM32F7xx_HAL_Driver/Src/stm32f7xx_hal_rcc.c.obj
                0x08005ec0                HAL_RCC_GetClockConfig
 .text.HAL_RCCEx_PeriphCLKConfig
                0x08005efc      0x518 CMakeFiles/chassis_motor.elf.dir/Drivers/STM32F7xx_HAL_Driver/Src/stm32f7xx_hal_rcc_ex.c.obj
                0x08005efc                HAL_RCCEx_PeriphCLKConfig
 .text.HAL_TIM_Base_MspInit
                0x08006414        0x2 CMakeFiles/chassis_motor.elf.dir/Drivers/STM32F7xx_HAL_Driver/Src/stm32f7xx_hal_tim.c.obj
                0x08006414                HAL_TIM_Base_MspInit
 *fill*         0x08006416        0x2 
 .text.HAL_TIM_Base_Start_IT
                0x08006418       0x7c CMakeFiles/chassis_motor.elf.dir/Drivers/STM32F7xx_HAL_Driver/Src/stm32f7xx_hal_tim.c.obj
                0x08006418                HAL_TIM_Base_Start_IT
 .text.HAL_TIM_OC_DelayElapsedCallback
                0x08006494        0x2 CMakeFiles/chassis_motor.elf.dir/Drivers/STM32F7xx_HAL_Driver/Src/stm32f7xx_hal_tim.c.obj
                0x08006494                HAL_TIM_OC_DelayElapsedCallback
 .text.HAL_TIM_IC_CaptureCallback
                0x08006496        0x2 CMakeFiles/chassis_motor.elf.dir/Drivers/STM32F7xx_HAL_Driver/Src/stm32f7xx_hal_tim.c.obj
                0x08006496                HAL_TIM_IC_CaptureCallback
 .text.HAL_TIM_PWM_PulseFinishedCallback
                0x08006498        0x2 CMakeFiles/chassis_motor.elf.dir/Drivers/STM32F7xx_HAL_Driver/Src/stm32f7xx_hal_tim.c.obj
                0x08006498                HAL_TIM_PWM_PulseFinishedCallback
 .text.HAL_TIM_TriggerCallback
                0x0800649a        0x2 CMakeFiles/chassis_motor.elf.dir/Drivers/STM32F7xx_HAL_Driver/Src/stm32f7xx_hal_tim.c.obj
                0x0800649a                HAL_TIM_TriggerCallback
 .text.HAL_TIM_IRQHandler
                0x0800649c      0x140 CMakeFiles/chassis_motor.elf.dir/Drivers/STM32F7xx_HAL_Driver/Src/stm32f7xx_hal_tim.c.obj
                0x0800649c                HAL_TIM_IRQHandler
 .text.TIM_Base_SetConfig
                0x080065dc       0xa8 CMakeFiles/chassis_motor.elf.dir/Drivers/STM32F7xx_HAL_Driver/Src/stm32f7xx_hal_tim.c.obj
                0x080065dc                TIM_Base_SetConfig
 .text.HAL_TIM_Base_Init
                0x08006684       0x60 CMakeFiles/chassis_motor.elf.dir/Drivers/STM32F7xx_HAL_Driver/Src/stm32f7xx_hal_tim.c.obj
                0x08006684                HAL_TIM_Base_Init
 .text.HAL_TIMEx_CommutCallback
                0x080066e4        0x2 CMakeFiles/chassis_motor.elf.dir/Drivers/STM32F7xx_HAL_Driver/Src/stm32f7xx_hal_tim_ex.c.obj
                0x080066e4                HAL_TIMEx_CommutCallback
 .text.HAL_TIMEx_BreakCallback
                0x080066e6        0x2 CMakeFiles/chassis_motor.elf.dir/Drivers/STM32F7xx_HAL_Driver/Src/stm32f7xx_hal_tim_ex.c.obj
                0x080066e6                HAL_TIMEx_BreakCallback
 .text.HAL_TIMEx_Break2Callback
                0x080066e8        0x2 CMakeFiles/chassis_motor.elf.dir/Drivers/STM32F7xx_HAL_Driver/Src/stm32f7xx_hal_tim_ex.c.obj
                0x080066e8                HAL_TIMEx_Break2Callback
 .text.UART_EndRxTransfer
                0x080066ea       0x50 CMakeFiles/chassis_motor.elf.dir/Drivers/STM32F7xx_HAL_Driver/Src/stm32f7xx_hal_uart.c.obj
 .text.HAL_UART_TxCpltCallback
                0x0800673a        0x2 CMakeFiles/chassis_motor.elf.dir/Drivers/STM32F7xx_HAL_Driver/Src/stm32f7xx_hal_uart.c.obj
                0x0800673a                HAL_UART_TxCpltCallback
 .text.UART_DMAAbortOnError
                0x0800673c       0x10 CMakeFiles/chassis_motor.elf.dir/Drivers/STM32F7xx_HAL_Driver/Src/stm32f7xx_hal_uart.c.obj
 .text.HAL_UARTEx_RxEventCallback
                0x0800674c        0x2 CMakeFiles/chassis_motor.elf.dir/Drivers/STM32F7xx_HAL_Driver/Src/stm32f7xx_hal_uart.c.obj
                0x0800674c                HAL_UARTEx_RxEventCallback
 *fill*         0x0800674e        0x2 
 .text.HAL_UART_IRQHandler
                0x08006750      0x294 CMakeFiles/chassis_motor.elf.dir/Drivers/STM32F7xx_HAL_Driver/Src/stm32f7xx_hal_uart.c.obj
                0x08006750                HAL_UART_IRQHandler
 .text.UART_RxISR_8BIT
                0x080069e4       0xc0 CMakeFiles/chassis_motor.elf.dir/Drivers/STM32F7xx_HAL_Driver/Src/stm32f7xx_hal_uart.c.obj
 .text.UART_RxISR_16BIT
                0x08006aa4       0xba CMakeFiles/chassis_motor.elf.dir/Drivers/STM32F7xx_HAL_Driver/Src/stm32f7xx_hal_uart.c.obj
 *fill*         0x08006b5e        0x2 
 .text.UART_SetConfig
                0x08006b60      0x1fc CMakeFiles/chassis_motor.elf.dir/Drivers/STM32F7xx_HAL_Driver/Src/stm32f7xx_hal_uart.c.obj
                0x08006b60                UART_SetConfig
 .text.UART_AdvFeatureConfig
                0x08006d5c       0xaa CMakeFiles/chassis_motor.elf.dir/Drivers/STM32F7xx_HAL_Driver/Src/stm32f7xx_hal_uart.c.obj
                0x08006d5c                UART_AdvFeatureConfig
 .text.UART_WaitOnFlagUntilTimeout
                0x08006e06       0x90 CMakeFiles/chassis_motor.elf.dir/Drivers/STM32F7xx_HAL_Driver/Src/stm32f7xx_hal_uart.c.obj
                0x08006e06                UART_WaitOnFlagUntilTimeout
 .text.HAL_UART_Transmit
                0x08006e96       0xa2 CMakeFiles/chassis_motor.elf.dir/Drivers/STM32F7xx_HAL_Driver/Src/stm32f7xx_hal_uart.c.obj
                0x08006e96                HAL_UART_Transmit
 .text.UART_CheckIdleState
                0x08006f38       0x5e CMakeFiles/chassis_motor.elf.dir/Drivers/STM32F7xx_HAL_Driver/Src/stm32f7xx_hal_uart.c.obj
                0x08006f38                UART_CheckIdleState
 .text.HAL_UART_Init
                0x08006f96       0x5c CMakeFiles/chassis_motor.elf.dir/Drivers/STM32F7xx_HAL_Driver/Src/stm32f7xx_hal_uart.c.obj
                0x08006f96                HAL_UART_Init
 *fill*         0x08006ff2        0x2 
 .text.UART_Start_Receive_IT
                0x08006ff4       0xb8 CMakeFiles/chassis_motor.elf.dir/Drivers/STM32F7xx_HAL_Driver/Src/stm32f7xx_hal_uart.c.obj
                0x08006ff4                UART_Start_Receive_IT
 .text.HAL_UART_Receive_IT
                0x080070ac       0x3a CMakeFiles/chassis_motor.elf.dir/Drivers/STM32F7xx_HAL_Driver/Src/stm32f7xx_hal_uart.c.obj
                0x080070ac                HAL_UART_Receive_IT
 .text.vListInitialise
                0x080070e6       0x16 CMakeFiles/chassis_motor.elf.dir/Middlewares/Third_Party/FreeRTOS/Source/list.c.obj
                0x080070e6                vListInitialise
 .text.vListInitialiseItem
                0x080070fc        0x6 CMakeFiles/chassis_motor.elf.dir/Middlewares/Third_Party/FreeRTOS/Source/list.c.obj
                0x080070fc                vListInitialiseItem
 .text.vListInsertEnd
                0x08007102       0x16 CMakeFiles/chassis_motor.elf.dir/Middlewares/Third_Party/FreeRTOS/Source/list.c.obj
                0x08007102                vListInsertEnd
 .text.vListInsert
                0x08007118       0x2e CMakeFiles/chassis_motor.elf.dir/Middlewares/Third_Party/FreeRTOS/Source/list.c.obj
                0x08007118                vListInsert
 .text.uxListRemove
                0x08007146       0x20 CMakeFiles/chassis_motor.elf.dir/Middlewares/Third_Party/FreeRTOS/Source/list.c.obj
                0x08007146                uxListRemove
 .text.prvIsQueueEmpty
                0x08007166       0x16 CMakeFiles/chassis_motor.elf.dir/Middlewares/Third_Party/FreeRTOS/Source/queue.c.obj
 .text.prvCopyDataToQueue
                0x0800717c       0x66 CMakeFiles/chassis_motor.elf.dir/Middlewares/Third_Party/FreeRTOS/Source/queue.c.obj
 .text.prvCopyDataFromQueue
                0x080071e2       0x28 CMakeFiles/chassis_motor.elf.dir/Middlewares/Third_Party/FreeRTOS/Source/queue.c.obj
 .text.prvUnlockQueue
                0x0800720a       0x6c CMakeFiles/chassis_motor.elf.dir/Middlewares/Third_Party/FreeRTOS/Source/queue.c.obj
 .text.xQueueGenericReset
                0x08007276       0x82 CMakeFiles/chassis_motor.elf.dir/Middlewares/Third_Party/FreeRTOS/Source/queue.c.obj
                0x08007276                xQueueGenericReset
 .text.xQueueGenericCreateStatic.part.0
                0x080072f8       0x98 CMakeFiles/chassis_motor.elf.dir/Middlewares/Third_Party/FreeRTOS/Source/queue.c.obj
 .text.xQueueGenericCreateStatic
                0x08007390       0x28 CMakeFiles/chassis_motor.elf.dir/Middlewares/Third_Party/FreeRTOS/Source/queue.c.obj
                0x08007390                xQueueGenericCreateStatic
 .text.xQueueGenericCreate
                0x080073b8       0x52 CMakeFiles/chassis_motor.elf.dir/Middlewares/Third_Party/FreeRTOS/Source/queue.c.obj
                0x080073b8                xQueueGenericCreate
 .text.xQueueGenericSend
                0x0800740a      0x174 CMakeFiles/chassis_motor.elf.dir/Middlewares/Third_Party/FreeRTOS/Source/queue.c.obj
                0x0800740a                xQueueGenericSend
 .text.xQueueGenericSendFromISR
                0x0800757e       0xc8 CMakeFiles/chassis_motor.elf.dir/Middlewares/Third_Party/FreeRTOS/Source/queue.c.obj
                0x0800757e                xQueueGenericSendFromISR
 .text.xQueueReceive
                0x08007646      0x14a CMakeFiles/chassis_motor.elf.dir/Middlewares/Third_Party/FreeRTOS/Source/queue.c.obj
                0x08007646                xQueueReceive
 .text.vQueueAddToRegistry
                0x08007790       0x24 CMakeFiles/chassis_motor.elf.dir/Middlewares/Third_Party/FreeRTOS/Source/queue.c.obj
                0x08007790                vQueueAddToRegistry
 .text.vQueueWaitForMessageRestricted
                0x080077b4       0x46 CMakeFiles/chassis_motor.elf.dir/Middlewares/Third_Party/FreeRTOS/Source/queue.c.obj
                0x080077b4                vQueueWaitForMessageRestricted
 *fill*         0x080077fa        0x2 
 .text.prvAddNewTaskToReadyList
                0x080077fc       0xfc CMakeFiles/chassis_motor.elf.dir/Middlewares/Third_Party/FreeRTOS/Source/tasks.c.obj
 .text.prvAddCurrentTaskToDelayedList
                0x080078f8       0x70 CMakeFiles/chassis_motor.elf.dir/Middlewares/Third_Party/FreeRTOS/Source/tasks.c.obj
 .text.prvResetNextTaskUnblockTime
                0x08007968       0x24 CMakeFiles/chassis_motor.elf.dir/Middlewares/Third_Party/FreeRTOS/Source/tasks.c.obj
 .text.prvDeleteTCB
                0x0800798c       0x3a CMakeFiles/chassis_motor.elf.dir/Middlewares/Third_Party/FreeRTOS/Source/tasks.c.obj
 *fill*         0x080079c6        0x2 
 .text.prvIdleTask
                0x080079c8       0x60 CMakeFiles/chassis_motor.elf.dir/Middlewares/Third_Party/FreeRTOS/Source/tasks.c.obj
 .text.prvInitialiseNewTask.constprop.0
                0x08007a28       0x96 CMakeFiles/chassis_motor.elf.dir/Middlewares/Third_Party/FreeRTOS/Source/tasks.c.obj
 .text.xTaskCreateStatic
                0x08007abe       0x7c CMakeFiles/chassis_motor.elf.dir/Middlewares/Third_Party/FreeRTOS/Source/tasks.c.obj
                0x08007abe                xTaskCreateStatic
 .text.xTaskCreate
                0x08007b3a       0x5c CMakeFiles/chassis_motor.elf.dir/Middlewares/Third_Party/FreeRTOS/Source/tasks.c.obj
                0x08007b3a                xTaskCreate
 *fill*         0x08007b96        0x2 
 .text.vTaskStartScheduler
                0x08007b98       0x94 CMakeFiles/chassis_motor.elf.dir/Middlewares/Third_Party/FreeRTOS/Source/tasks.c.obj
                0x08007b98                vTaskStartScheduler
 .text.vTaskSuspendAll
                0x08007c2c       0x10 CMakeFiles/chassis_motor.elf.dir/Middlewares/Third_Party/FreeRTOS/Source/tasks.c.obj
                0x08007c2c                vTaskSuspendAll
 .text.xTaskGetTickCount
                0x08007c3c        0xc CMakeFiles/chassis_motor.elf.dir/Middlewares/Third_Party/FreeRTOS/Source/tasks.c.obj
                0x08007c3c                xTaskGetTickCount
 .text.xTaskIncrementTick
                0x08007c48      0x134 CMakeFiles/chassis_motor.elf.dir/Middlewares/Third_Party/FreeRTOS/Source/tasks.c.obj
                0x08007c48                xTaskIncrementTick
 .text.xTaskResumeAll
                0x08007d7c       0xec CMakeFiles/chassis_motor.elf.dir/Middlewares/Third_Party/FreeRTOS/Source/tasks.c.obj
                0x08007d7c                xTaskResumeAll
 .text.vTaskDelay
                0x08007e68       0x4c CMakeFiles/chassis_motor.elf.dir/Middlewares/Third_Party/FreeRTOS/Source/tasks.c.obj
                0x08007e68                vTaskDelay
 .text.vTaskSwitchContext
                0x08007eb4       0x70 CMakeFiles/chassis_motor.elf.dir/Middlewares/Third_Party/FreeRTOS/Source/tasks.c.obj
                0x08007eb4                vTaskSwitchContext
 .text.vTaskPlaceOnEventList
                0x08007f24       0x38 CMakeFiles/chassis_motor.elf.dir/Middlewares/Third_Party/FreeRTOS/Source/tasks.c.obj
                0x08007f24                vTaskPlaceOnEventList
 .text.vTaskPlaceOnEventListRestricted
                0x08007f5c       0x40 CMakeFiles/chassis_motor.elf.dir/Middlewares/Third_Party/FreeRTOS/Source/tasks.c.obj
                0x08007f5c                vTaskPlaceOnEventListRestricted
 .text.xTaskRemoveFromEventList
                0x08007f9c       0x88 CMakeFiles/chassis_motor.elf.dir/Middlewares/Third_Party/FreeRTOS/Source/tasks.c.obj
                0x08007f9c                xTaskRemoveFromEventList
 .text.vTaskInternalSetTimeOutState
                0x08008024       0x18 CMakeFiles/chassis_motor.elf.dir/Middlewares/Third_Party/FreeRTOS/Source/tasks.c.obj
                0x08008024                vTaskInternalSetTimeOutState
 .text.xTaskCheckForTimeOut
                0x0800803c       0x80 CMakeFiles/chassis_motor.elf.dir/Middlewares/Third_Party/FreeRTOS/Source/tasks.c.obj
                0x0800803c                xTaskCheckForTimeOut
 .text.vTaskMissedYield
                0x080080bc        0xc CMakeFiles/chassis_motor.elf.dir/Middlewares/Third_Party/FreeRTOS/Source/tasks.c.obj
                0x080080bc                vTaskMissedYield
 .text.xTaskGetSchedulerState
                0x080080c8       0x20 CMakeFiles/chassis_motor.elf.dir/Middlewares/Third_Party/FreeRTOS/Source/tasks.c.obj
                0x080080c8                xTaskGetSchedulerState
 .text.xTaskPriorityDisinherit
                0x080080e8       0x8c CMakeFiles/chassis_motor.elf.dir/Middlewares/Third_Party/FreeRTOS/Source/tasks.c.obj
                0x080080e8                xTaskPriorityDisinherit
 .text.prvInsertTimerInActiveList
                0x08008174       0x3c CMakeFiles/chassis_motor.elf.dir/Middlewares/Third_Party/FreeRTOS/Source/timers.c.obj
 .text.prvCheckForValidListAndQueue
                0x080081b0       0x68 CMakeFiles/chassis_motor.elf.dir/Middlewares/Third_Party/FreeRTOS/Source/timers.c.obj
 .text.xTimerCreateTimerTask
                0x08008218       0x68 CMakeFiles/chassis_motor.elf.dir/Middlewares/Third_Party/FreeRTOS/Source/timers.c.obj
                0x08008218                xTimerCreateTimerTask
 .text.xTimerGenericCommand
                0x08008280       0x5c CMakeFiles/chassis_motor.elf.dir/Middlewares/Third_Party/FreeRTOS/Source/timers.c.obj
                0x08008280                xTimerGenericCommand
 .text.prvSwitchTimerLists
                0x080082dc       0x78 CMakeFiles/chassis_motor.elf.dir/Middlewares/Third_Party/FreeRTOS/Source/timers.c.obj
 .text.prvTimerTask
                0x08008354      0x1fc CMakeFiles/chassis_motor.elf.dir/Middlewares/Third_Party/FreeRTOS/Source/timers.c.obj
 .text.osKernelInitialize
                0x08008550       0x34 CMakeFiles/chassis_motor.elf.dir/Middlewares/Third_Party/FreeRTOS/Source/CMSIS_RTOS_V2/cmsis_os2.c.obj
                0x08008550                osKernelInitialize
 .text.osKernelStart
                0x08008584       0x40 CMakeFiles/chassis_motor.elf.dir/Middlewares/Third_Party/FreeRTOS/Source/CMSIS_RTOS_V2/cmsis_os2.c.obj
                0x08008584                osKernelStart
 .text.osThreadNew
                0x080085c4       0xa4 CMakeFiles/chassis_motor.elf.dir/Middlewares/Third_Party/FreeRTOS/Source/CMSIS_RTOS_V2/cmsis_os2.c.obj
                0x080085c4                osThreadNew
 .text.osDelay  0x08008668       0x30 CMakeFiles/chassis_motor.elf.dir/Middlewares/Third_Party/FreeRTOS/Source/CMSIS_RTOS_V2/cmsis_os2.c.obj
                0x08008668                osDelay
 .text.vApplicationGetIdleTaskMemory
                0x08008698       0x18 CMakeFiles/chassis_motor.elf.dir/Middlewares/Third_Party/FreeRTOS/Source/CMSIS_RTOS_V2/cmsis_os2.c.obj
                0x08008698                vApplicationGetIdleTaskMemory
 .text.vApplicationGetTimerTaskMemory
                0x080086b0       0x18 CMakeFiles/chassis_motor.elf.dir/Middlewares/Third_Party/FreeRTOS/Source/CMSIS_RTOS_V2/cmsis_os2.c.obj
                0x080086b0                vApplicationGetTimerTaskMemory
 .text.prvInsertBlockIntoFreeList
                0x080086c8       0x4c CMakeFiles/chassis_motor.elf.dir/Middlewares/Third_Party/FreeRTOS/Source/portable/MemMang/heap_4.c.obj
 .text.pvPortMalloc
                0x08008714      0x128 CMakeFiles/chassis_motor.elf.dir/Middlewares/Third_Party/FreeRTOS/Source/portable/MemMang/heap_4.c.obj
                0x08008714                pvPortMalloc
 .text.vPortFree
                0x0800883c       0x78 CMakeFiles/chassis_motor.elf.dir/Middlewares/Third_Party/FreeRTOS/Source/portable/MemMang/heap_4.c.obj
                0x0800883c                vPortFree
 .text.prvPortStartFirstTask
                0x080088b4       0x28 CMakeFiles/chassis_motor.elf.dir/Middlewares/Third_Party/FreeRTOS/Source/portable/GCC/ARM_CM7/r0p1/port.c.obj
 .text.vPortEnableVFP
                0x080088dc       0x14 CMakeFiles/chassis_motor.elf.dir/Middlewares/Third_Party/FreeRTOS/Source/portable/GCC/ARM_CM7/r0p1/port.c.obj
 .text.prvTaskExitError
                0x080088f0       0x48 CMakeFiles/chassis_motor.elf.dir/Middlewares/Third_Party/FreeRTOS/Source/portable/GCC/ARM_CM7/r0p1/port.c.obj
 .text.pxPortInitialiseStack
                0x08008938       0x24 CMakeFiles/chassis_motor.elf.dir/Middlewares/Third_Party/FreeRTOS/Source/portable/GCC/ARM_CM7/r0p1/port.c.obj
                0x08008938                pxPortInitialiseStack
 *fill*         0x0800895c        0x4 
 .text.SVC_Handler
                0x08008960       0x24 CMakeFiles/chassis_motor.elf.dir/Middlewares/Third_Party/FreeRTOS/Source/portable/GCC/ARM_CM7/r0p1/port.c.obj
                0x08008960                SVC_Handler
 .text.vPortEnterCritical
                0x08008984       0x48 CMakeFiles/chassis_motor.elf.dir/Middlewares/Third_Party/FreeRTOS/Source/portable/GCC/ARM_CM7/r0p1/port.c.obj
                0x08008984                vPortEnterCritical
 .text.vPortExitCritical
                0x080089cc       0x2c CMakeFiles/chassis_motor.elf.dir/Middlewares/Third_Party/FreeRTOS/Source/portable/GCC/ARM_CM7/r0p1/port.c.obj
                0x080089cc                vPortExitCritical
 *fill*         0x080089f8        0x8 
 .text.PendSV_Handler
                0x08008a00       0x64 CMakeFiles/chassis_motor.elf.dir/Middlewares/Third_Party/FreeRTOS/Source/portable/GCC/ARM_CM7/r0p1/port.c.obj
                0x08008a00                PendSV_Handler
 .text.SysTick_Handler
                0x08008a64       0x30 CMakeFiles/chassis_motor.elf.dir/Middlewares/Third_Party/FreeRTOS/Source/portable/GCC/ARM_CM7/r0p1/port.c.obj
                0x08008a64                SysTick_Handler
 .text.vPortSetupTimerInterrupt
                0x08008a94       0x24 CMakeFiles/chassis_motor.elf.dir/Middlewares/Third_Party/FreeRTOS/Source/portable/GCC/ARM_CM7/r0p1/port.c.obj
                0x08008a94                vPortSetupTimerInterrupt
 .text.xPortStartScheduler
                0x08008ab8       0xc4 CMakeFiles/chassis_motor.elf.dir/Middlewares/Third_Party/FreeRTOS/Source/portable/GCC/ARM_CM7/r0p1/port.c.obj
                0x08008ab8                xPortStartScheduler
 .text.vPortValidateInterruptPriority
                0x08008b7c       0x64 CMakeFiles/chassis_motor.elf.dir/Middlewares/Third_Party/FreeRTOS/Source/portable/GCC/ARM_CM7/r0p1/port.c.obj
                0x08008b7c                vPortValidateInterruptPriority
 .text.__udivmoddi4
                0x08008be0      0x2f8 C:/Program Files (x86)/Arm GNU Toolchain arm-none-eabi/14.2 rel1/bin/../lib/gcc/arm-none-eabi/14.2.1/thumb/v7e-m+fp/hard\libgcc.a(_udivmoddi4.o)
                0x08008be0                __udivmoddi4
 .text.sulp     0x08008ed8       0x3c C:/Program Files (x86)/Arm GNU Toolchain arm-none-eabi/14.2 rel1/bin/../lib/gcc/arm-none-eabi/14.2.1/thumb/v7e-m+fp/hard\libg_nano.a(libc_a-strtod.o)
 *fill*         0x08008f14        0x4 
 .text._strtod_l
                0x08008f18      0xbb8 C:/Program Files (x86)/Arm GNU Toolchain arm-none-eabi/14.2 rel1/bin/../lib/gcc/arm-none-eabi/14.2.1/thumb/v7e-m+fp/hard\libg_nano.a(libc_a-strtod.o)
                0x08008f18                _strtod_l
 .text.strtof   0x08009ad0       0xc8 C:/Program Files (x86)/Arm GNU Toolchain arm-none-eabi/14.2 rel1/bin/../lib/gcc/arm-none-eabi/14.2.1/thumb/v7e-m+fp/hard\libg_nano.a(libc_a-strtod.o)
                0x08009ad0                strtof
 .text._strtoul_l.isra.0
                0x08009b98       0xdc C:/Program Files (x86)/Arm GNU Toolchain arm-none-eabi/14.2 rel1/bin/../lib/gcc/arm-none-eabi/14.2.1/thumb/v7e-m+fp/hard\libg_nano.a(libc_a-strtoul.o)
 .text.strtoul  0x08009c74       0x14 C:/Program Files (x86)/Arm GNU Toolchain arm-none-eabi/14.2 rel1/bin/../lib/gcc/arm-none-eabi/14.2.1/thumb/v7e-m+fp/hard\libg_nano.a(libc_a-strtoul.o)
                0x08009c74                strtoul
 .text.std      0x08009c88       0x6c C:/Program Files (x86)/Arm GNU Toolchain arm-none-eabi/14.2 rel1/bin/../lib/gcc/arm-none-eabi/14.2.1/thumb/v7e-m+fp/hard\libg_nano.a(libc_a-findfp.o)
 .text.stdio_exit_handler
                0x08009cf4       0x18 C:/Program Files (x86)/Arm GNU Toolchain arm-none-eabi/14.2 rel1/bin/../lib/gcc/arm-none-eabi/14.2.1/thumb/v7e-m+fp/hard\libg_nano.a(libc_a-findfp.o)
 .text.cleanup_stdio
                0x08009d0c       0x40 C:/Program Files (x86)/Arm GNU Toolchain arm-none-eabi/14.2 rel1/bin/../lib/gcc/arm-none-eabi/14.2.1/thumb/v7e-m+fp/hard\libg_nano.a(libc_a-findfp.o)
 .text.global_stdio_init.part.0
                0x08009d4c       0x40 C:/Program Files (x86)/Arm GNU Toolchain arm-none-eabi/14.2 rel1/bin/../lib/gcc/arm-none-eabi/14.2.1/thumb/v7e-m+fp/hard\libg_nano.a(libc_a-findfp.o)
 .text.__sfp_lock_acquire
                0x08009d8c        0xc C:/Program Files (x86)/Arm GNU Toolchain arm-none-eabi/14.2 rel1/bin/../lib/gcc/arm-none-eabi/14.2.1/thumb/v7e-m+fp/hard\libg_nano.a(libc_a-findfp.o)
                0x08009d8c                __sfp_lock_acquire
 .text.__sfp_lock_release
                0x08009d98        0xc C:/Program Files (x86)/Arm GNU Toolchain arm-none-eabi/14.2 rel1/bin/../lib/gcc/arm-none-eabi/14.2.1/thumb/v7e-m+fp/hard\libg_nano.a(libc_a-findfp.o)
                0x08009d98                __sfp_lock_release
 .text.__sinit  0x08009da4       0x30 C:/Program Files (x86)/Arm GNU Toolchain arm-none-eabi/14.2 rel1/bin/../lib/gcc/arm-none-eabi/14.2.1/thumb/v7e-m+fp/hard\libg_nano.a(libc_a-findfp.o)
                0x08009da4                __sinit
 .text._fwalk_sglue
                0x08009dd4       0x3c C:/Program Files (x86)/Arm GNU Toolchain arm-none-eabi/14.2 rel1/bin/../lib/gcc/arm-none-eabi/14.2.1/thumb/v7e-m+fp/hard\libg_nano.a(libc_a-fwalk.o)
                0x08009dd4                _fwalk_sglue
 .text.snprintf
                0x08009e10       0x6c C:/Program Files (x86)/Arm GNU Toolchain arm-none-eabi/14.2 rel1/bin/../lib/gcc/arm-none-eabi/14.2.1/thumb/v7e-m+fp/hard\libg_nano.a(libc_a-snprintf.o)
                0x08009e10                sniprintf
                0x08009e10                snprintf
 .text.__sread  0x08009e7c       0x22 C:/Program Files (x86)/Arm GNU Toolchain arm-none-eabi/14.2 rel1/bin/../lib/gcc/arm-none-eabi/14.2.1/thumb/v7e-m+fp/hard\libg_nano.a(libc_a-stdio.o)
                0x08009e7c                __sread
 .text.__swrite
                0x08009e9e       0x38 C:/Program Files (x86)/Arm GNU Toolchain arm-none-eabi/14.2 rel1/bin/../lib/gcc/arm-none-eabi/14.2.1/thumb/v7e-m+fp/hard\libg_nano.a(libc_a-stdio.o)
                0x08009e9e                __swrite
 .text.__sseek  0x08009ed6       0x26 C:/Program Files (x86)/Arm GNU Toolchain arm-none-eabi/14.2 rel1/bin/../lib/gcc/arm-none-eabi/14.2.1/thumb/v7e-m+fp/hard\libg_nano.a(libc_a-stdio.o)
                0x08009ed6                __sseek
 .text.__sclose
                0x08009efc        0x8 C:/Program Files (x86)/Arm GNU Toolchain arm-none-eabi/14.2 rel1/bin/../lib/gcc/arm-none-eabi/14.2.1/thumb/v7e-m+fp/hard\libg_nano.a(libc_a-stdio.o)
                0x08009efc                __sclose
 .text.memset   0x08009f04       0x10 C:/Program Files (x86)/Arm GNU Toolchain arm-none-eabi/14.2 rel1/bin/../lib/gcc/arm-none-eabi/14.2.1/thumb/v7e-m+fp/hard\libg_nano.a(libc_a-memset.o)
                0x08009f04                memset
 .text.strncmp  0x08009f14       0x24 C:/Program Files (x86)/Arm GNU Toolchain arm-none-eabi/14.2 rel1/bin/../lib/gcc/arm-none-eabi/14.2.1/thumb/v7e-m+fp/hard\libg_nano.a(libc_a-strncmp.o)
                0x08009f14                strncmp
 .text.strtok   0x08009f38       0x68 C:/Program Files (x86)/Arm GNU Toolchain arm-none-eabi/14.2 rel1/bin/../lib/gcc/arm-none-eabi/14.2.1/thumb/v7e-m+fp/hard\libg_nano.a(libc_a-strtok.o)
                0x08009f38                strtok
 .text.__strtok_r
                0x08009fa0       0x50 C:/Program Files (x86)/Arm GNU Toolchain arm-none-eabi/14.2 rel1/bin/../lib/gcc/arm-none-eabi/14.2.1/thumb/v7e-m+fp/hard\libg_nano.a(libc_a-strtok_r.o)
                0x08009fa0                __strtok_r
 .text._close_r
                0x08009ff0       0x20 C:/Program Files (x86)/Arm GNU Toolchain arm-none-eabi/14.2 rel1/bin/../lib/gcc/arm-none-eabi/14.2.1/thumb/v7e-m+fp/hard\libg_nano.a(libc_a-closer.o)
                0x08009ff0                _close_r
 .text._lseek_r
                0x0800a010       0x24 C:/Program Files (x86)/Arm GNU Toolchain arm-none-eabi/14.2 rel1/bin/../lib/gcc/arm-none-eabi/14.2.1/thumb/v7e-m+fp/hard\libg_nano.a(libc_a-lseekr.o)
                0x0800a010                _lseek_r
 .text._read_r  0x0800a034       0x24 C:/Program Files (x86)/Arm GNU Toolchain arm-none-eabi/14.2 rel1/bin/../lib/gcc/arm-none-eabi/14.2.1/thumb/v7e-m+fp/hard\libg_nano.a(libc_a-readr.o)
                0x0800a034                _read_r
 .text._write_r
                0x0800a058       0x24 C:/Program Files (x86)/Arm GNU Toolchain arm-none-eabi/14.2 rel1/bin/../lib/gcc/arm-none-eabi/14.2.1/thumb/v7e-m+fp/hard\libg_nano.a(libc_a-writer.o)
                0x0800a058                _write_r
 .text.__errno  0x0800a07c        0xc C:/Program Files (x86)/Arm GNU Toolchain arm-none-eabi/14.2 rel1/bin/../lib/gcc/arm-none-eabi/14.2.1/thumb/v7e-m+fp/hard\libg_nano.a(libc_a-errno.o)
                0x0800a07c                __errno
 .text.__libc_init_array
                0x0800a088       0x48 C:/Program Files (x86)/Arm GNU Toolchain arm-none-eabi/14.2 rel1/bin/../lib/gcc/arm-none-eabi/14.2.1/thumb/v7e-m+fp/hard\libg_nano.a(libc_a-init.o)
                0x0800a088                __libc_init_array
 .text.__retarget_lock_init_recursive
                0x0800a0d0        0x2 C:/Program Files (x86)/Arm GNU Toolchain arm-none-eabi/14.2 rel1/bin/../lib/gcc/arm-none-eabi/14.2.1/thumb/v7e-m+fp/hard\libg_nano.a(libc_a-lock.o)
                0x0800a0d0                __retarget_lock_init_recursive
 .text.__retarget_lock_acquire_recursive
                0x0800a0d2        0x2 C:/Program Files (x86)/Arm GNU Toolchain arm-none-eabi/14.2 rel1/bin/../lib/gcc/arm-none-eabi/14.2.1/thumb/v7e-m+fp/hard\libg_nano.a(libc_a-lock.o)
                0x0800a0d2                __retarget_lock_acquire_recursive
 .text.__retarget_lock_release_recursive
                0x0800a0d4        0x2 C:/Program Files (x86)/Arm GNU Toolchain arm-none-eabi/14.2 rel1/bin/../lib/gcc/arm-none-eabi/14.2.1/thumb/v7e-m+fp/hard\libg_nano.a(libc_a-lock.o)
                0x0800a0d4                __retarget_lock_release_recursive
 .text.memcpy   0x0800a0d6       0x1c C:/Program Files (x86)/Arm GNU Toolchain arm-none-eabi/14.2 rel1/bin/../lib/gcc/arm-none-eabi/14.2.1/thumb/v7e-m+fp/hard\libg_nano.a(libc_a-memcpy-stub.o)
                0x0800a0d6                memcpy
 *fill*         0x0800a0f2        0x6 
 .text.nan      0x0800a0f8       0x10 C:/Program Files (x86)/Arm GNU Toolchain arm-none-eabi/14.2 rel1/bin/../lib/gcc/arm-none-eabi/14.2.1/thumb/v7e-m+fp/hard\libg_nano.a(libm_a-s_nan.o)
                0x0800a0f8                nan
 .text.nanf     0x0800a108        0xc C:/Program Files (x86)/Arm GNU Toolchain arm-none-eabi/14.2 rel1/bin/../lib/gcc/arm-none-eabi/14.2.1/thumb/v7e-m+fp/hard\libg_nano.a(libm_a-sf_nan.o)
                0x0800a108                nanf
 .text.__assert_func
                0x0800a114       0x3c C:/Program Files (x86)/Arm GNU Toolchain arm-none-eabi/14.2 rel1/bin/../lib/gcc/arm-none-eabi/14.2.1/thumb/v7e-m+fp/hard\libg_nano.a(libc_a-assert.o)
                0x0800a114                __assert_func
 .text._free_r  0x0800a150       0x94 C:/Program Files (x86)/Arm GNU Toolchain arm-none-eabi/14.2 rel1/bin/../lib/gcc/arm-none-eabi/14.2.1/thumb/v7e-m+fp/hard\libg_nano.a(libc_a-freer.o)
                0x0800a150                _free_r
 .text.rshift   0x0800a1e4       0xa4 C:/Program Files (x86)/Arm GNU Toolchain arm-none-eabi/14.2 rel1/bin/../lib/gcc/arm-none-eabi/14.2.1/thumb/v7e-m+fp/hard\libg_nano.a(libc_a-gdtoa-gethex.o)
 .text.__hexdig_fun
                0x0800a288       0x2a C:/Program Files (x86)/Arm GNU Toolchain arm-none-eabi/14.2 rel1/bin/../lib/gcc/arm-none-eabi/14.2.1/thumb/v7e-m+fp/hard\libg_nano.a(libc_a-gdtoa-gethex.o)
                0x0800a288                __hexdig_fun
 *fill*         0x0800a2b2        0x2 
 .text.__gethex
                0x0800a2b4      0x420 C:/Program Files (x86)/Arm GNU Toolchain arm-none-eabi/14.2 rel1/bin/../lib/gcc/arm-none-eabi/14.2.1/thumb/v7e-m+fp/hard\libg_nano.a(libc_a-gdtoa-gethex.o)
                0x0800a2b4                __gethex
 .text.L_shift  0x0800a6d4       0x24 C:/Program Files (x86)/Arm GNU Toolchain arm-none-eabi/14.2 rel1/bin/../lib/gcc/arm-none-eabi/14.2.1/thumb/v7e-m+fp/hard\libg_nano.a(libc_a-gdtoa-hexnan.o)
 .text.__match  0x0800a6f8       0x28 C:/Program Files (x86)/Arm GNU Toolchain arm-none-eabi/14.2 rel1/bin/../lib/gcc/arm-none-eabi/14.2.1/thumb/v7e-m+fp/hard\libg_nano.a(libc_a-gdtoa-hexnan.o)
                0x0800a6f8                __match
 .text.__hexnan
                0x0800a720      0x13a C:/Program Files (x86)/Arm GNU Toolchain arm-none-eabi/14.2 rel1/bin/../lib/gcc/arm-none-eabi/14.2.1/thumb/v7e-m+fp/hard\libg_nano.a(libc_a-gdtoa-hexnan.o)
                0x0800a720                __hexnan
 *fill*         0x0800a85a        0x2 
 .text.malloc   0x0800a85c       0x10 C:/Program Files (x86)/Arm GNU Toolchain arm-none-eabi/14.2 rel1/bin/../lib/gcc/arm-none-eabi/14.2.1/thumb/v7e-m+fp/hard\libg_nano.a(libc_a-malloc.o)
                0x0800a85c                malloc
 .text.sbrk_aligned
                0x0800a86c       0x44 C:/Program Files (x86)/Arm GNU Toolchain arm-none-eabi/14.2 rel1/bin/../lib/gcc/arm-none-eabi/14.2.1/thumb/v7e-m+fp/hard\libg_nano.a(libc_a-mallocr.o)
 .text._malloc_r
                0x0800a8b0      0x100 C:/Program Files (x86)/Arm GNU Toolchain arm-none-eabi/14.2 rel1/bin/../lib/gcc/arm-none-eabi/14.2.1/thumb/v7e-m+fp/hard\libg_nano.a(libc_a-mallocr.o)
                0x0800a8b0                _malloc_r
 .text.__ascii_mbtowc
                0x0800a9b0       0x24 C:/Program Files (x86)/Arm GNU Toolchain arm-none-eabi/14.2 rel1/bin/../lib/gcc/arm-none-eabi/14.2.1/thumb/v7e-m+fp/hard\libg_nano.a(libc_a-mbtowc_r.o)
                0x0800a9b0                __ascii_mbtowc
 .text.__malloc_lock
                0x0800a9d4        0xc C:/Program Files (x86)/Arm GNU Toolchain arm-none-eabi/14.2 rel1/bin/../lib/gcc/arm-none-eabi/14.2.1/thumb/v7e-m+fp/hard\libg_nano.a(libc_a-mlock.o)
                0x0800a9d4                __malloc_lock
 .text.__malloc_unlock
                0x0800a9e0        0xc C:/Program Files (x86)/Arm GNU Toolchain arm-none-eabi/14.2 rel1/bin/../lib/gcc/arm-none-eabi/14.2.1/thumb/v7e-m+fp/hard\libg_nano.a(libc_a-mlock.o)
                0x0800a9e0                __malloc_unlock
 .text._Balloc  0x0800a9ec       0x7c C:/Program Files (x86)/Arm GNU Toolchain arm-none-eabi/14.2 rel1/bin/../lib/gcc/arm-none-eabi/14.2.1/thumb/v7e-m+fp/hard\libg_nano.a(libc_a-mprec.o)
                0x0800a9ec                _Balloc
 .text._Bfree   0x0800aa68       0x44 C:/Program Files (x86)/Arm GNU Toolchain arm-none-eabi/14.2 rel1/bin/../lib/gcc/arm-none-eabi/14.2.1/thumb/v7e-m+fp/hard\libg_nano.a(libc_a-mprec.o)
                0x0800aa68                _Bfree
 .text.__multadd
                0x0800aaac       0x8c C:/Program Files (x86)/Arm GNU Toolchain arm-none-eabi/14.2 rel1/bin/../lib/gcc/arm-none-eabi/14.2.1/thumb/v7e-m+fp/hard\libg_nano.a(libc_a-mprec.o)
                0x0800aaac                __multadd
 .text.__s2b    0x0800ab38       0x94 C:/Program Files (x86)/Arm GNU Toolchain arm-none-eabi/14.2 rel1/bin/../lib/gcc/arm-none-eabi/14.2.1/thumb/v7e-m+fp/hard\libg_nano.a(libc_a-mprec.o)
                0x0800ab38                __s2b
 .text.__hi0bits
                0x0800abcc       0x3e C:/Program Files (x86)/Arm GNU Toolchain arm-none-eabi/14.2 rel1/bin/../lib/gcc/arm-none-eabi/14.2.1/thumb/v7e-m+fp/hard\libg_nano.a(libc_a-mprec.o)
                0x0800abcc                __hi0bits
 .text.__lo0bits
                0x0800ac0a       0x5a C:/Program Files (x86)/Arm GNU Toolchain arm-none-eabi/14.2 rel1/bin/../lib/gcc/arm-none-eabi/14.2.1/thumb/v7e-m+fp/hard\libg_nano.a(libc_a-mprec.o)
                0x0800ac0a                __lo0bits
 .text.__i2b    0x0800ac64       0x2c C:/Program Files (x86)/Arm GNU Toolchain arm-none-eabi/14.2 rel1/bin/../lib/gcc/arm-none-eabi/14.2.1/thumb/v7e-m+fp/hard\libg_nano.a(libc_a-mprec.o)
                0x0800ac64                __i2b
 .text.__multiply
                0x0800ac90      0x154 C:/Program Files (x86)/Arm GNU Toolchain arm-none-eabi/14.2 rel1/bin/../lib/gcc/arm-none-eabi/14.2.1/thumb/v7e-m+fp/hard\libg_nano.a(libc_a-mprec.o)
                0x0800ac90                __multiply
 .text.__pow5mult
                0x0800ade4       0xb8 C:/Program Files (x86)/Arm GNU Toolchain arm-none-eabi/14.2 rel1/bin/../lib/gcc/arm-none-eabi/14.2.1/thumb/v7e-m+fp/hard\libg_nano.a(libc_a-mprec.o)
                0x0800ade4                __pow5mult
 .text.__lshift
                0x0800ae9c       0xdc C:/Program Files (x86)/Arm GNU Toolchain arm-none-eabi/14.2 rel1/bin/../lib/gcc/arm-none-eabi/14.2.1/thumb/v7e-m+fp/hard\libg_nano.a(libc_a-mprec.o)
                0x0800ae9c                __lshift
 .text.__mcmp   0x0800af78       0x36 C:/Program Files (x86)/Arm GNU Toolchain arm-none-eabi/14.2 rel1/bin/../lib/gcc/arm-none-eabi/14.2.1/thumb/v7e-m+fp/hard\libg_nano.a(libc_a-mprec.o)
                0x0800af78                __mcmp
 *fill*         0x0800afae        0x2 
 .text.__mdiff  0x0800afb0      0x130 C:/Program Files (x86)/Arm GNU Toolchain arm-none-eabi/14.2 rel1/bin/../lib/gcc/arm-none-eabi/14.2.1/thumb/v7e-m+fp/hard\libg_nano.a(libc_a-mprec.o)
                0x0800afb0                __mdiff
 .text.__ulp    0x0800b0e0       0x4c C:/Program Files (x86)/Arm GNU Toolchain arm-none-eabi/14.2 rel1/bin/../lib/gcc/arm-none-eabi/14.2.1/thumb/v7e-m+fp/hard\libg_nano.a(libc_a-mprec.o)
                0x0800b0e0                __ulp
 .text.__b2d    0x0800b12c       0x94 C:/Program Files (x86)/Arm GNU Toolchain arm-none-eabi/14.2 rel1/bin/../lib/gcc/arm-none-eabi/14.2.1/thumb/v7e-m+fp/hard\libg_nano.a(libc_a-mprec.o)
                0x0800b12c                __b2d
 .text.__d2b    0x0800b1c0       0xb0 C:/Program Files (x86)/Arm GNU Toolchain arm-none-eabi/14.2 rel1/bin/../lib/gcc/arm-none-eabi/14.2.1/thumb/v7e-m+fp/hard\libg_nano.a(libc_a-mprec.o)
                0x0800b1c0                __d2b
 .text.__ratio  0x0800b270       0x64 C:/Program Files (x86)/Arm GNU Toolchain arm-none-eabi/14.2 rel1/bin/../lib/gcc/arm-none-eabi/14.2.1/thumb/v7e-m+fp/hard\libg_nano.a(libc_a-mprec.o)
                0x0800b270                __ratio
 .text.__copybits
                0x0800b2d4       0x46 C:/Program Files (x86)/Arm GNU Toolchain arm-none-eabi/14.2 rel1/bin/../lib/gcc/arm-none-eabi/14.2.1/thumb/v7e-m+fp/hard\libg_nano.a(libc_a-mprec.o)
                0x0800b2d4                __copybits
 .text.__any_on
                0x0800b31a       0x42 C:/Program Files (x86)/Arm GNU Toolchain arm-none-eabi/14.2 rel1/bin/../lib/gcc/arm-none-eabi/14.2.1/thumb/v7e-m+fp/hard\libg_nano.a(libc_a-mprec.o)
                0x0800b31a                __any_on
 .text.__ascii_wctomb
                0x0800b35c       0x1a C:/Program Files (x86)/Arm GNU Toolchain arm-none-eabi/14.2 rel1/bin/../lib/gcc/arm-none-eabi/14.2.1/thumb/v7e-m+fp/hard\libg_nano.a(libc_a-wctomb_r.o)
                0x0800b35c                __ascii_wctomb
 .text.__ssputs_r
                0x0800b376       0xc0 C:/Program Files (x86)/Arm GNU Toolchain arm-none-eabi/14.2 rel1/bin/../lib/gcc/arm-none-eabi/14.2.1/thumb/v7e-m+fp/hard\libg_nano.a(libc_a-nano-svfprintf.o)
                0x0800b376                __ssputs_r
 *fill*         0x0800b436        0x2 
 .text._svfprintf_r
                0x0800b438      0x1f8 C:/Program Files (x86)/Arm GNU Toolchain arm-none-eabi/14.2 rel1/bin/../lib/gcc/arm-none-eabi/14.2.1/thumb/v7e-m+fp/hard\libg_nano.a(libc_a-nano-svfprintf.o)
                0x0800b438                _svfiprintf_r
                0x0800b438                _svfprintf_r
 .text._printf_common
                0x0800b630       0xda C:/Program Files (x86)/Arm GNU Toolchain arm-none-eabi/14.2 rel1/bin/../lib/gcc/arm-none-eabi/14.2.1/thumb/v7e-m+fp/hard\libg_nano.a(libc_a-nano-vfprintf_i.o)
                0x0800b630                _printf_common
 *fill*         0x0800b70a        0x2 
 .text._printf_i
                0x0800b70c      0x240 C:/Program Files (x86)/Arm GNU Toolchain arm-none-eabi/14.2 rel1/bin/../lib/gcc/arm-none-eabi/14.2.1/thumb/v7e-m+fp/hard\libg_nano.a(libc_a-nano-vfprintf_i.o)
                0x0800b70c                _printf_i
 .text.__sflush_r
                0x0800b94c      0x104 C:/Program Files (x86)/Arm GNU Toolchain arm-none-eabi/14.2 rel1/bin/../lib/gcc/arm-none-eabi/14.2.1/thumb/v7e-m+fp/hard\libg_nano.a(libc_a-fflush.o)
                0x0800b94c                __sflush_r
 .text._fflush_r
                0x0800ba50       0x50 C:/Program Files (x86)/Arm GNU Toolchain arm-none-eabi/14.2 rel1/bin/../lib/gcc/arm-none-eabi/14.2.1/thumb/v7e-m+fp/hard\libg_nano.a(libc_a-fflush.o)
                0x0800ba50                _fflush_r
 .text.fprintf  0x0800baa0       0x24 C:/Program Files (x86)/Arm GNU Toolchain arm-none-eabi/14.2 rel1/bin/../lib/gcc/arm-none-eabi/14.2.1/thumb/v7e-m+fp/hard\libg_nano.a(libc_a-fprintf.o)
                0x0800baa0                fiprintf
                0x0800baa0                fprintf
 .text.memmove  0x0800bac4       0x32 C:/Program Files (x86)/Arm GNU Toolchain arm-none-eabi/14.2 rel1/bin/../lib/gcc/arm-none-eabi/14.2.1/thumb/v7e-m+fp/hard\libg_nano.a(libc_a-memmove.o)
                0x0800bac4                memmove
 *fill*         0x0800baf6        0x2 
 .text._sbrk_r  0x0800baf8       0x20 C:/Program Files (x86)/Arm GNU Toolchain arm-none-eabi/14.2 rel1/bin/../lib/gcc/arm-none-eabi/14.2.1/thumb/v7e-m+fp/hard\libg_nano.a(libc_a-sbrkr.o)
                0x0800baf8                _sbrk_r
 .text.abort    0x0800bb18        0xe C:/Program Files (x86)/Arm GNU Toolchain arm-none-eabi/14.2 rel1/bin/../lib/gcc/arm-none-eabi/14.2.1/thumb/v7e-m+fp/hard\libg_nano.a(libc_a-abort.o)
                0x0800bb18                abort
 .text._calloc_r
                0x0800bb26       0x28 C:/Program Files (x86)/Arm GNU Toolchain arm-none-eabi/14.2 rel1/bin/../lib/gcc/arm-none-eabi/14.2.1/thumb/v7e-m+fp/hard\libg_nano.a(libc_a-callocr.o)
                0x0800bb26                _calloc_r
 .text._realloc_r
                0x0800bb4e       0x5c C:/Program Files (x86)/Arm GNU Toolchain arm-none-eabi/14.2 rel1/bin/../lib/gcc/arm-none-eabi/14.2.1/thumb/v7e-m+fp/hard\libg_nano.a(libc_a-reallocr.o)
                0x0800bb4e                _realloc_r
 .text.__sfputc_r
                0x0800bbaa       0x2e C:/Program Files (x86)/Arm GNU Toolchain arm-none-eabi/14.2 rel1/bin/../lib/gcc/arm-none-eabi/14.2.1/thumb/v7e-m+fp/hard\libg_nano.a(libc_a-nano-vfprintf.o)
 .text.__sfputs_r
                0x0800bbd8       0x24 C:/Program Files (x86)/Arm GNU Toolchain arm-none-eabi/14.2 rel1/bin/../lib/gcc/arm-none-eabi/14.2.1/thumb/v7e-m+fp/hard\libg_nano.a(libc_a-nano-vfprintf.o)
                0x0800bbd8                __sfputs_r
 .text._vfprintf_r
                0x0800bbfc      0x230 C:/Program Files (x86)/Arm GNU Toolchain arm-none-eabi/14.2 rel1/bin/../lib/gcc/arm-none-eabi/14.2.1/thumb/v7e-m+fp/hard\libg_nano.a(libc_a-nano-vfprintf.o)
                0x0800bbfc                _vfprintf_r
                0x0800bbfc                _vfiprintf_r
 .text.__swbuf_r
                0x0800be2c       0x7c C:/Program Files (x86)/Arm GNU Toolchain arm-none-eabi/14.2 rel1/bin/../lib/gcc/arm-none-eabi/14.2.1/thumb/v7e-m+fp/hard\libg_nano.a(libc_a-wbuf.o)
                0x0800be2c                __swbuf_r
 .text.__swsetup_r
                0x0800bea8       0xa8 C:/Program Files (x86)/Arm GNU Toolchain arm-none-eabi/14.2 rel1/bin/../lib/gcc/arm-none-eabi/14.2.1/thumb/v7e-m+fp/hard\libg_nano.a(libc_a-wsetup.o)
                0x0800bea8                __swsetup_r
 .text._raise_r
                0x0800bf50       0x50 C:/Program Files (x86)/Arm GNU Toolchain arm-none-eabi/14.2 rel1/bin/../lib/gcc/arm-none-eabi/14.2.1/thumb/v7e-m+fp/hard\libg_nano.a(libc_a-signal.o)
                0x0800bf50                _raise_r
 .text.raise    0x0800bfa0       0x10 C:/Program Files (x86)/Arm GNU Toolchain arm-none-eabi/14.2 rel1/bin/../lib/gcc/arm-none-eabi/14.2.1/thumb/v7e-m+fp/hard\libg_nano.a(libc_a-signal.o)